codigofuente-pub_sub-1             | 172.22.0.22 - - [03/Apr/2023:19:44:35 +0000] "POST /subscription/v1/catalogs/3a7af1940b306dfb718c967187b7ecc8d68ac1149438356ce64a24c03bba88e5/files/upload HTTP/1.1" 201 211 "-" "-"
codigofuente-pub_sub-1             | 172.22.0.22 - - [03/Apr/2023:19:44:35 +0000] "POST /subscription/v1/catalogs/3a7af1940b306dfb718c967187b7ecc8d68ac1149438356ce64a24c03bba88e5/files/upload HTTP/1.1" 201 211 "-" "-"
codigofuente-pub_sub-1             | 172.22.0.22 - - [03/Apr/2023:19:44:35 +0000] "POST /subscription/v1/catalogs/3a7af1940b306dfb718c967187b7ecc8d68ac1149438356ce64a24c03bba88e5/files/upload HTTP/1.1" 201 211 "-" "-"
codigofuente-metadata-1            | 10.81.234.2 - - [03/Apr/2023:19:44:33 +0000] "GET //stats_d.php?tokenuser=7eada11a812eff429cb203bdaa5ac4ac9ff6bc52b7c850a7b0717782ce926530&sizefile=787240&chunks=1&keyfile=00a474b5033613839a8dfc0aa78d23e1ddea381c&organization=TESTORG&SYNC=19&UPLOAD_PRIVATE_KEY=1&CRYPT_KEY_GENERATION=1&CRYPT_READ=0&CRYPT_CIPHER=2&CRYPT_WRITE=0&CRYPT_SIGN=1&CRYPT_CPABE-CRYPT=52&CRYPT_ADD_PACKAGE=0&TAR_AND_CIPHER=85&UPLOAD_TIME=7&DELIVERY=92&PUBLISH_IN_CATALOG=17&UPLOAD_COMPLETED=181 HTTP/1.1" 200 265 "-" "Java/18.0.2-ea"
codigofuente-storage4-1            | 10.81.234.2 - - [03/Apr/2023:19:45:03 +0000] "POST /upload.php?file=abekeys/b5e64e4653f97b89fa57bbdb700a2eb5ea4681b3&tokenuser=7eada11a812eff429cb203bdaa5ac4ac9ff6bc52b7c850a7b0717782ce926530 HTTP/1.1" 200 228 "-" "Java/18.0.2-ea"
codigofuente-storage4-1            | 10.81.234.2 - - [03/Apr/2023:19:45:03 +0000] "POST /upload.php?file=abekeys/536918e563040f1d10c77a06d03e5663a5b66625&tokenuser=7eada11a812eff429cb203bdaa5ac4ac9ff6bc52b7c850a7b0717782ce926530 HTTP/1.1" 200 228 "-" "Java/18.0.2-ea"
codigofuente-storage4-1            | 10.81.234.2 - - [03/Apr/2023:19:45:03 +0000] "POST /upload.php?file=abekeys/4b3ee2f7a4188e5260ea3d37c2203afeb8f7a2c1&tokenuser=7eada11a812eff429cb203bdaa5ac4ac9ff6bc52b7c850a7b0717782ce926530 HTTP/1.1" 200 228 "-" "Java/18.0.2-ea"
codigofuente-storage4-1            | 10.81.234.2 - - [03/Apr/2023:19:45:03 +0000] "POST /upload.php?file=c/4b3ee2f7a4188e5260ea3d37c2203afeb8f7a2c1&operationId=642b2cbfb32c46.36228593&tokenuser=7eada11a812eff429cb203bdaa5ac4ac9ff6bc52b7c850a7b0717782ce926530 HTTP/1.1" 200 299 "-" "Java/18.0.2-ea"
codigofuente-storage4-1            | 10.81.234.2 - - [03/Apr/2023:19:45:03 +0000] "POST /upload.php?file=abekeys/481132f591fb096332074c52a5b78a274886a23f&tokenuser=7eada11a812eff429cb203bdaa5ac4ac9ff6bc52b7c850a7b0717782ce926530 HTTP/1.1" 200 228 "-" "Java/18.0.2-ea"
codigofuente-storage4-1            | 10.81.234.2 - - [03/Apr/2023:19:45:04 +0000] "POST /upload.php?file=c/ddbfeef21bae56ab6d858032a6944ddb6d80db80&operationId=642b2cc01097c6.82013921&tokenuser=7eada11a812eff429cb203bdaa5ac4ac9ff6bc52b7c850a7b0717782ce926530 HTTP/1.1" 200 300 "-" "Java/18.0.2-ea"
codigofuente-storage4-1            | 10.81.234.2 - - [03/Apr/2023:19:45:04 +0000] "POST /upload.php?file=abekeys/45c908fc661185c29129d6f2d1b69978100492c7&tokenuser=7eada11a812eff429cb203bdaa5ac4ac9ff6bc52b7c850a7b0717782ce926530 HTTP/1.1" 200 228 "-" "Java/18.0.2-ea"
codigofuente-storage4-1            | 10.81.234.2 - - [03/Apr/2023:19:45:04 +0000] "POST /upload.php?file=c/c4c1e4fa360cae37c72dd9d7c30370a1dd36e7a6&operationId=642b2cc04e2e89.85700627&tokenuser=7eada11a812eff429cb203bdaa5ac4ac9ff6bc52b7c850a7b0717782ce926530 HTTP/1.1" 200 300 "-" "Java/18.0.2-ea"
codigofuente-storage1-1            | 10.81.234.2 - - [03/Apr/2023:19:44:49 +0000] "POST /upload.php?file=c/8bf33820412a8b187ac80b3457f7797ab22e1d24&operationId=642b2cb1a04f02.06800577&tokenuser=7eada11a812eff429cb203bdaa5ac4ac9ff6bc52b7c850a7b0717782ce926530 HTTP/1.1" 200 299 "-" "Java/18.0.2-ea"
codigofuente-storage4-1            | 10.81.234.2 - - [03/Apr/2023:19:45:04 +0000] "POST /upload.php?file=abekeys/af70ee1ece5f09e24d8bbc149ac2ee2c6950069c&tokenuser=7eada11a812eff429cb203bdaa5ac4ac9ff6bc52b7c850a7b0717782ce926530 HTTP/1.1" 200 228 "-" "Java/18.0.2-ea"
codigofuente-pub_sub-1             | 172.22.0.22 - - [03/Apr/2023:19:44:35 +0000] "POST /subscription/v1/catalogs/3a7af1940b306dfb718c967187b7ecc8d68ac1149438356ce64a24c03bba88e5/files/upload HTTP/1.1" 201 211 "-" "-"
codigofuente-storage4-1            | 10.81.234.2 - - [03/Apr/2023:19:45:04 +0000] "POST /upload.php?file=c/919aa41e85ea5714dc27dfaa351fee80f9e13311&operationId=642b2cc0b7a123.34840645&tokenuser=7eada11a812eff429cb203bdaa5ac4ac9ff6bc52b7c850a7b0717782ce926530 HTTP/1.1" 200 300 "-" "Java/18.0.2-ea"
codigofuente-pub_sub-1             | 172.22.0.21 - - [03/Apr/2023:19:44:35 +0000] "GET /subscription/v1/catalogs/3a7af1940b306dfb718c967187b7ecc8d68ac1149438356ce64a24c03bba88e5 HTTP/1.1" 200 630 "-" "-"
codigofuente-storage4-1            | 10.81.234.2 - - [03/Apr/2023:19:45:04 +0000] "POST /upload.php?file=c/94b27640a3e666fb6c3ac70cad2adf9f58370e3b&operationId=642b2cc0b7ac35.52457275&tokenuser=7eada11a812eff429cb203bdaa5ac4ac9ff6bc52b7c850a7b0717782ce926530 HTTP/1.1" 200 299 "-" "Java/18.0.2-ea"
codigofuente-pub_sub-1             | 172.22.0.21 - - [03/Apr/2023:19:44:35 +0000] "GET /subscription/v1/catalogs/3a7af1940b306dfb718c967187b7ecc8d68ac1149438356ce64a24c03bba88e5 HTTP/1.1" 200 630 "-" "-"
codigofuente-storage4-1            | 10.81.234.2 - - [03/Apr/2023:19:45:04 +0000] "POST /upload.php?file=abekeys/b14fe08bdc4c301e8a8180476791598f1c6fc2a4&tokenuser=7eada11a812eff429cb203bdaa5ac4ac9ff6bc52b7c850a7b0717782ce926530 HTTP/1.1" 200 228 "-" "Java/18.0.2-ea"
codigofuente-auth-1                | 172.22.0.21 - - [03/Apr/2023:19:44:44 +0000] "GET /auth/v1/users?access_token=7eada11a812eff429cb203bdaa5ac4ac9ff6bc52b7c850a7b0717782ce926530 HTTP/1.1" 406 213 "-" "-"
codigofuente-storage4-1            | 10.81.234.2 - - [03/Apr/2023:19:45:05 +0000] "POST /upload.php?file=abekeys/e29da010ab4cd07af1bd801f840aa184aeb25d1d&tokenuser=7eada11a812eff429cb203bdaa5ac4ac9ff6bc52b7c850a7b0717782ce926530 HTTP/1.1" 200 228 "-" "Java/18.0.2-ea"
codigofuente-auth-1                | 172.22.0.21 - - [03/Apr/2023:19:44:44 +0000] "GET /auth/v1/users?access_token=7eada11a812eff429cb203bdaa5ac4ac9ff6bc52b7c850a7b0717782ce926530 HTTP/1.1" 406 213 "-" "-"
codigofuente-storage4-1            | 10.81.234.2 - - [03/Apr/2023:19:45:05 +0000] "POST /upload.php?file=abekeys/00107fb7657b4285dfe01e9eb0d5003e52b0b1f2&tokenuser=7eada11a812eff429cb203bdaa5ac4ac9ff6bc52b7c850a7b0717782ce926530 HTTP/1.1" 200 228 "-" "Java/18.0.2-ea"
codigofuente-storage4-1            | 10.81.234.2 - - [03/Apr/2023:19:45:05 +0000] "POST /upload.php?file=c/253bee7b880ece3c7de029b8713541f6eed46348&operationId=642b2cc147c990.77854491&tokenuser=7eada11a812eff429cb203bdaa5ac4ac9ff6bc52b7c850a7b0717782ce926530 HTTP/1.1" 200 299 "-" "Java/18.0.2-ea"
codigofuente-storage4-1            | 10.81.234.2 - - [03/Apr/2023:19:45:05 +0000] "POST /upload.php?file=c/0f694ef5fef0a0718b80eac83dea0f2b8ab5ba2a&operationId=642b2cc19691a1.74031439&tokenuser=7eada11a812eff429cb203bdaa5ac4ac9ff6bc52b7c850a7b0717782ce926530 HTTP/1.1" 200 300 "-" "Java/18.0.2-ea"
codigofuente-storage4-1            | 10.81.234.2 - - [03/Apr/2023:19:45:06 +0000] "POST /upload.php?file=abekeys/5ed972e17e4ab7931b2a6f259d37b5e42547599f&tokenuser=7eada11a812eff429cb203bdaa5ac4ac9ff6bc52b7c850a7b0717782ce926530 HTTP/1.1" 200 228 "-" "Java/18.0.2-ea"
codigofuente-storage4-1            | 10.81.234.2 - - [03/Apr/2023:19:45:06 +0000] "POST /upload.php?file=c/799ceb83f8d926b9309919d0995dfb870f141e86&operationId=642b2cc253b6a2.27447392&tokenuser=7eada11a812eff429cb203bdaa5ac4ac9ff6bc52b7c850a7b0717782ce926530 HTTP/1.1" 200 300 "-" "Java/18.0.2-ea"
codigofuente-apigateway-1          | 172.22.0.21 - - [03/Apr/2023:19:44:41 +0000] "POST /pub_sub/v1/catalogs/dc82bd3eb31c430f8acff5b3348ffc48b10337431cc1f52e4388348d55a13868/files/upload HTTP/1.1" 201 362 "-" "-"
codigofuente-storage2-1            | 10.81.234.2 - - [03/Apr/2023:19:44:52 +0000] "POST /upload.php?file=abekeys/92434461a07143b2ea17076a45c2d3f097321bc6&tokenuser=7eada11a812eff429cb203bdaa5ac4ac9ff6bc52b7c850a7b0717782ce926530 HTTP/1.1" 200 228 "-" "Java/18.0.2-ea"
codigofuente-storage2-1            | 10.81.234.2 - - [03/Apr/2023:19:44:52 +0000] "POST /upload.php?file=c/e122a5aee1b8749514881e4c472c1aea3bd99381&operationId=642b2cb466b5d5.34573356&tokenuser=7eada11a812eff429cb203bdaa5ac4ac9ff6bc52b7c850a7b0717782ce926530 HTTP/1.1" 200 300 "-" "Java/18.0.2-ea"
codigofuente-storage2-1            | 10.81.234.2 - - [03/Apr/2023:19:44:52 +0000] "POST /upload.php?file=abekeys/9e5dccbca956d0d15cd347a27bebebe4782eb283&tokenuser=7eada11a812eff429cb203bdaa5ac4ac9ff6bc52b7c850a7b0717782ce926530 HTTP/1.1" 200 228 "-" "Java/18.0.2-ea"
codigofuente-storage2-1            | 10.81.234.2 - - [03/Apr/2023:19:44:52 +0000] "POST /upload.php?file=abekeys/dcad086565c134a59ee78b3ad69032f532ea6ab6&tokenuser=7eada11a812eff429cb203bdaa5ac4ac9ff6bc52b7c850a7b0717782ce926530 HTTP/1.1" 200 228 "-" "Java/18.0.2-ea"
codigofuente-storage2-1            | 10.81.234.2 - - [03/Apr/2023:19:44:52 +0000] "POST /upload.php?file=c/eb020c98cf7dd24ed2ac31079fdf6ec6ff6635bc&operationId=642b2cb4d92ee0.98569730&tokenuser=7eada11a812eff429cb203bdaa5ac4ac9ff6bc52b7c850a7b0717782ce926530 HTTP/1.1" 200 300 "-" "Java/18.0.2-ea"
codigofuente-storage2-1            | 10.81.234.2 - - [03/Apr/2023:19:44:52 +0000] "POST /upload.php?file=c/dcad086565c134a59ee78b3ad69032f532ea6ab6&operationId=642b2cb4d8ede2.09255425&tokenuser=7eada11a812eff429cb203bdaa5ac4ac9ff6bc52b7c850a7b0717782ce926530 HTTP/1.1" 200 300 "-" "Java/18.0.2-ea"
codigofuente-storage2-1            | 10.81.234.2 - - [03/Apr/2023:19:44:53 +0000] "POST /upload.php?file=abekeys/e6d35261b7c15a46660299a93158cfc10d495b9a&tokenuser=7eada11a812eff429cb203bdaa5ac4ac9ff6bc52b7c850a7b0717782ce926530 HTTP/1.1" 200 228 "-" "Java/18.0.2-ea"
codigofuente-storage2-1            | 10.81.234.2 - - [03/Apr/2023:19:44:53 +0000] "POST /upload.php?file=c/08fda08133e38531a66b8020abbcbf06fe79de7f&operationId=642b2cb55ade69.92413817&tokenuser=7eada11a812eff429cb203bdaa5ac4ac9ff6bc52b7c850a7b0717782ce926530 HTTP/1.1" 200 299 "-" "Java/18.0.2-ea"
codigofuente-storage2-1            | 10.81.234.2 - - [03/Apr/2023:19:44:53 +0000] "POST /upload.php?file=abekeys/386f41f95458f795a98ad7de4abb14ca01ed46ba&tokenuser=7eada11a812eff429cb203bdaa5ac4ac9ff6bc52b7c850a7b0717782ce926530 HTTP/1.1" 200 228 "-" "Java/18.0.2-ea"
codigofuente-storage2-1            | 10.81.234.2 - - [03/Apr/2023:19:44:53 +0000] "POST /upload.php?file=abekeys/30e7e02ed5ed0812df60a5c399a027ff93f8e45a&tokenuser=7eada11a812eff429cb203bdaa5ac4ac9ff6bc52b7c850a7b0717782ce926530 HTTP/1.1" 200 228 "-" "Java/18.0.2-ea"
codigofuente-pub_sub-1             | 172.22.0.21 - - [03/Apr/2023:19:44:35 +0000] "GET /subscription/v1/catalogs/3a7af1940b306dfb718c967187b7ecc8d68ac1149438356ce64a24c03bba88e5 HTTP/1.1" 200 630 "-" "-"
codigofuente-storage5-1            | 10.81.234.2 - - [03/Apr/2023:19:44:53 +0000] "POST /upload.php?file=abekeys/ab7d8bc65e486240ba67740f2a398eb91ad68d74&tokenuser=7eada11a812eff429cb203bdaa5ac4ac9ff6bc52b7c850a7b0717782ce926530 HTTP/1.1" 200 228 "-" "Java/18.0.2-ea"
codigofuente-auth-1                | 172.22.0.21 - - [03/Apr/2023:19:44:44 +0000] "GET /auth/v1/users?access_token=7eada11a812eff429cb203bdaa5ac4ac9ff6bc52b7c850a7b0717782ce926530 HTTP/1.1" 406 213 "-" "-"
codigofuente-auth-1                | 172.22.0.21 - - [03/Apr/2023:19:44:44 +0000] "GET /auth/v1/users?access_token=7eada11a812eff429cb203bdaa5ac4ac9ff6bc52b7c850a7b0717782ce926530 HTTP/1.1" 406 213 "-" "-"
codigofuente-auth-1                | 172.22.0.21 - - [03/Apr/2023:19:44:44 +0000] "GET /auth/v1/users?access_token=7eada11a812eff429cb203bdaa5ac4ac9ff6bc52b7c850a7b0717782ce926530 HTTP/1.1" 406 213 "-" "-"
codigofuente-auth-1                | 172.22.0.21 - - [03/Apr/2023:19:44:44 +0000] "GET /auth/v1/users?access_token=7eada11a812eff429cb203bdaa5ac4ac9ff6bc52b7c850a7b0717782ce926530 HTTP/1.1" 406 213 "-" "-"
codigofuente-auth-1                | 172.22.0.21 - - [03/Apr/2023:19:44:44 +0000] "GET /auth/v1/users?access_token=7eada11a812eff429cb203bdaa5ac4ac9ff6bc52b7c850a7b0717782ce926530 HTTP/1.1" 406 213 "-" "-"
codigofuente-auth-1                | 172.22.0.21 - - [03/Apr/2023:19:44:44 +0000] "GET /auth/v1/users?access_token=7eada11a812eff429cb203bdaa5ac4ac9ff6bc52b7c850a7b0717782ce926530 HTTP/1.1" 406 213 "-" "-"
codigofuente-auth-1                | 172.22.0.21 - - [03/Apr/2023:19:44:44 +0000] "GET /auth/v1/users?access_token=7eada11a812eff429cb203bdaa5ac4ac9ff6bc52b7c850a7b0717782ce926530 HTTP/1.1" 406 213 "-" "-"
codigofuente-storage1-1            | 10.81.234.2 - - [03/Apr/2023:19:44:50 +0000] "POST /upload.php?file=c/7855d4d21d9f2345e5cb59a450a350f0ae9d5071&operationId=642b2cb2416d01.98852495&tokenuser=7eada11a812eff429cb203bdaa5ac4ac9ff6bc52b7c850a7b0717782ce926530 HTTP/1.1" 200 300 "-" "Java/18.0.2-ea"
codigofuente-storage3-1            | 10.81.234.2 - - [03/Apr/2023:19:45:06 +0000] "POST /upload.php?file=abekeys/5076e520e7cac3d1f239904a0c2c69b462ce9a0f&tokenuser=7eada11a812eff429cb203bdaa5ac4ac9ff6bc52b7c850a7b0717782ce926530 HTTP/1.1" 200 228 "-" "Java/18.0.2-ea"
codigofuente-storage1-1            | 10.81.234.2 - - [03/Apr/2023:19:44:50 +0000] "POST /upload.php?file=abekeys/c5c1fbfd6a89078ef9bb21d569a16aeaab20d70b&tokenuser=7eada11a812eff429cb203bdaa5ac4ac9ff6bc52b7c850a7b0717782ce926530 HTTP/1.1" 200 228 "-" "Java/18.0.2-ea"
codigofuente-storage5-1            | 10.81.234.2 - - [03/Apr/2023:19:44:53 +0000] "POST /upload.php?file=c/59a634d0657521216aef8cdc0b398ed92bd5128e&operationId=642b2cb5276f20.60662003&tokenuser=7eada11a812eff429cb203bdaa5ac4ac9ff6bc52b7c850a7b0717782ce926530 HTTP/1.1" 200 300 "-" "Java/18.0.2-ea"
codigofuente-storage5-1            | 10.81.234.2 - - [03/Apr/2023:19:44:53 +0000] "POST /upload.php?file=c/e14a226e507286bb9eba8d7c2309ff7dd6ce8bb6&operationId=642b2cb5604885.82565457&tokenuser=7eada11a812eff429cb203bdaa5ac4ac9ff6bc52b7c850a7b0717782ce926530 HTTP/1.1" 200 300 "-" "Java/18.0.2-ea"
codigofuente-storage5-1            | 10.81.234.2 - - [03/Apr/2023:19:44:53 +0000] "POST /upload.php?file=c/e6d35261b7c15a46660299a93158cfc10d495b9a&operationId=642b2cb55fe639.80551688&tokenuser=7eada11a812eff429cb203bdaa5ac4ac9ff6bc52b7c850a7b0717782ce926530 HTTP/1.1" 200 299 "-" "Java/18.0.2-ea"
codigofuente-storage5-1            | 10.81.234.2 - - [03/Apr/2023:19:44:53 +0000] "POST /upload.php?file=abekeys/bec33ff4a77afc83d3d9e13272b70d99fafd38b6&tokenuser=7eada11a812eff429cb203bdaa5ac4ac9ff6bc52b7c850a7b0717782ce926530 HTTP/1.1" 200 228 "-" "Java/18.0.2-ea"
codigofuente-storage5-1            | 10.81.234.2 - - [03/Apr/2023:19:44:53 +0000] "POST /upload.php?file=abekeys/3ef1cb6211750e79df5ebf65914143c6d9565553&tokenuser=7eada11a812eff429cb203bdaa5ac4ac9ff6bc52b7c850a7b0717782ce926530 HTTP/1.1" 200 228 "-" "Java/18.0.2-ea"
codigofuente-pub_sub-1             | 172.22.0.21 - - [03/Apr/2023:19:44:35 +0000] "GET /subscription/v1/catalogs/3a7af1940b306dfb718c967187b7ecc8d68ac1149438356ce64a24c03bba88e5 HTTP/1.1" 200 630 "-" "-"
codigofuente-apigateway-1          | 172.22.0.21 - - [03/Apr/2023:19:44:42 +0000] "POST /pub_sub/v1/catalogs/dc82bd3eb31c430f8acff5b3348ffc48b10337431cc1f52e4388348d55a13868/files/upload HTTP/1.1" 201 362 "-" "-"
codigofuente-pub_sub-1             | 172.22.0.22 - - [03/Apr/2023:19:44:35 +0000] "POST /subscription/v1/catalogs/3a7af1940b306dfb718c967187b7ecc8d68ac1149438356ce64a24c03bba88e5/files/upload HTTP/1.1" 201 211 "-" "-"
codigofuente-apigateway-1          | 172.22.0.21 - - [03/Apr/2023:19:44:42 +0000] "POST /pub_sub/v1/catalogs/dc82bd3eb31c430f8acff5b3348ffc48b10337431cc1f52e4388348d55a13868/files/upload HTTP/1.1" 201 362 "-" "-"
codigofuente-pub_sub-1             | 172.22.0.22 - - [03/Apr/2023:19:44:35 +0000] "POST /subscription/v1/catalogs/3a7af1940b306dfb718c967187b7ecc8d68ac1149438356ce64a24c03bba88e5/files/upload HTTP/1.1" 201 211 "-" "-"
codigofuente-apigateway-1          | 172.22.0.21 - - [03/Apr/2023:19:44:42 +0000] "POST /pub_sub/v1/catalogs/dc82bd3eb31c430f8acff5b3348ffc48b10337431cc1f52e4388348d55a13868/files/upload HTTP/1.1" 201 362 "-" "-"
codigofuente-pub_sub-1             | 172.22.0.22 - - [03/Apr/2023:19:44:35 +0000] "POST /subscription/v1/catalogs/3a7af1940b306dfb718c967187b7ecc8d68ac1149438356ce64a24c03bba88e5/files/upload HTTP/1.1" 201 211 "-" "-"
codigofuente-storage1-1            | 10.81.234.2 - - [03/Apr/2023:19:44:50 +0000] "POST /upload.php?file=c/2694467030a0c24dd7d900c5b6a054c5c1ea5fd6&operationId=642b2cb29a3ad9.78249773&tokenuser=7eada11a812eff429cb203bdaa5ac4ac9ff6bc52b7c850a7b0717782ce926530 HTTP/1.1" 200 299 "-" "Java/18.0.2-ea"
codigofuente-pub_sub-1             | 172.22.0.22 - - [03/Apr/2023:19:44:35 +0000] "POST /subscription/v1/catalogs/3a7af1940b306dfb718c967187b7ecc8d68ac1149438356ce64a24c03bba88e5/files/upload HTTP/1.1" 201 211 "-" "-"
codigofuente-storage1-1            | 10.81.234.2 - - [03/Apr/2023:19:44:50 +0000] "POST /upload.php?file=c/e1522de43eeaf464b63209e13bb30a55277688ca&operationId=642b2cb2d1dc88.77029858&tokenuser=7eada11a812eff429cb203bdaa5ac4ac9ff6bc52b7c850a7b0717782ce926530 HTTP/1.1" 200 300 "-" "Java/18.0.2-ea"
codigofuente-storage3-1            | 10.81.234.2 - - [03/Apr/2023:19:45:07 +0000] "POST /upload.php?file=abekeys/21d0f4d2231359e2845f3af4c23efbed6a27f784&tokenuser=7eada11a812eff429cb203bdaa5ac4ac9ff6bc52b7c850a7b0717782ce926530 HTTP/1.1" 200 228 "-" "Java/18.0.2-ea"
codigofuente-storage1-1            | 10.81.234.2 - - [03/Apr/2023:19:44:50 +0000] "POST /upload.php?file=c/0d61c2b8fda630d3a6992e1f06c8f92dfcf5ff7a&operationId=642b2cb2d1f761.54024846&tokenuser=7eada11a812eff429cb203bdaa5ac4ac9ff6bc52b7c850a7b0717782ce926530 HTTP/1.1" 200 299 "-" "Java/18.0.2-ea"
codigofuente-storage3-1            | 10.81.234.2 - - [03/Apr/2023:19:45:07 +0000] "POST /upload.php?file=c/4eb9a9ab98d6e61d3b93939244866127a9f5278c&operationId=642b2cc3345e51.04504859&tokenuser=7eada11a812eff429cb203bdaa5ac4ac9ff6bc52b7c850a7b0717782ce926530 HTTP/1.1" 200 299 "-" "Java/18.0.2-ea"
codigofuente-storage1-1            | 10.81.234.2 - - [03/Apr/2023:19:44:51 +0000] "POST /upload.php?file=c/0608c9939b9795e9e4a653cb2117c4ef16493c58&operationId=642b2cb387f9f3.69301120&tokenuser=7eada11a812eff429cb203bdaa5ac4ac9ff6bc52b7c850a7b0717782ce926530 HTTP/1.1" 200 299 "-" "Java/18.0.2-ea"
codigofuente-storage3-1            | 10.81.234.2 - - [03/Apr/2023:19:45:07 +0000] "POST /upload.php?file=abekeys/7bebfb7cbf122813a78eeec9c26a047e0d42ddae&tokenuser=7eada11a812eff429cb203bdaa5ac4ac9ff6bc52b7c850a7b0717782ce926530 HTTP/1.1" 200 228 "-" "Java/18.0.2-ea"
codigofuente-db_metadata-1         | 2023-04-03 19:48:20.041 UTC [4218] ERROR:  null value in column "chunk_id" violates not-null constraint
codigofuente-storage3-1            | 10.81.234.2 - - [03/Apr/2023:19:45:07 +0000] "POST /upload.php?file=c/a0e1bdfbb10cb20b4289de12a240448fb42902f1&operationId=642b2cc36cdb13.94665587&tokenuser=7eada11a812eff429cb203bdaa5ac4ac9ff6bc52b7c850a7b0717782ce926530 HTTP/1.1" 200 299 "-" "Java/18.0.2-ea"
codigofuente-db_metadata-1         | 2023-04-03 19:48:20.041 UTC [4218] DETAIL:  Failing row contains (642b2d840a1db3.14958097, 7eada11a812eff429cb203bdaa5ac4ac9ff6bc52b7c850a7b0717782ce926530, 9080c17bb8d7a3b21253210eb2f87c198c911b46, null, 1, r, 0, 2023-04-03 19:48:20.041563).
codigofuente-db_metadata-1         | 2023-04-03 19:48:20.041 UTC [4218] STATEMENT:  INSERT INTO operations(id, user_id, file_id, chunk_id, node_id, type, status) VALUES($1, $2, $3, $4, $5, $6, '0');
codigofuente-metadata-1            | 10.81.234.2 - - [03/Apr/2023:19:44:33 +0000] "GET //push_insert.php?tokenuser=7eada11a812eff429cb203bdaa5ac4ac9ff6bc52b7c850a7b0717782ce926530&keyresource=3a7af1940b306dfb718c967187b7ecc8d68ac1149438356ce64a24c03bba88e5&keyfile=552e38eadb3176e1ea09db5a054810cee00c9783 HTTP/1.1" 200 265 "-" "Java/18.0.2-ea"
codigofuente-metadata-1            | 10.81.234.2 - - [03/Apr/2023:19:44:33 +0000] "GET //getCert.php?tokenuser=7eada11a812eff429cb203bdaa5ac4ac9ff6bc52b7c850a7b0717782ce926530&keyuser=bob HTTP/1.1" 200 310 "-" "Java/18.0.2-ea"
codigofuente-metadata-1            | 10.81.234.2 - - [03/Apr/2023:19:44:33 +0000] "GET //push_insert.php?tokenuser=7eada11a812eff429cb203bdaa5ac4ac9ff6bc52b7c850a7b0717782ce926530&keyresource=3a7af1940b306dfb718c967187b7ecc8d68ac1149438356ce64a24c03bba88e5&keyfile=93000d249230d73b21758e359be11821ad5eaec0 HTTP/1.1" 200 265 "-" "Java/18.0.2-ea"
codigofuente-metadata-1            | 10.81.234.2 - - [03/Apr/2023:19:44:33 +0000] "GET /pubcerts/bob.cer HTTP/1.1" 200 1199 "-" "Java/18.0.2-ea"
codigofuente-storage5-1            | 10.81.234.2 - - [03/Apr/2023:19:44:54 +0000] "POST /upload.php?file=abekeys/84d794956445492c813e28d9bc7eb849d56ff529&tokenuser=7eada11a812eff429cb203bdaa5ac4ac9ff6bc52b7c850a7b0717782ce926530 HTTP/1.1" 200 228 "-" "Java/18.0.2-ea"
codigofuente-metadata-1            | 10.81.234.2 - - [03/Apr/2023:19:44:33 +0000] "GET //getCert.php?tokenuser=7eada11a812eff429cb203bdaa5ac4ac9ff6bc52b7c850a7b0717782ce926530&keyuser=bob HTTP/1.1" 200 310 "-" "Java/18.0.2-ea"
codigofuente-storage5-1            | 10.81.234.2 - - [03/Apr/2023:19:44:54 +0000] "POST /upload.php?file=abekeys/325630e1a6fa7e22216e6e4f3122e2c620515003&tokenuser=7eada11a812eff429cb203bdaa5ac4ac9ff6bc52b7c850a7b0717782ce926530 HTTP/1.1" 200 228 "-" "Java/18.0.2-ea"
codigofuente-metadata-1            | 10.81.234.2 - - [03/Apr/2023:19:44:33 +0000] "GET /pubcerts/bob.cer HTTP/1.1" 200 1199 "-" "Java/18.0.2-ea"
codigofuente-storage5-1            | 10.81.234.2 - - [03/Apr/2023:19:44:54 +0000] "POST /upload.php?file=c/84d794956445492c813e28d9bc7eb849d56ff529&operationId=642b2cb622eda3.63059349&tokenuser=7eada11a812eff429cb203bdaa5ac4ac9ff6bc52b7c850a7b0717782ce926530 HTTP/1.1" 200 300 "-" "Java/18.0.2-ea"
codigofuente-storage2-1            | 10.81.234.2 - - [03/Apr/2023:19:44:53 +0000] "POST /upload.php?file=c/386f41f95458f795a98ad7de4abb14ca01ed46ba&operationId=642b2cb5a3fbd4.87639379&tokenuser=7eada11a812eff429cb203bdaa5ac4ac9ff6bc52b7c850a7b0717782ce926530 HTTP/1.1" 200 300 "-" "Java/18.0.2-ea"
codigofuente-storage5-1            | 10.81.234.2 - - [03/Apr/2023:19:44:54 +0000] "POST /upload.php?file=c/4d68f97991e88c3d893b1e54c76cdfa8409f1c03&operationId=642b2cb6232e48.41408594&tokenuser=7eada11a812eff429cb203bdaa5ac4ac9ff6bc52b7c850a7b0717782ce926530 HTTP/1.1" 200 299 "-" "Java/18.0.2-ea"
codigofuente-storage2-1            | 10.81.234.2 - - [03/Apr/2023:19:44:53 +0000] "POST /upload.php?file=abekeys/6d61821cd80259b59fe7340a21c09d5631b81535&tokenuser=7eada11a812eff429cb203bdaa5ac4ac9ff6bc52b7c850a7b0717782ce926530 HTTP/1.1" 200 228 "-" "Java/18.0.2-ea"
codigofuente-storage2-1            | 10.81.234.2 - - [03/Apr/2023:19:44:54 +0000] "POST /upload.php?file=c/dbff47fb654f4b2c627e76041fd22c517d729804&operationId=642b2cb5e236b0.81648311&tokenuser=7eada11a812eff429cb203bdaa5ac4ac9ff6bc52b7c850a7b0717782ce926530 HTTP/1.1" 200 299 "-" "Java/18.0.2-ea"
codigofuente-storage2-1            | 10.81.234.2 - - [03/Apr/2023:19:44:54 +0000] "POST /upload.php?file=c/f241453d6b9101a128fe8cdd8007fcdc2512b1f6&operationId=642b2cb5e1f084.80146845&tokenuser=7eada11a812eff429cb203bdaa5ac4ac9ff6bc52b7c850a7b0717782ce926530 HTTP/1.1" 200 299 "-" "Java/18.0.2-ea"
codigofuente-storage2-1            | 10.81.234.2 - - [03/Apr/2023:19:44:54 +0000] "POST /upload.php?file=abekeys/9ae24c96573661da46c8776bb3636649ffd7baf9&tokenuser=7eada11a812eff429cb203bdaa5ac4ac9ff6bc52b7c850a7b0717782ce926530 HTTP/1.1" 200 228 "-" "Java/18.0.2-ea"
codigofuente-storage2-1            | 10.81.234.2 - - [03/Apr/2023:19:44:54 +0000] "POST /upload.php?file=c/9ae24c96573661da46c8776bb3636649ffd7baf9&operationId=642b2cb697d283.11397999&tokenuser=7eada11a812eff429cb203bdaa5ac4ac9ff6bc52b7c850a7b0717782ce926530 HTTP/1.1" 200 299 "-" "Java/18.0.2-ea"
codigofuente-storage2-1            | 10.81.234.2 - - [03/Apr/2023:19:44:54 +0000] "POST /upload.php?file=abekeys/12bdb42775943cc071dbf965f5f9ae238492add4&tokenuser=7eada11a812eff429cb203bdaa5ac4ac9ff6bc52b7c850a7b0717782ce926530 HTTP/1.1" 200 228 "-" "Java/18.0.2-ea"
codigofuente-storage2-1            | 10.81.234.2 - - [03/Apr/2023:19:44:54 +0000] "POST /upload.php?file=abekeys/240a5cc25a1e38af50a1e86d2b90df77c2ef1b17&tokenuser=7eada11a812eff429cb203bdaa5ac4ac9ff6bc52b7c850a7b0717782ce926530 HTTP/1.1" 200 228 "-" "Java/18.0.2-ea"
codigofuente-pub_sub-1             | 172.22.0.21 - - [03/Apr/2023:19:44:35 +0000] "GET /subscription/v1/catalogs/3a7af1940b306dfb718c967187b7ecc8d68ac1149438356ce64a24c03bba88e5 HTTP/1.1" 200 630 "-" "-"
codigofuente-storage2-1            | 10.81.234.2 - - [03/Apr/2023:19:44:54 +0000] "POST /upload.php?file=c/12bdb42775943cc071dbf965f5f9ae238492add4&operationId=642b2cb6d387e5.12976664&tokenuser=7eada11a812eff429cb203bdaa5ac4ac9ff6bc52b7c850a7b0717782ce926530 HTTP/1.1" 200 300 "-" "Java/18.0.2-ea"
codigofuente-pub_sub-1             | 172.22.0.21 - - [03/Apr/2023:19:44:35 +0000] "GET /subscription/v1/catalogs/3a7af1940b306dfb718c967187b7ecc8d68ac1149438356ce64a24c03bba88e5 HTTP/1.1" 200 630 "-" "-"
codigofuente-storage2-1            | 10.81.234.2 - - [03/Apr/2023:19:44:55 +0000] "POST /upload.php?file=c/c1761d429cc708ef622049a17107d9234aa8c291&operationId=642b2cb7215e98.47492782&tokenuser=7eada11a812eff429cb203bdaa5ac4ac9ff6bc52b7c850a7b0717782ce926530 HTTP/1.1" 200 300 "-" "Java/18.0.2-ea"
codigofuente-pub_sub-1             | 172.22.0.21 - - [03/Apr/2023:19:44:35 +0000] "GET /subscription/v1/catalogs/3a7af1940b306dfb718c967187b7ecc8d68ac1149438356ce64a24c03bba88e5 HTTP/1.1" 200 630 "-" "-"
codigofuente-auth-1                | 172.22.0.21 - - [03/Apr/2023:19:44:44 +0000] "GET /auth/v1/users?access_token=7eada11a812eff429cb203bdaa5ac4ac9ff6bc52b7c850a7b0717782ce926530 HTTP/1.1" 406 213 "-" "-"
codigofuente-auth-1                | 172.22.0.21 - - [03/Apr/2023:19:44:44 +0000] "GET /auth/v1/users?access_token=7eada11a812eff429cb203bdaa5ac4ac9ff6bc52b7c850a7b0717782ce926530 HTTP/1.1" 406 213 "-" "-"
codigofuente-auth-1                | 172.22.0.21 - - [03/Apr/2023:19:44:44 +0000] "GET /auth/v1/users?access_token=7eada11a812eff429cb203bdaa5ac4ac9ff6bc52b7c850a7b0717782ce926530 HTTP/1.1" 406 213 "-" "-"
codigofuente-auth-1                | 172.22.0.21 - - [03/Apr/2023:19:44:44 +0000] "GET /auth/v1/users?access_token=7eada11a812eff429cb203bdaa5ac4ac9ff6bc52b7c850a7b0717782ce926530 HTTP/1.1" 406 213 "-" "-"
codigofuente-auth-1                | 172.22.0.21 - - [03/Apr/2023:19:44:44 +0000] "GET /auth/v1/users?access_token=7eada11a812eff429cb203bdaa5ac4ac9ff6bc52b7c850a7b0717782ce926530 HTTP/1.1" 406 213 "-" "-"
codigofuente-auth-1                | 172.22.0.21 - - [03/Apr/2023:19:44:45 +0000] "GET /auth/v1/users?access_token=7eada11a812eff429cb203bdaa5ac4ac9ff6bc52b7c850a7b0717782ce926530 HTTP/1.1" 406 213 "-" "-"
codigofuente-auth-1                | 172.22.0.21 - - [03/Apr/2023:19:44:45 +0000] "GET /auth/v1/users?access_token=7eada11a812eff429cb203bdaa5ac4ac9ff6bc52b7c850a7b0717782ce926530 HTTP/1.1" 406 213 "-" "-"
codigofuente-pub_sub-1             | 172.22.0.21 - - [03/Apr/2023:19:44:35 +0000] "GET /subscription/v1/catalogs/3a7af1940b306dfb718c967187b7ecc8d68ac1149438356ce64a24c03bba88e5 HTTP/1.1" 200 630 "-" "-"
codigofuente-pub_sub-1             | 172.22.0.22 - - [03/Apr/2023:19:44:35 +0000] "POST /subscription/v1/catalogs/3a7af1940b306dfb718c967187b7ecc8d68ac1149438356ce64a24c03bba88e5/files/upload HTTP/1.1" 201 211 "-" "-"
codigofuente-pub_sub-1             | 172.22.0.22 - - [03/Apr/2023:19:44:35 +0000] "POST /subscription/v1/catalogs/3a7af1940b306dfb718c967187b7ecc8d68ac1149438356ce64a24c03bba88e5/files/upload HTTP/1.1" 201 211 "-" "-"
codigofuente-pub_sub-1             | 172.22.0.22 - - [03/Apr/2023:19:44:35 +0000] "POST /subscription/v1/catalogs/3a7af1940b306dfb718c967187b7ecc8d68ac1149438356ce64a24c03bba88e5/files/upload HTTP/1.1" 201 211 "-" "-"
codigofuente-pub_sub-1             | 172.22.0.22 - - [03/Apr/2023:19:44:35 +0000] "POST /subscription/v1/catalogs/3a7af1940b306dfb718c967187b7ecc8d68ac1149438356ce64a24c03bba88e5/files/upload HTTP/1.1" 201 211 "-" "-"
codigofuente-pub_sub-1             | 172.22.0.21 - - [03/Apr/2023:19:44:35 +0000] "GET /subscription/v1/catalogs/3a7af1940b306dfb718c967187b7ecc8d68ac1149438356ce64a24c03bba88e5 HTTP/1.1" 200 630 "-" "-"
codigofuente-pub_sub-1             | 172.22.0.21 - - [03/Apr/2023:19:44:35 +0000] "GET /subscription/v1/catalogs/3a7af1940b306dfb718c967187b7ecc8d68ac1149438356ce64a24c03bba88e5 HTTP/1.1" 200 630 "-" "-"
codigofuente-db_metadata-1         | 2023-04-03 19:48:20.408 UTC [4223] ERROR:  null value in column "chunk_id" violates not-null constraint
codigofuente-db_metadata-1         | 2023-04-03 19:48:20.408 UTC [4223] DETAIL:  Failing row contains (642b2d8463a531.64119704, 7eada11a812eff429cb203bdaa5ac4ac9ff6bc52b7c850a7b0717782ce926530, cc9ca5966cc1d5abe78b344299e266c5743df0d6, null, 1, r, 0, 2023-04-03 19:48:20.408256).
codigofuente-db_metadata-1         | 2023-04-03 19:48:20.408 UTC [4223] STATEMENT:  INSERT INTO operations(id, user_id, file_id, chunk_id, node_id, type, status) VALUES($1, $2, $3, $4, $5, $6, '0');
codigofuente-db_metadata-1         | 2023-04-03 19:48:20.505 UTC [4228] ERROR:  null value in column "chunk_id" violates not-null constraint
codigofuente-db_metadata-1         | 2023-04-03 19:48:20.505 UTC [4228] DETAIL:  Failing row contains (642b2d847b7c12.63806646, 7eada11a812eff429cb203bdaa5ac4ac9ff6bc52b7c850a7b0717782ce926530, bf7573d345fa79c88bb411d2aa135f708d18df1f, null, 1, r, 0, 2023-04-03 19:48:20.505917).
codigofuente-db_metadata-1         | 2023-04-03 19:48:20.505 UTC [4228] STATEMENT:  INSERT INTO operations(id, user_id, file_id, chunk_id, node_id, type, status) VALUES($1, $2, $3, $4, $5, $6, '0');
codigofuente-db_metadata-1         | 2023-04-03 19:48:20.593 UTC [4233] ERROR:  null value in column "chunk_id" violates not-null constraint
codigofuente-db_metadata-1         | 2023-04-03 19:48:20.593 UTC [4233] DETAIL:  Failing row contains (642b2d8490df10.13229513, 7eada11a812eff429cb203bdaa5ac4ac9ff6bc52b7c850a7b0717782ce926530, 40b3170700fbfad85d8b1680c9d19b5b0188a37e, null, 1, r, 0, 2023-04-03 19:48:20.593537).
codigofuente-db_metadata-1         | 2023-04-03 19:48:20.593 UTC [4233] STATEMENT:  INSERT INTO operations(id, user_id, file_id, chunk_id, node_id, type, status) VALUES($1, $2, $3, $4, $5, $6, '0');
codigofuente-db_metadata-1         | 2023-04-03 19:48:20.706 UTC [4238] ERROR:  null value in column "chunk_id" violates not-null constraint
codigofuente-auth-1                | 172.22.0.21 - - [03/Apr/2023:19:44:45 +0000] "GET /auth/v1/users?access_token=7eada11a812eff429cb203bdaa5ac4ac9ff6bc52b7c850a7b0717782ce926530 HTTP/1.1" 406 213 "-" "-"
codigofuente-auth-1                | 172.22.0.21 - - [03/Apr/2023:19:44:45 +0000] "GET /auth/v1/users?access_token=7eada11a812eff429cb203bdaa5ac4ac9ff6bc52b7c850a7b0717782ce926530 HTTP/1.1" 406 213 "-" "-"
codigofuente-auth-1                | 172.22.0.21 - - [03/Apr/2023:19:44:45 +0000] "GET /auth/v1/users?access_token=7eada11a812eff429cb203bdaa5ac4ac9ff6bc52b7c850a7b0717782ce926530 HTTP/1.1" 406 213 "-" "-"
codigofuente-auth-1                | 172.22.0.21 - - [03/Apr/2023:19:44:45 +0000] "GET /auth/v1/users?access_token=7eada11a812eff429cb203bdaa5ac4ac9ff6bc52b7c850a7b0717782ce926530 HTTP/1.1" 406 213 "-" "-"
codigofuente-auth-1                | 172.22.0.21 - - [03/Apr/2023:19:44:45 +0000] "GET /auth/v1/users?access_token=7eada11a812eff429cb203bdaa5ac4ac9ff6bc52b7c850a7b0717782ce926530 HTTP/1.1" 406 213 "-" "-"
codigofuente-auth-1                | 172.22.0.21 - - [03/Apr/2023:19:44:45 +0000] "GET /auth/v1/users?access_token=7eada11a812eff429cb203bdaa5ac4ac9ff6bc52b7c850a7b0717782ce926530 HTTP/1.1" 406 213 "-" "-"
codigofuente-auth-1                | 172.22.0.21 - - [03/Apr/2023:19:44:45 +0000] "GET /auth/v1/users?access_token=7eada11a812eff429cb203bdaa5ac4ac9ff6bc52b7c850a7b0717782ce926530 HTTP/1.1" 406 213 "-" "-"
codigofuente-storage1-1            | 10.81.234.2 - - [03/Apr/2023:19:44:52 +0000] "POST /upload.php?file=abekeys/ea5b16dabc94831697a6a0fbff96400ca5b4aa87&tokenuser=7eada11a812eff429cb203bdaa5ac4ac9ff6bc52b7c850a7b0717782ce926530 HTTP/1.1" 200 228 "-" "Java/18.0.2-ea"
codigofuente-storage4-1            | 10.81.234.2 - - [03/Apr/2023:19:45:06 +0000] "POST /upload.php?file=abekeys/542c7dbef2a0372191dc67405579432ab1995d50&tokenuser=7eada11a812eff429cb203bdaa5ac4ac9ff6bc52b7c850a7b0717782ce926530 HTTP/1.1" 200 228 "-" "Java/18.0.2-ea"
codigofuente-storage1-1            | 10.81.234.2 - - [03/Apr/2023:19:44:52 +0000] "POST /upload.php?file=abekeys/99c4a7255b014fee72b7bea1ed98fd58d77acb77&tokenuser=7eada11a812eff429cb203bdaa5ac4ac9ff6bc52b7c850a7b0717782ce926530 HTTP/1.1" 200 228 "-" "Java/18.0.2-ea"
codigofuente-storage4-1            | 10.81.234.2 - - [03/Apr/2023:19:45:06 +0000] "POST /upload.php?file=c/09ee55666b74a8f676421c6cb2eea42954018d72&operationId=642b2cc295ff58.01915903&tokenuser=7eada11a812eff429cb203bdaa5ac4ac9ff6bc52b7c850a7b0717782ce926530 HTTP/1.1" 200 300 "-" "Java/18.0.2-ea"
codigofuente-storage1-1            | 10.81.234.2 - - [03/Apr/2023:19:44:52 +0000] "POST /upload.php?file=abekeys/d955f0b80b10bf5fce33e83b1d809b2bcd54b384&tokenuser=7eada11a812eff429cb203bdaa5ac4ac9ff6bc52b7c850a7b0717782ce926530 HTTP/1.1" 200 228 "-" "Java/18.0.2-ea"
codigofuente-storage4-1            | 10.81.234.2 - - [03/Apr/2023:19:45:07 +0000] "POST /upload.php?file=c/5076e520e7cac3d1f239904a0c2c69b462ce9a0f&operationId=642b2cc2eec831.90925303&tokenuser=7eada11a812eff429cb203bdaa5ac4ac9ff6bc52b7c850a7b0717782ce926530 HTTP/1.1" 200 300 "-" "Java/18.0.2-ea"
codigofuente-storage1-1            | 10.81.234.2 - - [03/Apr/2023:19:44:52 +0000] "POST /upload.php?file=c/7f84f012a4527fc0d8a6eb9128aebecf32e08756&operationId=642b2cb464c455.24914776&tokenuser=7eada11a812eff429cb203bdaa5ac4ac9ff6bc52b7c850a7b0717782ce926530 HTTP/1.1" 200 299 "-" "Java/18.0.2-ea"
codigofuente-storage4-1            | 10.81.234.2 - - [03/Apr/2023:19:45:07 +0000] "POST /upload.php?file=abekeys/4195d5afc2c234f8752ac38d419f562bb563cf1e&tokenuser=7eada11a812eff429cb203bdaa5ac4ac9ff6bc52b7c850a7b0717782ce926530 HTTP/1.1" 200 228 "-" "Java/18.0.2-ea"
codigofuente-auth-1                | 172.22.0.21 - - [03/Apr/2023:19:44:45 +0000] "GET /auth/v1/users?access_token=7eada11a812eff429cb203bdaa5ac4ac9ff6bc52b7c850a7b0717782ce926530 HTTP/1.1" 406 213 "-" "-"
codigofuente-storage4-1            | 10.81.234.2 - - [03/Apr/2023:19:45:07 +0000] "POST /upload.php?file=abekeys/6caa8cb2bfb869f64cac886db57d8e63f9171d44&tokenuser=7eada11a812eff429cb203bdaa5ac4ac9ff6bc52b7c850a7b0717782ce926530 HTTP/1.1" 200 228 "-" "Java/18.0.2-ea"
codigofuente-metadata-1            | 10.81.234.2 - - [03/Apr/2023:19:44:33 +0000] "GET /pubcerts/bob.cer HTTP/1.1" 200 1199 "-" "Java/18.0.2-ea"
codigofuente-storage4-1            | 10.81.234.2 - - [03/Apr/2023:19:45:07 +0000] "POST /upload.php?file=c/7bebfb7cbf122813a78eeec9c26a047e0d42ddae&operationId=642b2cc34b2af5.99526566&tokenuser=7eada11a812eff429cb203bdaa5ac4ac9ff6bc52b7c850a7b0717782ce926530 HTTP/1.1" 200 299 "-" "Java/18.0.2-ea"
codigofuente-metadata-1            | 10.81.234.2 - - [03/Apr/2023:19:44:33 +0000] "GET /pubcerts/bob.cer HTTP/1.1" 200 1199 "-" "Java/18.0.2-ea"
codigofuente-storage4-1            | 10.81.234.2 - - [03/Apr/2023:19:45:07 +0000] "POST /upload.php?file=c/db212302c5cbb87594957830b50cc71b879a31f4&operationId=642b2cc34b39c3.76775090&tokenuser=7eada11a812eff429cb203bdaa5ac4ac9ff6bc52b7c850a7b0717782ce926530 HTTP/1.1" 200 301 "-" "Java/18.0.2-ea"
codigofuente-metadata-1            | 10.81.234.2 - - [03/Apr/2023:19:44:33 +0000] "GET //stats_d.php?tokenuser=7eada11a812eff429cb203bdaa5ac4ac9ff6bc52b7c850a7b0717782ce926530&sizefile=787240&chunks=1&keyfile=552e38eadb3176e1ea09db5a054810cee00c9783&organization=TESTORG&SYNC=20&UPLOAD_PRIVATE_KEY=2&CRYPT_KEY_GENERATION=1&CRYPT_READ=0&CRYPT_CIPHER=0&CRYPT_WRITE=0&CRYPT_SIGN=3&CRYPT_CPABE-CRYPT=71&CRYPT_ADD_PACKAGE=0&TAR_AND_CIPHER=100&UPLOAD_TIME=8&DELIVERY=108&PUBLISH_IN_CATALOG=18&UPLOAD_COMPLETED=199 HTTP/1.1" 200 265 "-" "Java/18.0.2-ea"
codigofuente-storage4-1            | 10.81.234.2 - - [03/Apr/2023:19:45:07 +0000] "POST /upload.php?file=abekeys/a0e1bdfbb10cb20b4289de12a240448fb42902f1&tokenuser=7eada11a812eff429cb203bdaa5ac4ac9ff6bc52b7c850a7b0717782ce926530 HTTP/1.1" 200 228 "-" "Java/18.0.2-ea"
codigofuente-metadata-1            | 10.81.234.2 - - [03/Apr/2023:19:44:33 +0000] "GET //stats_d.php?tokenuser=7eada11a812eff429cb203bdaa5ac4ac9ff6bc52b7c850a7b0717782ce926530&sizefile=787240&chunks=1&keyfile=93000d249230d73b21758e359be11821ad5eaec0&organization=TESTORG&SYNC=21&UPLOAD_PRIVATE_KEY=1&CRYPT_KEY_GENERATION=0&CRYPT_READ=0&CRYPT_CIPHER=0&CRYPT_WRITE=0&CRYPT_SIGN=3&CRYPT_CPABE-CRYPT=61&CRYPT_ADD_PACKAGE=1&TAR_AND_CIPHER=93&UPLOAD_TIME=8&DELIVERY=101&PUBLISH_IN_CATALOG=24&UPLOAD_COMPLETED=209 HTTP/1.1" 200 265 "-" "Java/18.0.2-ea"
codigofuente-storage4-1            | 10.81.234.2 - - [03/Apr/2023:19:45:07 +0000] "POST /upload.php?file=abekeys/49ce6fb04027c5a9bd2e1606b434a5e5390aec42&tokenuser=7eada11a812eff429cb203bdaa5ac4ac9ff6bc52b7c850a7b0717782ce926530 HTTP/1.1" 200 228 "-" "Java/18.0.2-ea"
codigofuente-metadata-1            | 10.81.234.2 - - [03/Apr/2023:19:44:33 +0000] "GET //getCert.php?tokenuser=7eada11a812eff429cb203bdaa5ac4ac9ff6bc52b7c850a7b0717782ce926530&keyuser=bob HTTP/1.1" 200 310 "-" "Java/18.0.2-ea"
codigofuente-storage4-1            | 10.81.234.2 - - [03/Apr/2023:19:45:07 +0000] "POST /upload.php?file=c/feeddd7658784647f9588f1d61a01be120391c60&operationId=642b2cc3c7a3c6.41317920&tokenuser=7eada11a812eff429cb203bdaa5ac4ac9ff6bc52b7c850a7b0717782ce926530 HTTP/1.1" 200 300 "-" "Java/18.0.2-ea"
codigofuente-db_metadata-1         | 2023-04-03 19:48:20.706 UTC [4238] DETAIL:  Failing row contains (642b2d84ac70c7.46143775, 7eada11a812eff429cb203bdaa5ac4ac9ff6bc52b7c850a7b0717782ce926530, b923f32693209886fd3e6a98efe7e36c5b4e0601, null, 3, r, 0, 2023-04-03 19:48:20.706444).
codigofuente-storage4-1            | 10.81.234.2 - - [03/Apr/2023:19:45:08 +0000] "POST /upload.php?file=abekeys/2ee5389d50149af72d367fc05949589cf079691b&tokenuser=7eada11a812eff429cb203bdaa5ac4ac9ff6bc52b7c850a7b0717782ce926530 HTTP/1.1" 200 228 "-" "Java/18.0.2-ea"
codigofuente-db_metadata-1         | 2023-04-03 19:48:20.706 UTC [4238] STATEMENT:  INSERT INTO operations(id, user_id, file_id, chunk_id, node_id, type, status) VALUES($1, $2, $3, $4, $5, $6, '0');
codigofuente-storage4-1            | 10.81.234.2 - - [03/Apr/2023:19:45:08 +0000] "POST /upload.php?file=c/0e6b0b178385294a3a8f9f170120f3ceb45a883b&operationId=642b2cc43d62d8.50959669&tokenuser=7eada11a812eff429cb203bdaa5ac4ac9ff6bc52b7c850a7b0717782ce926530 HTTP/1.1" 200 300 "-" "Java/18.0.2-ea"
codigofuente-db_metadata-1         | 2023-04-03 19:48:20.794 UTC [4243] ERROR:  null value in column "chunk_id" violates not-null constraint
codigofuente-storage4-1            | 10.81.234.2 - - [03/Apr/2023:19:45:08 +0000] "POST /upload.php?file=abekeys/fd115f2037c9836b84485afe3b1efa732d3f173c&tokenuser=7eada11a812eff429cb203bdaa5ac4ac9ff6bc52b7c850a7b0717782ce926530 HTTP/1.1" 200 228 "-" "Java/18.0.2-ea"
codigofuente-db_metadata-1         | 2023-04-03 19:48:20.794 UTC [4243] DETAIL:  Failing row contains (642b2d84c1d7e8.70413162, 7eada11a812eff429cb203bdaa5ac4ac9ff6bc52b7c850a7b0717782ce926530, 22560edae3d8fe86f46605034220b3d99abe0bb5, null, 3, r, 0, 2023-04-03 19:48:20.794208).
codigofuente-storage4-1            | 10.81.234.2 - - [03/Apr/2023:19:45:08 +0000] "POST /upload.php?file=c/c6ccadd535d43b5060996c58bffc9791f7832dd1&operationId=642b2cc48bde79.99268091&tokenuser=7eada11a812eff429cb203bdaa5ac4ac9ff6bc52b7c850a7b0717782ce926530 HTTP/1.1" 200 299 "-" "Java/18.0.2-ea"
codigofuente-db_metadata-1         | 2023-04-03 19:48:20.794 UTC [4243] STATEMENT:  INSERT INTO operations(id, user_id, file_id, chunk_id, node_id, type, status) VALUES($1, $2, $3, $4, $5, $6, '0');
codigofuente-db_metadata-1         | 2023-04-03 19:48:20.888 UTC [4249] ERROR:  null value in column "chunk_id" violates not-null constraint
codigofuente-db_metadata-1         | 2023-04-03 19:48:20.888 UTC [4249] DETAIL:  Failing row contains (642b2d84d8e345.34915223, 7eada11a812eff429cb203bdaa5ac4ac9ff6bc52b7c850a7b0717782ce926530, 8b547f148e5fe68eb4c12ecc6848608a3597e7c1, null, 3, r, 0, 2023-04-03 19:48:20.888617).
codigofuente-db_metadata-1         | 2023-04-03 19:48:20.888 UTC [4249] STATEMENT:  INSERT INTO operations(id, user_id, file_id, chunk_id, node_id, type, status) VALUES($1, $2, $3, $4, $5, $6, '0');
codigofuente-db_metadata-1         | 2023-04-03 19:48:20.985 UTC [4254] ERROR:  null value in column "chunk_id" violates not-null constraint
codigofuente-db_metadata-1         | 2023-04-03 19:48:20.985 UTC [4254] DETAIL:  Failing row contains (642b2d84f06f90.66628219, 7eada11a812eff429cb203bdaa5ac4ac9ff6bc52b7c850a7b0717782ce926530, ef3815561131d17a0b796d99272e86f07eaff5da, null, 2, r, 0, 2023-04-03 19:48:20.985034).
codigofuente-db_metadata-1         | 2023-04-03 19:48:20.985 UTC [4254] STATEMENT:  INSERT INTO operations(id, user_id, file_id, chunk_id, node_id, type, status) VALUES($1, $2, $3, $4, $5, $6, '0');
codigofuente-auth-1                | 172.22.0.21 - - [03/Apr/2023:19:44:45 +0000] "GET /auth/v1/users?access_token=7eada11a812eff429cb203bdaa5ac4ac9ff6bc52b7c850a7b0717782ce926530 HTTP/1.1" 406 213 "-" "-"
codigofuente-auth-1                | 172.22.0.21 - - [03/Apr/2023:19:44:45 +0000] "GET /auth/v1/users?access_token=7eada11a812eff429cb203bdaa5ac4ac9ff6bc52b7c850a7b0717782ce926530 HTTP/1.1" 406 213 "-" "-"
codigofuente-auth-1                | 172.22.0.21 - - [03/Apr/2023:19:44:45 +0000] "GET /auth/v1/users?access_token=7eada11a812eff429cb203bdaa5ac4ac9ff6bc52b7c850a7b0717782ce926530 HTTP/1.1" 406 213 "-" "-"
codigofuente-auth-1                | 172.22.0.21 - - [03/Apr/2023:19:44:45 +0000] "GET /auth/v1/users?access_token=7eada11a812eff429cb203bdaa5ac4ac9ff6bc52b7c850a7b0717782ce926530 HTTP/1.1" 406 213 "-" "-"
codigofuente-auth-1                | 172.22.0.21 - - [03/Apr/2023:19:44:45 +0000] "GET /auth/v1/users?access_token=7eada11a812eff429cb203bdaa5ac4ac9ff6bc52b7c850a7b0717782ce926530 HTTP/1.1" 406 213 "-" "-"
codigofuente-auth-1                | 172.22.0.21 - - [03/Apr/2023:19:44:45 +0000] "GET /auth/v1/users?access_token=7eada11a812eff429cb203bdaa5ac4ac9ff6bc52b7c850a7b0717782ce926530 HTTP/1.1" 406 213 "-" "-"
codigofuente-auth-1                | 172.22.0.21 - - [03/Apr/2023:19:44:45 +0000] "GET /auth/v1/users?access_token=7eada11a812eff429cb203bdaa5ac4ac9ff6bc52b7c850a7b0717782ce926530 HTTP/1.1" 406 213 "-" "-"
codigofuente-auth-1                | 172.22.0.21 - - [03/Apr/2023:19:44:45 +0000] "GET /auth/v1/users?access_token=7eada11a812eff429cb203bdaa5ac4ac9ff6bc52b7c850a7b0717782ce926530 HTTP/1.1" 406 213 "-" "-"
codigofuente-auth-1                | 172.22.0.21 - - [03/Apr/2023:19:44:46 +0000] "GET /auth/v1/users?access_token=7eada11a812eff429cb203bdaa5ac4ac9ff6bc52b7c850a7b0717782ce926530 HTTP/1.1" 406 213 "-" "-"
codigofuente-auth-1                | 172.22.0.21 - - [03/Apr/2023:19:44:46 +0000] "GET /auth/v1/users?access_token=7eada11a812eff429cb203bdaa5ac4ac9ff6bc52b7c850a7b0717782ce926530 HTTP/1.1" 406 213 "-" "-"
codigofuente-auth-1                | 172.22.0.21 - - [03/Apr/2023:19:44:46 +0000] "GET /auth/v1/users?access_token=7eada11a812eff429cb203bdaa5ac4ac9ff6bc52b7c850a7b0717782ce926530 HTTP/1.1" 406 213 "-" "-"
codigofuente-storage1-1            | 10.81.234.2 - - [03/Apr/2023:19:44:52 +0000] "POST /upload.php?file=c/92434461a07143b2ea17076a45c2d3f097321bc6&operationId=642b2cb464cfa5.02057965&tokenuser=7eada11a812eff429cb203bdaa5ac4ac9ff6bc52b7c850a7b0717782ce926530 HTTP/1.1" 200 300 "-" "Java/18.0.2-ea"
codigofuente-auth-1                | 172.22.0.21 - - [03/Apr/2023:19:44:46 +0000] "GET /auth/v1/users?access_token=7eada11a812eff429cb203bdaa5ac4ac9ff6bc52b7c850a7b0717782ce926530 HTTP/1.1" 406 213 "-" "-"
codigofuente-auth-1                | 172.22.0.21 - - [03/Apr/2023:19:44:46 +0000] "GET /auth/v1/users?access_token=7eada11a812eff429cb203bdaa5ac4ac9ff6bc52b7c850a7b0717782ce926530 HTTP/1.1" 406 213 "-" "-"
codigofuente-auth-1                | 172.22.0.21 - - [03/Apr/2023:19:44:46 +0000] "GET /auth/v1/users?access_token=7eada11a812eff429cb203bdaa5ac4ac9ff6bc52b7c850a7b0717782ce926530 HTTP/1.1" 406 213 "-" "-"
codigofuente-auth-1                | 172.22.0.21 - - [03/Apr/2023:19:44:46 +0000] "GET /auth/v1/users?access_token=7eada11a812eff429cb203bdaa5ac4ac9ff6bc52b7c850a7b0717782ce926530 HTTP/1.1" 406 213 "-" "-"
codigofuente-auth-1                | 172.22.0.21 - - [03/Apr/2023:19:44:46 +0000] "GET /auth/v1/users?access_token=7eada11a812eff429cb203bdaa5ac4ac9ff6bc52b7c850a7b0717782ce926530 HTTP/1.1" 406 213 "-" "-"
codigofuente-auth-1                | 172.22.0.21 - - [03/Apr/2023:19:44:46 +0000] "GET /auth/v1/users?access_token=7eada11a812eff429cb203bdaa5ac4ac9ff6bc52b7c850a7b0717782ce926530 HTTP/1.1" 406 213 "-" "-"
codigofuente-auth-1                | 172.22.0.21 - - [03/Apr/2023:19:44:46 +0000] "GET /auth/v1/users?access_token=7eada11a812eff429cb203bdaa5ac4ac9ff6bc52b7c850a7b0717782ce926530 HTTP/1.1" 406 213 "-" "-"
codigofuente-auth-1                | 172.22.0.21 - - [03/Apr/2023:19:44:46 +0000] "GET /auth/v1/users?access_token=7eada11a812eff429cb203bdaa5ac4ac9ff6bc52b7c850a7b0717782ce926530 HTTP/1.1" 406 213 "-" "-"
codigofuente-auth-1                | 172.22.0.21 - - [03/Apr/2023:19:44:46 +0000] "GET /auth/v1/users?access_token=7eada11a812eff429cb203bdaa5ac4ac9ff6bc52b7c850a7b0717782ce926530 HTTP/1.1" 406 213 "-" "-"
codigofuente-auth-1                | 172.22.0.21 - - [03/Apr/2023:19:44:46 +0000] "GET /auth/v1/users?access_token=7eada11a812eff429cb203bdaa5ac4ac9ff6bc52b7c850a7b0717782ce926530 HTTP/1.1" 406 213 "-" "-"
codigofuente-auth-1                | 172.22.0.21 - - [03/Apr/2023:19:44:46 +0000] "GET /auth/v1/users?access_token=7eada11a812eff429cb203bdaa5ac4ac9ff6bc52b7c850a7b0717782ce926530 HTTP/1.1" 406 213 "-" "-"
codigofuente-storage4-1            | 10.81.234.2 - - [03/Apr/2023:19:45:08 +0000] "POST /upload.php?file=c/047fa2a9204699b112363c43e233e9e267d216fb&operationId=642b2cc4c43b15.33340267&tokenuser=7eada11a812eff429cb203bdaa5ac4ac9ff6bc52b7c850a7b0717782ce926530 HTTP/1.1" 200 299 "-" "Java/18.0.2-ea"
codigofuente-auth-1                | 172.22.0.21 - - [03/Apr/2023:19:44:46 +0000] "GET /auth/v1/users?access_token=7eada11a812eff429cb203bdaa5ac4ac9ff6bc52b7c850a7b0717782ce926530 HTTP/1.1" 406 213 "-" "-"
codigofuente-storage4-1            | 10.81.234.2 - - [03/Apr/2023:19:45:08 +0000] "POST /upload.php?file=abekeys/1fad09797c2c482ad6576e703ea1bea2fbb2cee9&tokenuser=7eada11a812eff429cb203bdaa5ac4ac9ff6bc52b7c850a7b0717782ce926530 HTTP/1.1" 200 228 "-" "Java/18.0.2-ea"
codigofuente-auth-1                | 172.22.0.21 - - [03/Apr/2023:19:44:46 +0000] "GET /auth/v1/users?access_token=7eada11a812eff429cb203bdaa5ac4ac9ff6bc52b7c850a7b0717782ce926530 HTTP/1.1" 406 213 "-" "-"
codigofuente-apigateway-1          | 172.22.0.21 - - [03/Apr/2023:19:44:42 +0000] "POST /pub_sub/v1/catalogs/dc82bd3eb31c430f8acff5b3348ffc48b10337431cc1f52e4388348d55a13868/files/upload HTTP/1.1" 201 362 "-" "-"
codigofuente-apigateway-1          | 172.22.0.21 - - [03/Apr/2023:19:44:42 +0000] "POST /pub_sub/v1/catalogs/dc82bd3eb31c430f8acff5b3348ffc48b10337431cc1f52e4388348d55a13868/files/upload HTTP/1.1" 201 362 "-" "-"
codigofuente-apigateway-1          | 172.22.0.21 - - [03/Apr/2023:19:44:42 +0000] "POST /pub_sub/v1/catalogs/dc82bd3eb31c430f8acff5b3348ffc48b10337431cc1f52e4388348d55a13868/files/upload HTTP/1.1" 201 362 "-" "-"
codigofuente-apigateway-1          | 172.22.0.21 - - [03/Apr/2023:19:44:42 +0000] "POST /pub_sub/v1/catalogs/dc82bd3eb31c430f8acff5b3348ffc48b10337431cc1f52e4388348d55a13868/files/upload HTTP/1.1" 201 362 "-" "-"
codigofuente-apigateway-1          | 172.22.0.21 - - [03/Apr/2023:19:44:42 +0000] "POST /pub_sub/v1/catalogs/dc82bd3eb31c430f8acff5b3348ffc48b10337431cc1f52e4388348d55a13868/files/upload HTTP/1.1" 201 362 "-" "-"
codigofuente-apigateway-1          | 172.22.0.21 - - [03/Apr/2023:19:44:42 +0000] "POST /pub_sub/v1/catalogs/dc82bd3eb31c430f8acff5b3348ffc48b10337431cc1f52e4388348d55a13868/files/upload HTTP/1.1" 201 362 "-" "-"
codigofuente-apigateway-1          | 172.22.0.21 - - [03/Apr/2023:19:44:42 +0000] "POST /pub_sub/v1/catalogs/dc82bd3eb31c430f8acff5b3348ffc48b10337431cc1f52e4388348d55a13868/files/upload HTTP/1.1" 201 362 "-" "-"
codigofuente-apigateway-1          | 172.22.0.21 - - [03/Apr/2023:19:44:42 +0000] "POST /pub_sub/v1/catalogs/dc82bd3eb31c430f8acff5b3348ffc48b10337431cc1f52e4388348d55a13868/files/upload HTTP/1.1" 201 362 "-" "-"
codigofuente-apigateway-1          | 172.22.0.21 - - [03/Apr/2023:19:44:42 +0000] "POST /pub_sub/v1/catalogs/dc82bd3eb31c430f8acff5b3348ffc48b10337431cc1f52e4388348d55a13868/files/upload HTTP/1.1" 201 362 "-" "-"
codigofuente-apigateway-1          | 172.22.0.21 - - [03/Apr/2023:19:44:42 +0000] "POST /pub_sub/v1/catalogs/dc82bd3eb31c430f8acff5b3348ffc48b10337431cc1f52e4388348d55a13868/files/upload HTTP/1.1" 201 362 "-" "-"
codigofuente-apigateway-1          | 172.22.0.21 - - [03/Apr/2023:19:44:42 +0000] "POST /pub_sub/v1/catalogs/dc82bd3eb31c430f8acff5b3348ffc48b10337431cc1f52e4388348d55a13868/files/upload HTTP/1.1" 201 362 "-" "-"
codigofuente-apigateway-1          | 172.22.0.21 - - [03/Apr/2023:19:44:42 +0000] "POST /pub_sub/v1/catalogs/dc82bd3eb31c430f8acff5b3348ffc48b10337431cc1f52e4388348d55a13868/files/upload HTTP/1.1" 201 362 "-" "-"
codigofuente-apigateway-1          | 172.22.0.21 - - [03/Apr/2023:19:44:42 +0000] "POST /pub_sub/v1/catalogs/dc82bd3eb31c430f8acff5b3348ffc48b10337431cc1f52e4388348d55a13868/files/upload HTTP/1.1" 201 362 "-" "-"
codigofuente-apigateway-1          | 172.22.0.21 - - [03/Apr/2023:19:44:42 +0000] "POST /pub_sub/v1/catalogs/dc82bd3eb31c430f8acff5b3348ffc48b10337431cc1f52e4388348d55a13868/files/upload HTTP/1.1" 201 362 "-" "-"
