codigofuente-storage4-1            | 10.81.234.2 - - [03/Apr/2023:19:45:09 +0000] "POST /upload.php?file=abekeys/412f6fcbb566b11fcfdd02288e672556f236d035&tokenuser=7eada11a812eff429cb203bdaa5ac4ac9ff6bc52b7c850a7b0717782ce926530 HTTP/1.1" 200 228 "-" "Java/18.0.2-ea"
codigofuente-storage4-1            | 10.81.234.2 - - [03/Apr/2023:19:45:09 +0000] "POST /upload.php?file=c/412f6fcbb566b11fcfdd02288e672556f236d035&operationId=642b2cc5209990.59607572&tokenuser=7eada11a812eff429cb203bdaa5ac4ac9ff6bc52b7c850a7b0717782ce926530 HTTP/1.1" 200 300 "-" "Java/18.0.2-ea"
codigofuente-storage4-1            | 10.81.234.2 - - [03/Apr/2023:19:45:09 +0000] "POST /upload.php?file=abekeys/a08d07954ad2f00038e6ca7e9135e88ed5ca94b5&tokenuser=7eada11a812eff429cb203bdaa5ac4ac9ff6bc52b7c850a7b0717782ce926530 HTTP/1.1" 200 228 "-" "Java/18.0.2-ea"
codigofuente-storage4-1            | 10.81.234.2 - - [03/Apr/2023:19:45:09 +0000] "POST /upload.php?file=abekeys/a1b6e62dfee2d8ab146e95b54d27e14be8256d1c&tokenuser=7eada11a812eff429cb203bdaa5ac4ac9ff6bc52b7c850a7b0717782ce926530 HTTP/1.1" 200 228 "-" "Java/18.0.2-ea"
codigofuente-storage4-1            | 10.81.234.2 - - [03/Apr/2023:19:45:09 +0000] "POST /upload.php?file=c/e832a425bb49761cca588dfcd8dfa71f9059a9a4&operationId=642b2cc576d1b3.50806461&tokenuser=7eada11a812eff429cb203bdaa5ac4ac9ff6bc52b7c850a7b0717782ce926530 HTTP/1.1" 200 300 "-" "Java/18.0.2-ea"
codigofuente-storage4-1            | 10.81.234.2 - - [03/Apr/2023:19:45:09 +0000] "POST /upload.php?file=c/82b4272267520948c629f379305770b8639d7a13&operationId=642b2cc575fd90.34179854&tokenuser=7eada11a812eff429cb203bdaa5ac4ac9ff6bc52b7c850a7b0717782ce926530 HTTP/1.1" 200 299 "-" "Java/18.0.2-ea"
codigofuente-storage4-1            | 10.81.234.2 - - [03/Apr/2023:19:45:09 +0000] "POST /upload.php?file=abekeys/8e7e43de158e89b9e1707724644c3a377e11f219&tokenuser=7eada11a812eff429cb203bdaa5ac4ac9ff6bc52b7c850a7b0717782ce926530 HTTP/1.1" 200 228 "-" "Java/18.0.2-ea"
codigofuente-storage4-1            | 10.81.234.2 - - [03/Apr/2023:19:45:09 +0000] "POST /upload.php?file=abekeys/50fb662e5be61636c256517973b7076c05ef8887&tokenuser=7eada11a812eff429cb203bdaa5ac4ac9ff6bc52b7c850a7b0717782ce926530 HTTP/1.1" 200 228 "-" "Java/18.0.2-ea"
codigofuente-storage4-1            | 10.81.234.2 - - [03/Apr/2023:19:45:10 +0000] "POST /upload.php?file=c/46ab73de48b14898209e88a5206b13714db2d339&operationId=642b2cc611df43.62144120&tokenuser=7eada11a812eff429cb203bdaa5ac4ac9ff6bc52b7c850a7b0717782ce926530 HTTP/1.1" 200 299 "-" "Java/18.0.2-ea"
codigofuente-storage4-1            | 10.81.234.2 - - [03/Apr/2023:19:45:10 +0000] "POST /upload.php?file=c/96ba7cae457151776493c0a065d2a5264ff96caa&operationId=642b2cc67b5ea3.70168146&tokenuser=7eada11a812eff429cb203bdaa5ac4ac9ff6bc52b7c850a7b0717782ce926530 HTTP/1.1" 200 300 "-" "Java/18.0.2-ea"
codigofuente-metadata-1            | 10.81.234.2 - - [03/Apr/2023:19:44:33 +0000] "GET //getCert.php?tokenuser=7eada11a812eff429cb203bdaa5ac4ac9ff6bc52b7c850a7b0717782ce926530&keyuser=bob HTTP/1.1" 200 310 "-" "Java/18.0.2-ea"
codigofuente-metadata-1            | 10.81.234.2 - - [03/Apr/2023:19:44:33 +0000] "GET /pubcerts/bob.cer HTTP/1.1" 200 1199 "-" "Java/18.0.2-ea"
codigofuente-metadata-1            | 10.81.234.2 - - [03/Apr/2023:19:44:33 +0000] "GET /pubcerts/bob.cer HTTP/1.1" 200 1199 "-" "Java/18.0.2-ea"
codigofuente-metadata-1            | 10.81.234.2 - - [03/Apr/2023:19:44:33 +0000] "GET /pubcerts/bob.cer HTTP/1.1" 200 1199 "-" "Java/18.0.2-ea"
codigofuente-metadata-1            | 10.81.234.2 - - [03/Apr/2023:19:44:33 +0000] "GET /pubcerts/bob.cer HTTP/1.1" 200 1199 "-" "Java/18.0.2-ea"
codigofuente-metadata-1            | 10.81.234.2 - - [03/Apr/2023:19:44:33 +0000] "GET //push.php?tokenuser=7eada11a812eff429cb203bdaa5ac4ac9ff6bc52b7c850a7b0717782ce926530&keyresource=3a7af1940b306dfb718c967187b7ecc8d68ac1149438356ce64a24c03bba88e5&namefile=Prueba183.dcm&sizefile=787240&dispersemode=SINGLE&isciphered=true&hashfile=96982babe605e324af496307024951e5&chunks=1 HTTP/1.1" 200 493 "-" "Java/18.0.2-ea"
codigofuente-metadata-1            | 10.81.234.2 - - [03/Apr/2023:19:44:33 +0000] "GET //push.php?tokenuser=7eada11a812eff429cb203bdaa5ac4ac9ff6bc52b7c850a7b0717782ce926530&keyresource=3a7af1940b306dfb718c967187b7ecc8d68ac1149438356ce64a24c03bba88e5&namefile=Prueba157.dcm&sizefile=787240&dispersemode=SINGLE&isciphered=true&hashfile=f148a371fc42e8d57e5e2271fc50cea4&chunks=1 HTTP/1.1" 200 493 "-" "Java/18.0.2-ea"
codigofuente-metadata-1            | 10.81.234.2 - - [03/Apr/2023:19:44:33 +0000] "GET //push.php?tokenuser=7eada11a812eff429cb203bdaa5ac4ac9ff6bc52b7c850a7b0717782ce926530&keyresource=3a7af1940b306dfb718c967187b7ecc8d68ac1149438356ce64a24c03bba88e5&namefile=Prueba177.dcm&sizefile=787240&dispersemode=SINGLE&isciphered=true&hashfile=7ca341ada1e546fd1037dc672f92e300&chunks=1 HTTP/1.1" 200 493 "-" "Java/18.0.2-ea"
codigofuente-metadata-1            | 10.81.234.2 - - [03/Apr/2023:19:44:33 +0000] "GET //push.php?tokenuser=7eada11a812eff429cb203bdaa5ac4ac9ff6bc52b7c850a7b0717782ce926530&keyresource=3a7af1940b306dfb718c967187b7ecc8d68ac1149438356ce64a24c03bba88e5&namefile=Prueba179.dcm&sizefile=787240&dispersemode=SINGLE&isciphered=true&hashfile=8b6702bffd07f0c4e19d61e8daa8abed&chunks=1 HTTP/1.1" 200 493 "-" "Java/18.0.2-ea"
codigofuente-metadata-1            | 172.22.0.15 - - [03/Apr/2023:19:44:33 +0000] "GET /updateOperation.php?operationId=642b2ca1c85b83.66172618&chunkId=c/9cee350b551babdfdd36967e3a3b5d3a98ffabb3 HTTP/1.1" 200 195 "-" "-"
codigofuente-metadata-1            | 172.22.0.15 - - [03/Apr/2023:19:44:33 +0000] "GET /updateOperation.php?operationId=642b2ca1c8f436.33012501&chunkId=c/1c800532fd5c1596eda840c14ee4cd87ed41b385 HTTP/1.1" 200 195 "-" "-"
codigofuente-metadata-1            | 172.22.0.8 - - [03/Apr/2023:19:44:33 +0000] "GET /updateOperation.php?operationId=642b2ca1cac650.77008460&chunkId=c/20378884d5d072c08b2dcdb9fd2c2320cb0a80f8 HTTP/1.1" 200 195 "-" "-"
codigofuente-storage4-1            | 10.81.234.2 - - [03/Apr/2023:19:45:10 +0000] "POST /upload.php?file=c/403400822da0c35e02bd2ccf599d4196264d8fd0&operationId=642b2cc67c1f11.41459250&tokenuser=7eada11a812eff429cb203bdaa5ac4ac9ff6bc52b7c850a7b0717782ce926530 HTTP/1.1" 200 300 "-" "Java/18.0.2-ea"
codigofuente-storage4-1            | 10.81.234.2 - - [03/Apr/2023:19:45:10 +0000] "POST /upload.php?file=abekeys/d4b9f5eea05754c84352790cf657cdf831d3870c&tokenuser=7eada11a812eff429cb203bdaa5ac4ac9ff6bc52b7c850a7b0717782ce926530 HTTP/1.1" 200 228 "-" "Java/18.0.2-ea"
codigofuente-storage4-1            | 10.81.234.2 - - [03/Apr/2023:19:45:10 +0000] "POST /upload.php?file=abekeys/c4163e3f55884a31a1d5b9e0383adad3f82295b4&tokenuser=7eada11a812eff429cb203bdaa5ac4ac9ff6bc52b7c850a7b0717782ce926530 HTTP/1.1" 200 228 "-" "Java/18.0.2-ea"
codigofuente-storage4-1            | 10.81.234.2 - - [03/Apr/2023:19:45:11 +0000] "POST /upload.php?file=c/8057ca300988ee11dd8b552303d797a0c9629c35&operationId=642b2cc728a3a7.40638397&tokenuser=7eada11a812eff429cb203bdaa5ac4ac9ff6bc52b7c850a7b0717782ce926530 HTTP/1.1" 200 300 "-" "Java/18.0.2-ea"
codigofuente-storage4-1            | 10.81.234.2 - - [03/Apr/2023:19:45:11 +0000] "POST /upload.php?file=c/2508599ec1ffd535e4dd65acd3be73cb57fbbefb&operationId=642b2cc728aaa0.92136381&tokenuser=7eada11a812eff429cb203bdaa5ac4ac9ff6bc52b7c850a7b0717782ce926530 HTTP/1.1" 200 299 "-" "Java/18.0.2-ea"
codigofuente-storage4-1            | 10.81.234.2 - - [03/Apr/2023:19:45:11 +0000] "POST /upload.php?file=abekeys/3a5b2bbe07deddb614377b1937af58465ebd13c6&tokenuser=7eada11a812eff429cb203bdaa5ac4ac9ff6bc52b7c850a7b0717782ce926530 HTTP/1.1" 200 228 "-" "Java/18.0.2-ea"
codigofuente-storage4-1            | 10.81.234.2 - - [03/Apr/2023:19:45:11 +0000] "POST /upload.php?file=abekeys/7530f3e579e9af1deaa210f4aa7f1a22b4873b79&tokenuser=7eada11a812eff429cb203bdaa5ac4ac9ff6bc52b7c850a7b0717782ce926530 HTTP/1.1" 200 228 "-" "Java/18.0.2-ea"
codigofuente-storage4-1            | 10.81.234.2 - - [03/Apr/2023:19:45:11 +0000] "POST /upload.php?file=c/139b24144a848210e98b655992012f856d7dd075&operationId=642b2cc79e8ea4.59235674&tokenuser=7eada11a812eff429cb203bdaa5ac4ac9ff6bc52b7c850a7b0717782ce926530 HTTP/1.1" 200 299 "-" "Java/18.0.2-ea"
codigofuente-storage4-1            | 10.81.234.2 - - [03/Apr/2023:19:45:11 +0000] "POST /upload.php?file=c/75d20062a224774a69a9b67d65974a54848eade1&operationId=642b2cc79e9826.43829825&tokenuser=7eada11a812eff429cb203bdaa5ac4ac9ff6bc52b7c850a7b0717782ce926530 HTTP/1.1" 200 299 "-" "Java/18.0.2-ea"
codigofuente-storage4-1            | 10.81.234.2 - - [03/Apr/2023:19:45:12 +0000] "POST /upload.php?file=abekeys/3b23d6cd9cb63c69ef3b4b13b2e88715af10ed19&tokenuser=7eada11a812eff429cb203bdaa5ac4ac9ff6bc52b7c850a7b0717782ce926530 HTTP/1.1" 200 228 "-" "Java/18.0.2-ea"
codigofuente-storage4-1            | 10.81.234.2 - - [03/Apr/2023:19:45:12 +0000] "POST /upload.php?file=c/b5131c8ee454798c80eca8505da85eb570351341&operationId=642b2cc85a0b42.32729373&tokenuser=7eada11a812eff429cb203bdaa5ac4ac9ff6bc52b7c850a7b0717782ce926530 HTTP/1.1" 200 298 "-" "Java/18.0.2-ea"
codigofuente-apigateway-1          | 172.22.0.21 - - [03/Apr/2023:19:44:42 +0000] "POST /pub_sub/v1/catalogs/dc82bd3eb31c430f8acff5b3348ffc48b10337431cc1f52e4388348d55a13868/files/upload HTTP/1.1" 201 362 "-" "-"
codigofuente-db_metadata-1         | 2023-04-03 19:48:21.078 UTC [4259] ERROR:  null value in column "chunk_id" violates not-null constraint
codigofuente-auth-1                | 172.22.0.21 - - [03/Apr/2023:19:44:46 +0000] "GET /auth/v1/users?access_token=7eada11a812eff429cb203bdaa5ac4ac9ff6bc52b7c850a7b0717782ce926530 HTTP/1.1" 406 213 "-" "-"
codigofuente-auth-1                | 172.22.0.21 - - [03/Apr/2023:19:44:46 +0000] "GET /auth/v1/users?access_token=7eada11a812eff429cb203bdaa5ac4ac9ff6bc52b7c850a7b0717782ce926530 HTTP/1.1" 406 213 "-" "-"
codigofuente-auth-1                | 172.22.0.21 - - [03/Apr/2023:19:44:47 +0000] "GET /auth/v1/users?access_token=7eada11a812eff429cb203bdaa5ac4ac9ff6bc52b7c850a7b0717782ce926530 HTTP/1.1" 406 213 "-" "-"
codigofuente-auth-1                | 172.22.0.21 - - [03/Apr/2023:19:44:47 +0000] "GET /auth/v1/users?access_token=7eada11a812eff429cb203bdaa5ac4ac9ff6bc52b7c850a7b0717782ce926530 HTTP/1.1" 406 213 "-" "-"
codigofuente-auth-1                | 172.22.0.21 - - [03/Apr/2023:19:44:47 +0000] "GET /auth/v1/users?access_token=7eada11a812eff429cb203bdaa5ac4ac9ff6bc52b7c850a7b0717782ce926530 HTTP/1.1" 406 213 "-" "-"
codigofuente-metadata-1            | 172.22.0.7 - - [03/Apr/2023:19:44:33 +0000] "GET /updateOperation.php?operationId=642b2ca1cbd124.64308985&chunkId=c/62e95ff5fdd9ceb4dd1c6c7f86a8371f92f3b35e HTTP/1.1" 200 195 "-" "-"
codigofuente-auth-1                | 172.22.0.21 - - [03/Apr/2023:19:44:47 +0000] "GET /auth/v1/users?access_token=7eada11a812eff429cb203bdaa5ac4ac9ff6bc52b7c850a7b0717782ce926530 HTTP/1.1" 406 213 "-" "-"
codigofuente-auth-1                | 172.22.0.21 - - [03/Apr/2023:19:44:47 +0000] "GET /auth/v1/users?access_token=7eada11a812eff429cb203bdaa5ac4ac9ff6bc52b7c850a7b0717782ce926530 HTTP/1.1" 406 213 "-" "-"
codigofuente-auth-1                | 172.22.0.21 - - [03/Apr/2023:19:44:47 +0000] "GET /auth/v1/users?access_token=7eada11a812eff429cb203bdaa5ac4ac9ff6bc52b7c850a7b0717782ce926530 HTTP/1.1" 406 213 "-" "-"
codigofuente-auth-1                | 172.22.0.21 - - [03/Apr/2023:19:44:47 +0000] "GET /auth/v1/users?access_token=7eada11a812eff429cb203bdaa5ac4ac9ff6bc52b7c850a7b0717782ce926530 HTTP/1.1" 406 213 "-" "-"
codigofuente-auth-1                | 172.22.0.21 - - [03/Apr/2023:19:44:47 +0000] "GET /auth/v1/users?access_token=7eada11a812eff429cb203bdaa5ac4ac9ff6bc52b7c850a7b0717782ce926530 HTTP/1.1" 406 213 "-" "-"
codigofuente-db_metadata-1         | 2023-04-03 19:48:21.078 UTC [4259] DETAIL:  Failing row contains (642b2d85132b22.77153762, 7eada11a812eff429cb203bdaa5ac4ac9ff6bc52b7c850a7b0717782ce926530, 727110998e3aa94471e95087efaffa9b6a98281a, null, 2, r, 0, 2023-04-03 19:48:21.078637).
codigofuente-db_metadata-1         | 2023-04-03 19:48:21.078 UTC [4259] STATEMENT:  INSERT INTO operations(id, user_id, file_id, chunk_id, node_id, type, status) VALUES($1, $2, $3, $4, $5, $6, '0');
codigofuente-db_metadata-1         | 2023-04-03 19:48:21.177 UTC [4264] ERROR:  null value in column "chunk_id" violates not-null constraint
codigofuente-db_metadata-1         | 2023-04-03 19:48:21.177 UTC [4264] DETAIL:  Failing row contains (642b2d852b1db2.45229733, 7eada11a812eff429cb203bdaa5ac4ac9ff6bc52b7c850a7b0717782ce926530, 6d2b64c53f41dfd8616732397ef22048aa1b0e66, null, 4, r, 0, 2023-04-03 19:48:21.176862).
codigofuente-db_metadata-1         | 2023-04-03 19:48:21.177 UTC [4264] STATEMENT:  INSERT INTO operations(id, user_id, file_id, chunk_id, node_id, type, status) VALUES($1, $2, $3, $4, $5, $6, '0');
codigofuente-db_metadata-1         | 2023-04-03 19:48:21.269 UTC [4269] ERROR:  null value in column "chunk_id" violates not-null constraint
codigofuente-db_metadata-1         | 2023-04-03 19:48:21.269 UTC [4269] DETAIL:  Failing row contains (642b2d8541a390.88194768, 7eada11a812eff429cb203bdaa5ac4ac9ff6bc52b7c850a7b0717782ce926530, 74a4dd86a42c313c80dc4e974c5e8b5b7a71b703, null, 5, r, 0, 2023-04-03 19:48:21.269038).
codigofuente-db_metadata-1         | 2023-04-03 19:48:21.269 UTC [4269] STATEMENT:  INSERT INTO operations(id, user_id, file_id, chunk_id, node_id, type, status) VALUES($1, $2, $3, $4, $5, $6, '0');
codigofuente-db_metadata-1         | 2023-04-03 19:48:21.368 UTC [4274] ERROR:  null value in column "chunk_id" violates not-null constraint
codigofuente-auth-1                | 172.22.0.21 - - [03/Apr/2023:19:44:47 +0000] "GET /auth/v1/users?access_token=7eada11a812eff429cb203bdaa5ac4ac9ff6bc52b7c850a7b0717782ce926530 HTTP/1.1" 406 213 "-" "-"
codigofuente-storage1-1            | 10.81.234.2 - - [03/Apr/2023:19:44:52 +0000] "POST /upload.php?file=abekeys/76b30eeb018033cc8120693bc1d0e3c9dedd22f8&tokenuser=7eada11a812eff429cb203bdaa5ac4ac9ff6bc52b7c850a7b0717782ce926530 HTTP/1.1" 200 228 "-" "Java/18.0.2-ea"
codigofuente-storage1-1            | 10.81.234.2 - - [03/Apr/2023:19:44:52 +0000] "POST /upload.php?file=abekeys/bf6a10e25e36174a14926081ebfc7a20c6eeeb95&tokenuser=7eada11a812eff429cb203bdaa5ac4ac9ff6bc52b7c850a7b0717782ce926530 HTTP/1.1" 200 228 "-" "Java/18.0.2-ea"
codigofuente-storage1-1            | 10.81.234.2 - - [03/Apr/2023:19:44:52 +0000] "POST /upload.php?file=abekeys/eb020c98cf7dd24ed2ac31079fdf6ec6ff6635bc&tokenuser=7eada11a812eff429cb203bdaa5ac4ac9ff6bc52b7c850a7b0717782ce926530 HTTP/1.1" 200 228 "-" "Java/18.0.2-ea"
codigofuente-storage1-1            | 10.81.234.2 - - [03/Apr/2023:19:44:52 +0000] "POST /upload.php?file=abekeys/273e6dea107bd6cd83c20bc77426d5b3f43a9064&tokenuser=7eada11a812eff429cb203bdaa5ac4ac9ff6bc52b7c850a7b0717782ce926530 HTTP/1.1" 200 228 "-" "Java/18.0.2-ea"
codigofuente-storage3-1            | 10.81.234.2 - - [03/Apr/2023:19:45:07 +0000] "POST /upload.php?file=abekeys/feeddd7658784647f9588f1d61a01be120391c60&tokenuser=7eada11a812eff429cb203bdaa5ac4ac9ff6bc52b7c850a7b0717782ce926530 HTTP/1.1" 200 228 "-" "Java/18.0.2-ea"
codigofuente-storage3-1            | 10.81.234.2 - - [03/Apr/2023:19:45:07 +0000] "POST /upload.php?file=c/49ce6fb04027c5a9bd2e1606b434a5e5390aec42&operationId=642b2cc3c59072.49931381&tokenuser=7eada11a812eff429cb203bdaa5ac4ac9ff6bc52b7c850a7b0717782ce926530 HTTP/1.1" 200 299 "-" "Java/18.0.2-ea"
codigofuente-storage3-1            | 10.81.234.2 - - [03/Apr/2023:19:45:08 +0000] "POST /upload.php?file=c/2ee5389d50149af72d367fc05949589cf079691b&operationId=642b2cc414f025.67440091&tokenuser=7eada11a812eff429cb203bdaa5ac4ac9ff6bc52b7c850a7b0717782ce926530 HTTP/1.1" 200 300 "-" "Java/18.0.2-ea"
codigofuente-storage3-1            | 10.81.234.2 - - [03/Apr/2023:19:45:08 +0000] "POST /upload.php?file=c/9cf50b0aca6cbde0c94d8c948fb37dc825b8bca9&operationId=642b2cc414f029.27311875&tokenuser=7eada11a812eff429cb203bdaa5ac4ac9ff6bc52b7c850a7b0717782ce926530 HTTP/1.1" 200 299 "-" "Java/18.0.2-ea"
codigofuente-storage3-1            | 10.81.234.2 - - [03/Apr/2023:19:45:08 +0000] "POST /upload.php?file=abekeys/0e6b0b178385294a3a8f9f170120f3ceb45a883b&tokenuser=7eada11a812eff429cb203bdaa5ac4ac9ff6bc52b7c850a7b0717782ce926530 HTTP/1.1" 200 228 "-" "Java/18.0.2-ea"
codigofuente-storage3-1            | 10.81.234.2 - - [03/Apr/2023:19:45:08 +0000] "POST /upload.php?file=abekeys/beaee8a2a1ebc3f9e3fa537521a010af319d2435&tokenuser=7eada11a812eff429cb203bdaa5ac4ac9ff6bc52b7c850a7b0717782ce926530 HTTP/1.1" 200 228 "-" "Java/18.0.2-ea"
codigofuente-storage3-1            | 10.81.234.2 - - [03/Apr/2023:19:45:08 +0000] "POST /upload.php?file=c/beaee8a2a1ebc3f9e3fa537521a010af319d2435&operationId=642b2cc4a582c1.57727482&tokenuser=7eada11a812eff429cb203bdaa5ac4ac9ff6bc52b7c850a7b0717782ce926530 HTTP/1.1" 200 300 "-" "Java/18.0.2-ea"
codigofuente-storage3-1            | 10.81.234.2 - - [03/Apr/2023:19:45:09 +0000] "POST /upload.php?file=c/1fad09797c2c482ad6576e703ea1bea2fbb2cee9&operationId=642b2cc4db7312.71738014&tokenuser=7eada11a812eff429cb203bdaa5ac4ac9ff6bc52b7c850a7b0717782ce926530 HTTP/1.1" 200 299 "-" "Java/18.0.2-ea"
codigofuente-auth-1                | 172.22.0.21 - - [03/Apr/2023:19:44:47 +0000] "GET /auth/v1/users?access_token=7eada11a812eff429cb203bdaa5ac4ac9ff6bc52b7c850a7b0717782ce926530 HTTP/1.1" 406 213 "-" "-"
codigofuente-storage1-1            | 10.81.234.2 - - [03/Apr/2023:19:44:53 +0000] "POST /upload.php?file=c/ab7d8bc65e486240ba67740f2a398eb91ad68d74&operationId=642b2cb5239cc5.66926507&tokenuser=7eada11a812eff429cb203bdaa5ac4ac9ff6bc52b7c850a7b0717782ce926530 HTTP/1.1" 200 300 "-" "Java/18.0.2-ea"
codigofuente-storage1-1            | 10.81.234.2 - - [03/Apr/2023:19:44:53 +0000] "POST /upload.php?file=c/ef55cd671d263f3cb18b0e3c06824feff8de9040&operationId=642b2cb523ce08.31689816&tokenuser=7eada11a812eff429cb203bdaa5ac4ac9ff6bc52b7c850a7b0717782ce926530 HTTP/1.1" 200 299 "-" "Java/18.0.2-ea"
codigofuente-storage1-1            | 10.81.234.2 - - [03/Apr/2023:19:44:53 +0000] "POST /upload.php?file=c/278de6ec2640730344e70470e33964c1ec78c342&operationId=642b2cb5244c88.43659479&tokenuser=7eada11a812eff429cb203bdaa5ac4ac9ff6bc52b7c850a7b0717782ce926530 HTTP/1.1" 200 299 "-" "Java/18.0.2-ea"
codigofuente-storage1-1            | 10.81.234.2 - - [03/Apr/2023:19:44:53 +0000] "POST /upload.php?file=abekeys/dbff47fb654f4b2c627e76041fd22c517d729804&tokenuser=7eada11a812eff429cb203bdaa5ac4ac9ff6bc52b7c850a7b0717782ce926530 HTTP/1.1" 200 228 "-" "Java/18.0.2-ea"
codigofuente-storage1-1            | 10.81.234.2 - - [03/Apr/2023:19:44:53 +0000] "POST /upload.php?file=c/1c4668f3c29ebacc178a9e0ade825a428bea2cf2&operationId=642b2cb5deacb6.76068770&tokenuser=7eada11a812eff429cb203bdaa5ac4ac9ff6bc52b7c850a7b0717782ce926530 HTTP/1.1" 200 300 "-" "Java/18.0.2-ea"
codigofuente-storage1-1            | 10.81.234.2 - - [03/Apr/2023:19:44:54 +0000] "POST /upload.php?file=c/26be03f368ee21fa791a5e752212af1f86aaf1da&operationId=642b2cb62a7b38.81194106&tokenuser=7eada11a812eff429cb203bdaa5ac4ac9ff6bc52b7c850a7b0717782ce926530 HTTP/1.1" 200 300 "-" "Java/18.0.2-ea"
codigofuente-storage1-1            | 10.81.234.2 - - [03/Apr/2023:19:44:54 +0000] "POST /upload.php?file=abekeys/2f4172df545adbc8fef424dac844f86ee21d1c17&tokenuser=7eada11a812eff429cb203bdaa5ac4ac9ff6bc52b7c850a7b0717782ce926530 HTTP/1.1" 200 228 "-" "Java/18.0.2-ea"
codigofuente-storage4-1            | 10.81.234.2 - - [03/Apr/2023:19:45:12 +0000] "POST /upload.php?file=abekeys/cb450a56fdbb79d549e6add6844200319244dc36&tokenuser=7eada11a812eff429cb203bdaa5ac4ac9ff6bc52b7c850a7b0717782ce926530 HTTP/1.1" 200 228 "-" "Java/18.0.2-ea"
codigofuente-storage4-1            | 10.81.234.2 - - [03/Apr/2023:19:45:12 +0000] "POST /upload.php?file=abekeys/1512eab3ec7d3b716ef6bb8c796160cf39841082&tokenuser=7eada11a812eff429cb203bdaa5ac4ac9ff6bc52b7c850a7b0717782ce926530 HTTP/1.1" 200 228 "-" "Java/18.0.2-ea"
codigofuente-storage4-1            | 10.81.234.2 - - [03/Apr/2023:19:45:12 +0000] "POST /upload.php?file=abekeys/d89f669d07124f8c64533ddd66b5b66cf49fcf4f&tokenuser=7eada11a812eff429cb203bdaa5ac4ac9ff6bc52b7c850a7b0717782ce926530 HTTP/1.1" 200 229 "-" "Java/18.0.2-ea"
codigofuente-storage4-1            | 10.81.234.2 - - [03/Apr/2023:19:45:12 +0000] "POST /upload.php?file=c/cb450a56fdbb79d549e6add6844200319244dc36&operationId=642b2cc897b3f5.12725863&tokenuser=7eada11a812eff429cb203bdaa5ac4ac9ff6bc52b7c850a7b0717782ce926530 HTTP/1.1" 200 299 "-" "Java/18.0.2-ea"
codigofuente-storage4-1            | 10.81.234.2 - - [03/Apr/2023:19:45:12 +0000] "POST /upload.php?file=c/d89f669d07124f8c64533ddd66b5b66cf49fcf4f&operationId=642b2cc897bf59.06206400&tokenuser=7eada11a812eff429cb203bdaa5ac4ac9ff6bc52b7c850a7b0717782ce926530 HTTP/1.1" 200 298 "-" "Java/18.0.2-ea"
codigofuente-storage4-1            | 10.81.234.2 - - [03/Apr/2023:19:45:12 +0000] "POST /upload.php?file=c/1512eab3ec7d3b716ef6bb8c796160cf39841082&operationId=642b2cc897bcc3.56573301&tokenuser=7eada11a812eff429cb203bdaa5ac4ac9ff6bc52b7c850a7b0717782ce926530 HTTP/1.1" 200 298 "-" "Java/18.0.2-ea"
codigofuente-storage4-1            | 10.81.234.2 - - [03/Apr/2023:19:45:13 +0000] "POST /upload.php?file=abekeys/2d02586bb0d577e81312d3376bdf7dc17048ca73&tokenuser=7eada11a812eff429cb203bdaa5ac4ac9ff6bc52b7c850a7b0717782ce926530 HTTP/1.1" 200 228 "-" "Java/18.0.2-ea"
codigofuente-storage4-1            | 10.81.234.2 - - [03/Apr/2023:19:45:13 +0000] "POST /upload.php?file=abekeys/f056fbcf9496b77c752a45c9d12459effd29b13a&tokenuser=7eada11a812eff429cb203bdaa5ac4ac9ff6bc52b7c850a7b0717782ce926530 HTTP/1.1" 200 228 "-" "Java/18.0.2-ea"
codigofuente-storage4-1            | 10.81.234.2 - - [03/Apr/2023:19:45:13 +0000] "POST /upload.php?file=abekeys/016358d36752bdb11bf902167042060c6578157c&tokenuser=7eada11a812eff429cb203bdaa5ac4ac9ff6bc52b7c850a7b0717782ce926530 HTTP/1.1" 200 228 "-" "Java/18.0.2-ea"
codigofuente-storage4-1            | 10.81.234.2 - - [03/Apr/2023:19:45:13 +0000] "POST /upload.php?file=abekeys/14e6ab7baa9f7fc31cb279483de066037b5f37ae&tokenuser=7eada11a812eff429cb203bdaa5ac4ac9ff6bc52b7c850a7b0717782ce926530 HTTP/1.1" 200 228 "-" "Java/18.0.2-ea"
codigofuente-storage4-1            | 10.81.234.2 - - [03/Apr/2023:19:45:13 +0000] "POST /upload.php?file=c/70ebc075e093d9d89a19cb98cbd0d2ba8cabc5fb&operationId=642b2cc99a50f5.11634526&tokenuser=7eada11a812eff429cb203bdaa5ac4ac9ff6bc52b7c850a7b0717782ce926530 HTTP/1.1" 200 300 "-" "Java/18.0.2-ea"
codigofuente-storage5-1            | 10.81.234.2 - - [03/Apr/2023:19:44:54 +0000] "POST /upload.php?file=abekeys/0634c8898cea0ede598aa4533ebf080e5f144fc6&tokenuser=7eada11a812eff429cb203bdaa5ac4ac9ff6bc52b7c850a7b0717782ce926530 HTTP/1.1" 200 228 "-" "Java/18.0.2-ea"
codigofuente-storage5-1            | 10.81.234.2 - - [03/Apr/2023:19:44:54 +0000] "POST /upload.php?file=c/32b186fbb833341c09675319e9b159c2e77d003f&operationId=642b2cb6cefbc3.39180193&tokenuser=7eada11a812eff429cb203bdaa5ac4ac9ff6bc52b7c850a7b0717782ce926530 HTTP/1.1" 200 299 "-" "Java/18.0.2-ea"
codigofuente-storage5-1            | 10.81.234.2 - - [03/Apr/2023:19:44:54 +0000] "POST /upload.php?file=c/240a5cc25a1e38af50a1e86d2b90df77c2ef1b17&operationId=642b2cb6d94233.00261334&tokenuser=7eada11a812eff429cb203bdaa5ac4ac9ff6bc52b7c850a7b0717782ce926530 HTTP/1.1" 200 300 "-" "Java/18.0.2-ea"
codigofuente-storage5-1            | 10.81.234.2 - - [03/Apr/2023:19:44:55 +0000] "POST /upload.php?file=abekeys/ab09f9c6e6117b5dcc0f20be87f8f1c17c725c5c&tokenuser=7eada11a812eff429cb203bdaa5ac4ac9ff6bc52b7c850a7b0717782ce926530 HTTP/1.1" 200 228 "-" "Java/18.0.2-ea"
codigofuente-storage5-1            | 10.81.234.2 - - [03/Apr/2023:19:44:55 +0000] "POST /upload.php?file=c/232823954a55da0c7496d37f82ebf76420053a10&operationId=642b2cb7592df8.07129799&tokenuser=7eada11a812eff429cb203bdaa5ac4ac9ff6bc52b7c850a7b0717782ce926530 HTTP/1.1" 200 300 "-" "Java/18.0.2-ea"
codigofuente-storage5-1            | 10.81.234.2 - - [03/Apr/2023:19:44:55 +0000] "POST /upload.php?file=c/71e70c47f907f68529ca4c497bb25d38db9983ed&operationId=642b2cb758e463.92553766&tokenuser=7eada11a812eff429cb203bdaa5ac4ac9ff6bc52b7c850a7b0717782ce926530 HTTP/1.1" 200 299 "-" "Java/18.0.2-ea"
codigofuente-storage5-1            | 10.81.234.2 - - [03/Apr/2023:19:44:55 +0000] "POST /upload.php?file=abekeys/e148f66b364908bca12ad473b1d6cdf046d0a53b&tokenuser=7eada11a812eff429cb203bdaa5ac4ac9ff6bc52b7c850a7b0717782ce926530 HTTP/1.1" 200 228 "-" "Java/18.0.2-ea"
codigofuente-storage5-1            | 10.81.234.2 - - [03/Apr/2023:19:44:55 +0000] "POST /upload.php?file=abekeys/b7978529b25a008c1f78843ce5b0ab269a4cf11d&tokenuser=7eada11a812eff429cb203bdaa5ac4ac9ff6bc52b7c850a7b0717782ce926530 HTTP/1.1" 200 228 "-" "Java/18.0.2-ea"
codigofuente-storage5-1            | 10.81.234.2 - - [03/Apr/2023:19:44:55 +0000] "POST /upload.php?file=c/3780b62f23587975ee9d0f53134fee021205559a&operationId=642b2cb7c765b1.03099884&tokenuser=7eada11a812eff429cb203bdaa5ac4ac9ff6bc52b7c850a7b0717782ce926530 HTTP/1.1" 200 300 "-" "Java/18.0.2-ea"
codigofuente-storage5-1            | 10.81.234.2 - - [03/Apr/2023:19:44:56 +0000] "POST /upload.php?file=abekeys/0e398aa5f64bb439d4be6df1418b254840e9638b&tokenuser=7eada11a812eff429cb203bdaa5ac4ac9ff6bc52b7c850a7b0717782ce926530 HTTP/1.1" 200 228 "-" "Java/18.0.2-ea"
codigofuente-storage5-1            | 10.81.234.2 - - [03/Apr/2023:19:44:56 +0000] "POST /upload.php?file=c/87d7cc9d4fa8b1b693c22c304fd303183e111715&operationId=642b2cb80dec12.21951948&tokenuser=7eada11a812eff429cb203bdaa5ac4ac9ff6bc52b7c850a7b0717782ce926530 HTTP/1.1" 200 300 "-" "Java/18.0.2-ea"
codigofuente-db_metadata-1         | 2023-04-03 19:48:21.368 UTC [4274] DETAIL:  Failing row contains (642b2d8559da64.98295706, 7eada11a812eff429cb203bdaa5ac4ac9ff6bc52b7c850a7b0717782ce926530, b6f20c98e758d70c84307996d0de884f9ea136c3, null, 2, r, 0, 2023-04-03 19:48:21.368171).
codigofuente-auth-1                | 172.22.0.21 - - [03/Apr/2023:19:44:47 +0000] "GET /auth/v1/users?access_token=7eada11a812eff429cb203bdaa5ac4ac9ff6bc52b7c850a7b0717782ce926530 HTTP/1.1" 406 213 "-" "-"
codigofuente-apigateway-1          | 172.22.0.21 - - [03/Apr/2023:19:44:42 +0000] "POST /pub_sub/v1/catalogs/dc82bd3eb31c430f8acff5b3348ffc48b10337431cc1f52e4388348d55a13868/files/upload HTTP/1.1" 201 362 "-" "-"
codigofuente-apigateway-1          | 172.22.0.21 - - [03/Apr/2023:19:44:42 +0000] "POST /pub_sub/v1/catalogs/dc82bd3eb31c430f8acff5b3348ffc48b10337431cc1f52e4388348d55a13868/files/upload HTTP/1.1" 201 362 "-" "-"
codigofuente-apigateway-1          | 172.22.0.21 - - [03/Apr/2023:19:44:43 +0000] "POST /pub_sub/v1/catalogs/dc82bd3eb31c430f8acff5b3348ffc48b10337431cc1f52e4388348d55a13868/files/upload HTTP/1.1" 201 362 "-" "-"
codigofuente-apigateway-1          | 172.22.0.21 - - [03/Apr/2023:19:44:43 +0000] "POST /pub_sub/v1/catalogs/dc82bd3eb31c430f8acff5b3348ffc48b10337431cc1f52e4388348d55a13868/files/upload HTTP/1.1" 201 362 "-" "-"
codigofuente-apigateway-1          | 172.22.0.21 - - [03/Apr/2023:19:44:43 +0000] "POST /pub_sub/v1/catalogs/dc82bd3eb31c430f8acff5b3348ffc48b10337431cc1f52e4388348d55a13868/files/upload HTTP/1.1" 201 362 "-" "-"
codigofuente-storage1-1            | 10.81.234.2 - - [03/Apr/2023:19:44:54 +0000] "POST /upload.php?file=abekeys/7e5711a292307993d9b37b9eb80083570e1a180d&tokenuser=7eada11a812eff429cb203bdaa5ac4ac9ff6bc52b7c850a7b0717782ce926530 HTTP/1.1" 200 228 "-" "Java/18.0.2-ea"
codigofuente-apigateway-1          | 172.22.0.21 - - [03/Apr/2023:19:44:43 +0000] "POST /pub_sub/v1/catalogs/dc82bd3eb31c430f8acff5b3348ffc48b10337431cc1f52e4388348d55a13868/files/upload HTTP/1.1" 201 362 "-" "-"
codigofuente-apigateway-1          | 172.22.0.21 - - [03/Apr/2023:19:44:43 +0000] "POST /pub_sub/v1/catalogs/dc82bd3eb31c430f8acff5b3348ffc48b10337431cc1f52e4388348d55a13868/files/upload HTTP/1.1" 201 362 "-" "-"
codigofuente-apigateway-1          | 172.22.0.21 - - [03/Apr/2023:19:44:43 +0000] "POST /pub_sub/v1/catalogs/dc82bd3eb31c430f8acff5b3348ffc48b10337431cc1f52e4388348d55a13868/files/upload HTTP/1.1" 201 362 "-" "-"
codigofuente-apigateway-1          | 172.22.0.21 - - [03/Apr/2023:19:44:43 +0000] "POST /pub_sub/v1/catalogs/dc82bd3eb31c430f8acff5b3348ffc48b10337431cc1f52e4388348d55a13868/files/upload HTTP/1.1" 201 362 "-" "-"
codigofuente-apigateway-1          | 172.22.0.21 - - [03/Apr/2023:19:44:43 +0000] "POST /pub_sub/v1/catalogs/dc82bd3eb31c430f8acff5b3348ffc48b10337431cc1f52e4388348d55a13868/files/upload HTTP/1.1" 201 362 "-" "-"
codigofuente-apigateway-1          | 172.22.0.21 - - [03/Apr/2023:19:44:43 +0000] "POST /pub_sub/v1/catalogs/dc82bd3eb31c430f8acff5b3348ffc48b10337431cc1f52e4388348d55a13868/files/upload HTTP/1.1" 201 362 "-" "-"
codigofuente-apigateway-1          | 172.22.0.21 - - [03/Apr/2023:19:44:43 +0000] "POST /pub_sub/v1/catalogs/dc82bd3eb31c430f8acff5b3348ffc48b10337431cc1f52e4388348d55a13868/files/upload HTTP/1.1" 201 362 "-" "-"
codigofuente-apigateway-1          | 172.22.0.21 - - [03/Apr/2023:19:44:43 +0000] "POST /pub_sub/v1/catalogs/dc82bd3eb31c430f8acff5b3348ffc48b10337431cc1f52e4388348d55a13868/files/upload HTTP/1.1" 201 362 "-" "-"
codigofuente-apigateway-1          | 172.22.0.21 - - [03/Apr/2023:19:44:43 +0000] "POST /pub_sub/v1/catalogs/dc82bd3eb31c430f8acff5b3348ffc48b10337431cc1f52e4388348d55a13868/files/upload HTTP/1.1" 201 362 "-" "-"
codigofuente-apigateway-1          | 172.22.0.21 - - [03/Apr/2023:19:44:43 +0000] "POST /pub_sub/v1/catalogs/dc82bd3eb31c430f8acff5b3348ffc48b10337431cc1f52e4388348d55a13868/files/upload HTTP/1.1" 201 362 "-" "-"
codigofuente-db_metadata-1         | 2023-04-03 19:48:21.368 UTC [4274] STATEMENT:  INSERT INTO operations(id, user_id, file_id, chunk_id, node_id, type, status) VALUES($1, $2, $3, $4, $5, $6, '0');
codigofuente-db_metadata-1         | 2023-04-03 19:48:21.486 UTC [4279] ERROR:  null value in column "chunk_id" violates not-null constraint
codigofuente-db_metadata-1         | 2023-04-03 19:48:21.486 UTC [4279] DETAIL:  Failing row contains (642b2d8576ac47.98549528, 7eada11a812eff429cb203bdaa5ac4ac9ff6bc52b7c850a7b0717782ce926530, 31f4e7b43d698dd150c7b6aa4d119337c60f3bb7, null, 5, r, 0, 2023-04-03 19:48:21.4863).
codigofuente-db_metadata-1         | 2023-04-03 19:48:21.486 UTC [4279] STATEMENT:  INSERT INTO operations(id, user_id, file_id, chunk_id, node_id, type, status) VALUES($1, $2, $3, $4, $5, $6, '0');
codigofuente-db_metadata-1         | 2023-04-03 19:48:21.619 UTC [4284] ERROR:  null value in column "chunk_id" violates not-null constraint
codigofuente-db_metadata-1         | 2023-04-03 19:48:21.619 UTC [4284] DETAIL:  Failing row contains (642b2d859748e6.51185909, 7eada11a812eff429cb203bdaa5ac4ac9ff6bc52b7c850a7b0717782ce926530, f8c1fe873a3c8f32cf616cb08b906374c4aee013, null, 4, r, 0, 2023-04-03 19:48:21.619839).
codigofuente-db_metadata-1         | 2023-04-03 19:48:21.619 UTC [4284] STATEMENT:  INSERT INTO operations(id, user_id, file_id, chunk_id, node_id, type, status) VALUES($1, $2, $3, $4, $5, $6, '0');
codigofuente-db_metadata-1         | 2023-04-03 19:48:21.752 UTC [4289] ERROR:  null value in column "chunk_id" violates not-null constraint
codigofuente-db_metadata-1         | 2023-04-03 19:48:21.752 UTC [4289] DETAIL:  Failing row contains (642b2d85b79c77.97158329, 7eada11a812eff429cb203bdaa5ac4ac9ff6bc52b7c850a7b0717782ce926530, f8f7444c63e7e1e952dcb1e9e2351d423050a9a2, null, 4, r, 0, 2023-04-03 19:48:21.752205).
codigofuente-db_metadata-1         | 2023-04-03 19:48:21.752 UTC [4289] STATEMENT:  INSERT INTO operations(id, user_id, file_id, chunk_id, node_id, type, status) VALUES($1, $2, $3, $4, $5, $6, '0');
codigofuente-storage1-1            | 10.81.234.2 - - [03/Apr/2023:19:44:54 +0000] "POST /upload.php?file=c/ac487d6dd0b1e309a4697ce96dc03e595ea9ac7f&operationId=642b2cb6957295.93276955&tokenuser=7eada11a812eff429cb203bdaa5ac4ac9ff6bc52b7c850a7b0717782ce926530 HTTP/1.1" 200 300 "-" "Java/18.0.2-ea"
codigofuente-apigateway-1          | 172.22.0.21 - - [03/Apr/2023:19:44:44 +0000] "POST /pub_sub/v1/catalogs/dc82bd3eb31c430f8acff5b3348ffc48b10337431cc1f52e4388348d55a13868/files/upload HTTP/1.1" 201 362 "-" "-"
codigofuente-apigateway-1          | 172.22.0.21 - - [03/Apr/2023:19:44:44 +0000] "POST /pub_sub/v1/catalogs/dc82bd3eb31c430f8acff5b3348ffc48b10337431cc1f52e4388348d55a13868/files/upload HTTP/1.1" 201 362 "-" "-"
codigofuente-apigateway-1          | 172.22.0.21 - - [03/Apr/2023:19:44:44 +0000] "POST /pub_sub/v1/catalogs/dc82bd3eb31c430f8acff5b3348ffc48b10337431cc1f52e4388348d55a13868/files/upload HTTP/1.1" 201 362 "-" "-"
codigofuente-apigateway-1          | 172.22.0.21 - - [03/Apr/2023:19:44:44 +0000] "POST /pub_sub/v1/catalogs/dc82bd3eb31c430f8acff5b3348ffc48b10337431cc1f52e4388348d55a13868/files/upload HTTP/1.1" 201 362 "-" "-"
codigofuente-apigateway-1          | 172.22.0.21 - - [03/Apr/2023:19:44:44 +0000] "POST /pub_sub/v1/catalogs/dc82bd3eb31c430f8acff5b3348ffc48b10337431cc1f52e4388348d55a13868/files/upload HTTP/1.1" 201 362 "-" "-"
codigofuente-apigateway-1          | 172.22.0.21 - - [03/Apr/2023:19:44:44 +0000] "POST /pub_sub/v1/catalogs/dc82bd3eb31c430f8acff5b3348ffc48b10337431cc1f52e4388348d55a13868/files/upload HTTP/1.1" 201 362 "-" "-"
codigofuente-apigateway-1          | 172.22.0.21 - - [03/Apr/2023:19:44:44 +0000] "POST /pub_sub/v1/catalogs/dc82bd3eb31c430f8acff5b3348ffc48b10337431cc1f52e4388348d55a13868/files/upload HTTP/1.1" 201 362 "-" "-"
codigofuente-apigateway-1          | 172.22.0.21 - - [03/Apr/2023:19:44:44 +0000] "POST /pub_sub/v1/catalogs/dc82bd3eb31c430f8acff5b3348ffc48b10337431cc1f52e4388348d55a13868/files/upload HTTP/1.1" 201 362 "-" "-"
codigofuente-apigateway-1          | 172.22.0.21 - - [03/Apr/2023:19:44:44 +0000] "POST /pub_sub/v1/catalogs/dc82bd3eb31c430f8acff5b3348ffc48b10337431cc1f52e4388348d55a13868/files/upload HTTP/1.1" 201 362 "-" "-"
codigofuente-storage3-1            | 10.81.234.2 - - [03/Apr/2023:19:45:09 +0000] "POST /upload.php?file=abekeys/48ed040ace9d954639daf344953d114d166b398f&tokenuser=7eada11a812eff429cb203bdaa5ac4ac9ff6bc52b7c850a7b0717782ce926530 HTTP/1.1" 200 228 "-" "Java/18.0.2-ea"
codigofuente-storage3-1            | 10.81.234.2 - - [03/Apr/2023:19:45:09 +0000] "POST /upload.php?file=abekeys/fd6dc65011ff311fd6dde795003b5476fac8297f&tokenuser=7eada11a812eff429cb203bdaa5ac4ac9ff6bc52b7c850a7b0717782ce926530 HTTP/1.1" 200 228 "-" "Java/18.0.2-ea"
codigofuente-storage3-1            | 10.81.234.2 - - [03/Apr/2023:19:45:09 +0000] "POST /upload.php?file=c/fd6dc65011ff311fd6dde795003b5476fac8297f&operationId=642b2cc5535336.32248178&tokenuser=7eada11a812eff429cb203bdaa5ac4ac9ff6bc52b7c850a7b0717782ce926530 HTTP/1.1" 200 299 "-" "Java/18.0.2-ea"
codigofuente-storage3-1            | 10.81.234.2 - - [03/Apr/2023:19:45:09 +0000] "POST /upload.php?file=abekeys/82b4272267520948c629f379305770b8639d7a13&tokenuser=7eada11a812eff429cb203bdaa5ac4ac9ff6bc52b7c850a7b0717782ce926530 HTTP/1.1" 200 228 "-" "Java/18.0.2-ea"
codigofuente-storage3-1            | 10.81.234.2 - - [03/Apr/2023:19:45:09 +0000] "POST /upload.php?file=c/3222c4acdb4b38ca5ad1c0845a87fddd41410644&operationId=642b2cc5a21596.26455196&tokenuser=7eada11a812eff429cb203bdaa5ac4ac9ff6bc52b7c850a7b0717782ce926530 HTTP/1.1" 200 300 "-" "Java/18.0.2-ea"
codigofuente-storage3-1            | 10.81.234.2 - - [03/Apr/2023:19:45:09 +0000] "POST /upload.php?file=abekeys/13c97bc6898961e554c973d2ac86124b368c304f&tokenuser=7eada11a812eff429cb203bdaa5ac4ac9ff6bc52b7c850a7b0717782ce926530 HTTP/1.1" 200 228 "-" "Java/18.0.2-ea"
codigofuente-storage1-1            | 10.81.234.2 - - [03/Apr/2023:19:44:54 +0000] "POST /upload.php?file=c/2f4172df545adbc8fef424dac844f86ee21d1c17&operationId=642b2cb6953226.55134941&tokenuser=7eada11a812eff429cb203bdaa5ac4ac9ff6bc52b7c850a7b0717782ce926530 HTTP/1.1" 200 300 "-" "Java/18.0.2-ea"
codigofuente-storage1-1            | 10.81.234.2 - - [03/Apr/2023:19:44:54 +0000] "POST /upload.php?file=c/7e5711a292307993d9b37b9eb80083570e1a180d&operationId=642b2cb6953f94.32528802&tokenuser=7eada11a812eff429cb203bdaa5ac4ac9ff6bc52b7c850a7b0717782ce926530 HTTP/1.1" 200 299 "-" "Java/18.0.2-ea"
codigofuente-storage1-1            | 10.81.234.2 - - [03/Apr/2023:19:44:55 +0000] "POST /upload.php?file=abekeys/1052bfb4e8af75110ef551211ab2b3d394671677&tokenuser=7eada11a812eff429cb203bdaa5ac4ac9ff6bc52b7c850a7b0717782ce926530 HTTP/1.1" 200 228 "-" "Java/18.0.2-ea"
codigofuente-storage1-1            | 10.81.234.2 - - [03/Apr/2023:19:44:55 +0000] "POST /upload.php?file=abekeys/71e70c47f907f68529ca4c497bb25d38db9983ed&tokenuser=7eada11a812eff429cb203bdaa5ac4ac9ff6bc52b7c850a7b0717782ce926530 HTTP/1.1" 200 228 "-" "Java/18.0.2-ea"
codigofuente-storage4-1            | 10.81.234.2 - - [03/Apr/2023:19:45:14 +0000] "POST /upload.php?file=c/73244ec5a1ae46f27dc4d468d7ea21ab4b21ece3&operationId=642b2cc9d5a1c7.26567099&tokenuser=7eada11a812eff429cb203bdaa5ac4ac9ff6bc52b7c850a7b0717782ce926530 HTTP/1.1" 200 299 "-" "Java/18.0.2-ea"
codigofuente-storage4-1            | 10.81.234.2 - - [03/Apr/2023:19:45:14 +0000] "POST /upload.php?file=abekeys/2a1b6125b6e9cb5debd0159472db1b3611a6b45c&tokenuser=7eada11a812eff429cb203bdaa5ac4ac9ff6bc52b7c850a7b0717782ce926530 HTTP/1.1" 200 228 "-" "Java/18.0.2-ea"
codigofuente-storage4-1            | 10.81.234.2 - - [03/Apr/2023:19:45:14 +0000] "POST /upload.php?file=c/f44fac5263e582071fc34093abeb028f12ee15bc&operationId=642b2cca3e10e3.06171169&tokenuser=7eada11a812eff429cb203bdaa5ac4ac9ff6bc52b7c850a7b0717782ce926530 HTTP/1.1" 200 300 "-" "Java/18.0.2-ea"
codigofuente-storage4-1            | 10.81.234.2 - - [03/Apr/2023:19:45:14 +0000] "POST /upload.php?file=c/5bd2f7700ee8e5b73aa2fea2d7a58c2e42fb539e&operationId=642b2cca7e7165.55652082&tokenuser=7eada11a812eff429cb203bdaa5ac4ac9ff6bc52b7c850a7b0717782ce926530 HTTP/1.1" 200 300 "-" "Java/18.0.2-ea"
codigofuente-storage4-1            | 10.81.234.2 - - [03/Apr/2023:19:45:14 +0000] "POST /upload.php?file=abekeys/4e834fdb6d5bf04ed3e5b97d904119b8792ddc7d&tokenuser=7eada11a812eff429cb203bdaa5ac4ac9ff6bc52b7c850a7b0717782ce926530 HTTP/1.1" 200 228 "-" "Java/18.0.2-ea"
codigofuente-storage4-1            | 10.81.234.2 - - [03/Apr/2023:19:45:14 +0000] "POST /upload.php?file=c/d0296da33b67661059f2b2cfe79f0ee2b2dcc538&operationId=642b2ccac8ee31.10888486&tokenuser=7eada11a812eff429cb203bdaa5ac4ac9ff6bc52b7c850a7b0717782ce926530 HTTP/1.1" 200 299 "-" "Java/18.0.2-ea"
codigofuente-storage4-1            | 10.81.234.2 - - [03/Apr/2023:19:45:15 +0000] "POST /upload.php?file=c/f5bb0d0b2c700acf0740364f019a23e0ae6ea886&operationId=642b2ccb2b22a1.33609432&tokenuser=7eada11a812eff429cb203bdaa5ac4ac9ff6bc52b7c850a7b0717782ce926530 HTTP/1.1" 200 299 "-" "Java/18.0.2-ea"
codigofuente-auth-1                | 172.22.0.21 - - [03/Apr/2023:19:44:47 +0000] "GET /auth/v1/users?access_token=7eada11a812eff429cb203bdaa5ac4ac9ff6bc52b7c850a7b0717782ce926530 HTTP/1.1" 406 213 "-" "-"
codigofuente-auth-1                | 172.22.0.21 - - [03/Apr/2023:19:44:47 +0000] "GET /auth/v1/users?access_token=7eada11a812eff429cb203bdaa5ac4ac9ff6bc52b7c850a7b0717782ce926530 HTTP/1.1" 406 213 "-" "-"
codigofuente-auth-1                | 172.22.0.21 - - [03/Apr/2023:19:44:47 +0000] "GET /auth/v1/users?access_token=7eada11a812eff429cb203bdaa5ac4ac9ff6bc52b7c850a7b0717782ce926530 HTTP/1.1" 406 213 "-" "-"
codigofuente-auth-1                | 172.22.0.21 - - [03/Apr/2023:19:44:47 +0000] "GET /auth/v1/users?access_token=7eada11a812eff429cb203bdaa5ac4ac9ff6bc52b7c850a7b0717782ce926530 HTTP/1.1" 406 213 "-" "-"
codigofuente-auth-1                | 172.22.0.21 - - [03/Apr/2023:19:44:47 +0000] "GET /auth/v1/users?access_token=7eada11a812eff429cb203bdaa5ac4ac9ff6bc52b7c850a7b0717782ce926530 HTTP/1.1" 406 213 "-" "-"
codigofuente-auth-1                | 172.22.0.21 - - [03/Apr/2023:19:44:47 +0000] "GET /auth/v1/users?access_token=7eada11a812eff429cb203bdaa5ac4ac9ff6bc52b7c850a7b0717782ce926530 HTTP/1.1" 406 213 "-" "-"
codigofuente-auth-1                | 172.22.0.21 - - [03/Apr/2023:19:44:48 +0000] "GET /auth/v1/users?access_token=7eada11a812eff429cb203bdaa5ac4ac9ff6bc52b7c850a7b0717782ce926530 HTTP/1.1" 406 213 "-" "-"
codigofuente-auth-1                | 172.22.0.21 - - [03/Apr/2023:19:44:48 +0000] "GET /auth/v1/users?access_token=7eada11a812eff429cb203bdaa5ac4ac9ff6bc52b7c850a7b0717782ce926530 HTTP/1.1" 406 213 "-" "-"
codigofuente-auth-1                | 172.22.0.21 - - [03/Apr/2023:19:44:48 +0000] "GET /auth/v1/users?access_token=7eada11a812eff429cb203bdaa5ac4ac9ff6bc52b7c850a7b0717782ce926530 HTTP/1.1" 406 213 "-" "-"
codigofuente-metadata-1            | 10.81.234.2 - - [03/Apr/2023:19:44:33 +0000] "GET //push_insert.php?tokenuser=7eada11a812eff429cb203bdaa5ac4ac9ff6bc52b7c850a7b0717782ce926530&keyresource=3a7af1940b306dfb718c967187b7ecc8d68ac1149438356ce64a24c03bba88e5&keyfile=9cee350b551babdfdd36967e3a3b5d3a98ffabb3 HTTP/1.1" 200 265 "-" "Java/18.0.2-ea"
codigofuente-metadata-1            | 10.81.234.2 - - [03/Apr/2023:19:44:33 +0000] "GET //push_insert.php?tokenuser=7eada11a812eff429cb203bdaa5ac4ac9ff6bc52b7c850a7b0717782ce926530&keyresource=3a7af1940b306dfb718c967187b7ecc8d68ac1149438356ce64a24c03bba88e5&keyfile=1c800532fd5c1596eda840c14ee4cd87ed41b385 HTTP/1.1" 200 265 "-" "Java/18.0.2-ea"
codigofuente-metadata-1            | 10.81.234.2 - - [03/Apr/2023:19:44:33 +0000] "GET //push_insert.php?tokenuser=7eada11a812eff429cb203bdaa5ac4ac9ff6bc52b7c850a7b0717782ce926530&keyresource=3a7af1940b306dfb718c967187b7ecc8d68ac1149438356ce64a24c03bba88e5&keyfile=20378884d5d072c08b2dcdb9fd2c2320cb0a80f8 HTTP/1.1" 200 265 "-" "Java/18.0.2-ea"
codigofuente-metadata-1            | 10.81.234.2 - - [03/Apr/2023:19:44:33 +0000] "GET //push_insert.php?tokenuser=7eada11a812eff429cb203bdaa5ac4ac9ff6bc52b7c850a7b0717782ce926530&keyresource=3a7af1940b306dfb718c967187b7ecc8d68ac1149438356ce64a24c03bba88e5&keyfile=62e95ff5fdd9ceb4dd1c6c7f86a8371f92f3b35e HTTP/1.1" 200 265 "-" "Java/18.0.2-ea"
codigofuente-metadata-1            | 10.81.234.2 - - [03/Apr/2023:19:44:33 +0000] "GET //stats_d.php?tokenuser=7eada11a812eff429cb203bdaa5ac4ac9ff6bc52b7c850a7b0717782ce926530&sizefile=787240&chunks=1&keyfile=9cee350b551babdfdd36967e3a3b5d3a98ffabb3&organization=TESTORG&SYNC=24&UPLOAD_PRIVATE_KEY=1&CRYPT_KEY_GENERATION=1&CRYPT_READ=0&CRYPT_CIPHER=1&CRYPT_WRITE=0&CRYPT_SIGN=3&CRYPT_CPABE-CRYPT=58&CRYPT_ADD_PACKAGE=0&TAR_AND_CIPHER=78&UPLOAD_TIME=8&DELIVERY=86&PUBLISH_IN_CATALOG=16&UPLOAD_COMPLETED=215 HTTP/1.1" 200 265 "-" "Java/18.0.2-ea"
codigofuente-metadata-1            | 10.81.234.2 - - [03/Apr/2023:19:44:33 +0000] "GET //stats_d.php?tokenuser=7eada11a812eff429cb203bdaa5ac4ac9ff6bc52b7c850a7b0717782ce926530&sizefile=787240&chunks=1&keyfile=1c800532fd5c1596eda840c14ee4cd87ed41b385&organization=TESTORG&SYNC=26&UPLOAD_PRIVATE_KEY=1&CRYPT_KEY_GENERATION=0&CRYPT_READ=0&CRYPT_CIPHER=1&CRYPT_WRITE=0&CRYPT_SIGN=2&CRYPT_CPABE-CRYPT=57&CRYPT_ADD_PACKAGE=0&TAR_AND_CIPHER=80&UPLOAD_TIME=7&DELIVERY=87&PUBLISH_IN_CATALOG=17&UPLOAD_COMPLETED=211 HTTP/1.1" 200 265 "-" "Java/18.0.2-ea"
codigofuente-metadata-1            | 10.81.234.2 - - [03/Apr/2023:19:44:33 +0000] "GET //stats_d.php?tokenuser=7eada11a812eff429cb203bdaa5ac4ac9ff6bc52b7c850a7b0717782ce926530&sizefile=787240&chunks=1&keyfile=20378884d5d072c08b2dcdb9fd2c2320cb0a80f8&organization=TESTORG&SYNC=23&UPLOAD_PRIVATE_KEY=1&CRYPT_KEY_GENERATION=0&CRYPT_READ=0&CRYPT_CIPHER=0&CRYPT_WRITE=0&CRYPT_SIGN=2&CRYPT_CPABE-CRYPT=51&CRYPT_ADD_PACKAGE=0&TAR_AND_CIPHER=77&UPLOAD_TIME=8&DELIVERY=85&PUBLISH_IN_CATALOG=16&UPLOAD_COMPLETED=192 HTTP/1.1" 200 265 "-" "Java/18.0.2-ea"
codigofuente-storage4-1            | 10.81.234.2 - - [03/Apr/2023:19:45:15 +0000] "POST /upload.php?file=c/ee812ee728224234bb16b226c66bdc8043a1646e&operationId=642b2ccb2af258.52793481&tokenuser=7eada11a812eff429cb203bdaa5ac4ac9ff6bc52b7c850a7b0717782ce926530 HTTP/1.1" 200 299 "-" "Java/18.0.2-ea"
codigofuente-metadata-1            | 10.81.234.2 - - [03/Apr/2023:19:44:33 +0000] "GET //stats_d.php?tokenuser=7eada11a812eff429cb203bdaa5ac4ac9ff6bc52b7c850a7b0717782ce926530&sizefile=787240&chunks=1&keyfile=62e95ff5fdd9ceb4dd1c6c7f86a8371f92f3b35e&organization=TESTORG&SYNC=21&UPLOAD_PRIVATE_KEY=2&CRYPT_KEY_GENERATION=1&CRYPT_READ=0&CRYPT_CIPHER=0&CRYPT_WRITE=1&CRYPT_SIGN=1&CRYPT_CPABE-CRYPT=43&CRYPT_ADD_PACKAGE=1&TAR_AND_CIPHER=77&UPLOAD_TIME=6&DELIVERY=83&PUBLISH_IN_CATALOG=18&UPLOAD_COMPLETED=197 HTTP/1.1" 200 265 "-" "Java/18.0.2-ea"
codigofuente-storage4-1            | 10.81.234.2 - - [03/Apr/2023:19:45:15 +0000] "POST /upload.php?file=abekeys/99fa6d6750e7f6a6b3cbde324bc9cbdf244db3a8&tokenuser=7eada11a812eff429cb203bdaa5ac4ac9ff6bc52b7c850a7b0717782ce926530 HTTP/1.1" 200 228 "-" "Java/18.0.2-ea"
codigofuente-metadata-1            | 10.81.234.2 - - [03/Apr/2023:19:44:33 +0000] "GET //getCert.php?tokenuser=7eada11a812eff429cb203bdaa5ac4ac9ff6bc52b7c850a7b0717782ce926530&keyuser=bob HTTP/1.1" 200 310 "-" "Java/18.0.2-ea"
codigofuente-storage5-1            | 10.81.234.2 - - [03/Apr/2023:19:44:56 +0000] "POST /upload.php?file=c/a4b5509a3f5a3ec754589aa668a85febca47ae68&operationId=642b2cb80de104.02219942&tokenuser=7eada11a812eff429cb203bdaa5ac4ac9ff6bc52b7c850a7b0717782ce926530 HTTP/1.1" 200 300 "-" "Java/18.0.2-ea"
codigofuente-metadata-1            | 10.81.234.2 - - [03/Apr/2023:19:44:33 +0000] "GET //getCert.php?tokenuser=7eada11a812eff429cb203bdaa5ac4ac9ff6bc52b7c850a7b0717782ce926530&keyuser=bob HTTP/1.1" 200 310 "-" "Java/18.0.2-ea"
codigofuente-storage5-1            | 10.81.234.2 - - [03/Apr/2023:19:44:56 +0000] "POST /upload.php?file=abekeys/a21dfbad538e90187c0d84cee2119366aa7db868&tokenuser=7eada11a812eff429cb203bdaa5ac4ac9ff6bc52b7c850a7b0717782ce926530 HTTP/1.1" 200 228 "-" "Java/18.0.2-ea"
codigofuente-metadata-1            | 10.81.234.2 - - [03/Apr/2023:19:44:33 +0000] "GET /pubcerts/bob.cer HTTP/1.1" 200 1199 "-" "Java/18.0.2-ea"
codigofuente-storage5-1            | 10.81.234.2 - - [03/Apr/2023:19:44:56 +0000] "POST /upload.php?file=c/2968bea45a2a5d18fa5b6cda37491b15c6fd94d1&operationId=642b2cb8cd6b35.30492255&tokenuser=7eada11a812eff429cb203bdaa5ac4ac9ff6bc52b7c850a7b0717782ce926530 HTTP/1.1" 200 300 "-" "Java/18.0.2-ea"
codigofuente-metadata-1            | 10.81.234.2 - - [03/Apr/2023:19:44:33 +0000] "GET /pubcerts/bob.cer HTTP/1.1" 200 1199 "-" "Java/18.0.2-ea"
codigofuente-metadata-1            | 10.81.234.2 - - [03/Apr/2023:19:44:33 +0000] "GET /pubcerts/bob.cer HTTP/1.1" 200 1199 "-" "Java/18.0.2-ea"
codigofuente-metadata-1            | 10.81.234.2 - - [03/Apr/2023:19:44:33 +0000] "GET //getCert.php?tokenuser=7eada11a812eff429cb203bdaa5ac4ac9ff6bc52b7c850a7b0717782ce926530&keyuser=bob HTTP/1.1" 200 310 "-" "Java/18.0.2-ea"
codigofuente-metadata-1            | 10.81.234.2 - - [03/Apr/2023:19:44:33 +0000] "GET /pubcerts/bob.cer HTTP/1.1" 200 1199 "-" "Java/18.0.2-ea"
codigofuente-metadata-1            | 10.81.234.2 - - [03/Apr/2023:19:44:33 +0000] "GET //getCert.php?tokenuser=7eada11a812eff429cb203bdaa5ac4ac9ff6bc52b7c850a7b0717782ce926530&keyuser=bob HTTP/1.1" 200 310 "-" "Java/18.0.2-ea"
codigofuente-storage3-1            | 10.81.234.2 - - [03/Apr/2023:19:45:10 +0000] "POST /upload.php?file=c/50fb662e5be61636c256517973b7076c05ef8887&operationId=642b2cc5df8c10.82540223&tokenuser=7eada11a812eff429cb203bdaa5ac4ac9ff6bc52b7c850a7b0717782ce926530 HTTP/1.1" 200 300 "-" "Java/18.0.2-ea"
codigofuente-storage3-1            | 10.81.234.2 - - [03/Apr/2023:19:45:10 +0000] "POST /upload.php?file=abekeys/8701eac3ad2ac124dc2c7854a5fe45c3af7af89a&tokenuser=7eada11a812eff429cb203bdaa5ac4ac9ff6bc52b7c850a7b0717782ce926530 HTTP/1.1" 200 228 "-" "Java/18.0.2-ea"
codigofuente-storage3-1            | 10.81.234.2 - - [03/Apr/2023:19:45:10 +0000] "POST /upload.php?file=c/8701eac3ad2ac124dc2c7854a5fe45c3af7af89a&operationId=642b2cc658b7a9.61325832&tokenuser=7eada11a812eff429cb203bdaa5ac4ac9ff6bc52b7c850a7b0717782ce926530 HTTP/1.1" 200 300 "-" "Java/18.0.2-ea"
codigofuente-storage3-1            | 10.81.234.2 - - [03/Apr/2023:19:45:10 +0000] "POST /upload.php?file=abekeys/a81b60e159b1b774fa5a0944e0dfdfe9ef698da2&tokenuser=7eada11a812eff429cb203bdaa5ac4ac9ff6bc52b7c850a7b0717782ce926530 HTTP/1.1" 200 228 "-" "Java/18.0.2-ea"
codigofuente-storage3-1            | 10.81.234.2 - - [03/Apr/2023:19:45:10 +0000] "POST /upload.php?file=c/d4b9f5eea05754c84352790cf657cdf831d3870c&operationId=642b2cc6b05776.55267497&tokenuser=7eada11a812eff429cb203bdaa5ac4ac9ff6bc52b7c850a7b0717782ce926530 HTTP/1.1" 200 300 "-" "Java/18.0.2-ea"
codigofuente-storage3-1            | 10.81.234.2 - - [03/Apr/2023:19:45:10 +0000] "POST /upload.php?file=c/cc5cb50ff308514fdec5d5cb52a00ce01c57a125&operationId=642b2cc6b04e47.19912321&tokenuser=7eada11a812eff429cb203bdaa5ac4ac9ff6bc52b7c850a7b0717782ce926530 HTTP/1.1" 200 299 "-" "Java/18.0.2-ea"
codigofuente-storage3-1            | 10.81.234.2 - - [03/Apr/2023:19:45:10 +0000] "POST /upload.php?file=c/a81b60e159b1b774fa5a0944e0dfdfe9ef698da2&operationId=642b2cc6b08827.91208083&tokenuser=7eada11a812eff429cb203bdaa5ac4ac9ff6bc52b7c850a7b0717782ce926530 HTTP/1.1" 200 299 "-" "Java/18.0.2-ea"
codigofuente-storage5-1            | 10.81.234.2 - - [03/Apr/2023:19:44:57 +0000] "POST /upload.php?file=c/82a363b1bdca894f2fc85ea8c2b7c5652008fb05&operationId=642b2cb9141813.52191806&tokenuser=7eada11a812eff429cb203bdaa5ac4ac9ff6bc52b7c850a7b0717782ce926530 HTTP/1.1" 200 299 "-" "Java/18.0.2-ea"
codigofuente-storage5-1            | 10.81.234.2 - - [03/Apr/2023:19:44:57 +0000] "POST /upload.php?file=c/63628b5d10ad72a14c774dd4bf18a06c73c5f1f9&operationId=642b2cb91414b9.47391846&tokenuser=7eada11a812eff429cb203bdaa5ac4ac9ff6bc52b7c850a7b0717782ce926530 HTTP/1.1" 200 298 "-" "Java/18.0.2-ea"
codigofuente-storage5-1            | 10.81.234.2 - - [03/Apr/2023:19:44:57 +0000] "POST /upload.php?file=abekeys/418b2e92dcc7e8d34cc119d17ab2094c64496e86&tokenuser=7eada11a812eff429cb203bdaa5ac4ac9ff6bc52b7c850a7b0717782ce926530 HTTP/1.1" 200 227 "-" "Java/18.0.2-ea"
