codigofuente-storage2-1            | 10.81.234.2 - - [03/Apr/2023:19:44:37 +0000] "POST /upload.php?file=c/8ff758987874811eddebb1cf99697381bedd7e01&operationId=642b2ca59ce263.08937949&tokenuser=7eada11a812eff429cb203bdaa5ac4ac9ff6bc52b7c850a7b0717782ce926530 HTTP/1.1" 200 299 "-" "Java/18.0.2-ea"
codigofuente-apigateway-1          | 172.22.0.21 - - [03/Apr/2023:19:44:34 +0000] "POST /pub_sub/v1/catalogs/3a7af1940b306dfb718c967187b7ecc8d68ac1149438356ce64a24c03bba88e5/files/upload HTTP/1.1" 201 362 "-" "-"
codigofuente-container-manager-1   | [33mPress CTRL+C to quit[0m
codigofuente-container-manager-1   |  * Restarting with stat
codigofuente-container-manager-1   |  * Debugger is active!
codigofuente-container-manager-1   |  * Debugger PIN: 878-005-456
codigofuente-container-manager-1   | 172.22.0.6 - - [03/Apr/2023 19:47:22] "GET /images/json HTTP/1.1" 200 -
codigofuente-storage5-1            | 10.81.234.2 - - [03/Apr/2023:19:44:33 +0000] "POST /upload.php?file=abekeys/00a474b5033613839a8dfc0aa78d23e1ddea381c&tokenuser=7eada11a812eff429cb203bdaa5ac4ac9ff6bc52b7c850a7b0717782ce926530 HTTP/1.1" 200 228 "-" "Java/18.0.2-ea"
codigofuente-storage5-1            | 10.81.234.2 - - [03/Apr/2023:19:44:33 +0000] "POST /upload.php?file=abekeys/552e38eadb3176e1ea09db5a054810cee00c9783&tokenuser=7eada11a812eff429cb203bdaa5ac4ac9ff6bc52b7c850a7b0717782ce926530 HTTP/1.1" 200 229 "-" "Java/18.0.2-ea"
codigofuente-storage5-1            | 10.81.234.2 - - [03/Apr/2023:19:44:33 +0000] "POST /upload.php?file=abekeys/3528b182a13715739ae9e99a690fee7fcbf62eea&tokenuser=7eada11a812eff429cb203bdaa5ac4ac9ff6bc52b7c850a7b0717782ce926530 HTTP/1.1" 200 228 "-" "Java/18.0.2-ea"
codigofuente-storage5-1            | 10.81.234.2 - - [03/Apr/2023:19:44:33 +0000] "POST /upload.php?file=abekeys/93000d249230d73b21758e359be11821ad5eaec0&tokenuser=7eada11a812eff429cb203bdaa5ac4ac9ff6bc52b7c850a7b0717782ce926530 HTTP/1.1" 200 228 "-" "Java/18.0.2-ea"
codigofuente-storage5-1            | 10.81.234.2 - - [03/Apr/2023:19:44:33 +0000] "POST /upload.php?file=c/00a474b5033613839a8dfc0aa78d23e1ddea381c&operationId=642b2ca18db204.23929727&tokenuser=7eada11a812eff429cb203bdaa5ac4ac9ff6bc52b7c850a7b0717782ce926530 HTTP/1.1" 200 299 "-" "Java/18.0.2-ea"
codigofuente-storage5-1            | 10.81.234.2 - - [03/Apr/2023:19:44:33 +0000] "POST /upload.php?file=c/3528b182a13715739ae9e99a690fee7fcbf62eea&operationId=642b2ca18e0391.93815446&tokenuser=7eada11a812eff429cb203bdaa5ac4ac9ff6bc52b7c850a7b0717782ce926530 HTTP/1.1" 200 299 "-" "Java/18.0.2-ea"
codigofuente-storage5-1            | 10.81.234.2 - - [03/Apr/2023:19:44:33 +0000] "POST /upload.php?file=c/552e38eadb3176e1ea09db5a054810cee00c9783&operationId=642b2ca18dc169.97121392&tokenuser=7eada11a812eff429cb203bdaa5ac4ac9ff6bc52b7c850a7b0717782ce926530 HTTP/1.1" 200 299 "-" "Java/18.0.2-ea"
codigofuente-storage5-1            | 10.81.234.2 - - [03/Apr/2023:19:44:33 +0000] "POST /upload.php?file=abekeys/9cee350b551babdfdd36967e3a3b5d3a98ffabb3&tokenuser=7eada11a812eff429cb203bdaa5ac4ac9ff6bc52b7c850a7b0717782ce926530 HTTP/1.1" 200 228 "-" "Java/18.0.2-ea"
codigofuente-storage5-1            | 10.81.234.2 - - [03/Apr/2023:19:44:34 +0000] "POST /upload.php?file=abekeys/f84a575ebe386d1408ba35cf1ce15b6aa1f5f7d6&tokenuser=7eada11a812eff429cb203bdaa5ac4ac9ff6bc52b7c850a7b0717782ce926530 HTTP/1.1" 200 228 "-" "Java/18.0.2-ea"
codigofuente-storage5-1            | 10.81.234.2 - - [03/Apr/2023:19:44:34 +0000] "POST /upload.php?file=abekeys/36ea3de21c38e276a787c23cef187db42b27e692&tokenuser=7eada11a812eff429cb203bdaa5ac4ac9ff6bc52b7c850a7b0717782ce926530 HTTP/1.1" 200 228 "-" "Java/18.0.2-ea"
codigofuente-db_metadata-1         | 
codigofuente-db_pub_sub-1          | creating subdirectories ... ok
codigofuente-db_auth-1             | The files belonging to this database system will be owned by user "postgres".
codigofuente-db_pub_sub-1          | selecting dynamic shared memory implementation ... posix
codigofuente-db_auth-1             | This user must also own the server process.
codigofuente-db_auth-1             | 
codigofuente-apigateway-1          | 172.22.0.21 - - [03/Apr/2023:19:44:34 +0000] "POST /pub_sub/v1/catalogs/3a7af1940b306dfb718c967187b7ecc8d68ac1149438356ce64a24c03bba88e5/files/upload HTTP/1.1" 201 362 "-" "-"
codigofuente-apigateway-1          | 172.22.0.21 - - [03/Apr/2023:19:44:34 +0000] "POST /pub_sub/v1/catalogs/3a7af1940b306dfb718c967187b7ecc8d68ac1149438356ce64a24c03bba88e5/files/upload HTTP/1.1" 201 362 "-" "-"
codigofuente-apigateway-1          | 172.22.0.21 - - [03/Apr/2023:19:44:34 +0000] "POST /pub_sub/v1/catalogs/3a7af1940b306dfb718c967187b7ecc8d68ac1149438356ce64a24c03bba88e5/files/upload HTTP/1.1" 201 362 "-" "-"
codigofuente-apigateway-1          | 172.22.0.21 - - [03/Apr/2023:19:44:34 +0000] "POST /pub_sub/v1/catalogs/3a7af1940b306dfb718c967187b7ecc8d68ac1149438356ce64a24c03bba88e5/files/upload HTTP/1.1" 201 362 "-" "-"
codigofuente-apigateway-1          | 172.22.0.21 - - [03/Apr/2023:19:44:34 +0000] "POST /pub_sub/v1/catalogs/3a7af1940b306dfb718c967187b7ecc8d68ac1149438356ce64a24c03bba88e5/files/upload HTTP/1.1" 201 362 "-" "-"
codigofuente-apigateway-1          | 172.22.0.21 - - [03/Apr/2023:19:44:34 +0000] "POST /pub_sub/v1/catalogs/3a7af1940b306dfb718c967187b7ecc8d68ac1149438356ce64a24c03bba88e5/files/upload HTTP/1.1" 201 362 "-" "-"
codigofuente-apigateway-1          | 172.22.0.21 - - [03/Apr/2023:19:44:34 +0000] "POST /pub_sub/v1/catalogs/3a7af1940b306dfb718c967187b7ecc8d68ac1149438356ce64a24c03bba88e5/files/upload HTTP/1.1" 201 362 "-" "-"
codigofuente-apigateway-1          | 172.22.0.21 - - [03/Apr/2023:19:44:34 +0000] "POST /pub_sub/v1/catalogs/3a7af1940b306dfb718c967187b7ecc8d68ac1149438356ce64a24c03bba88e5/files/upload HTTP/1.1" 201 362 "-" "-"
codigofuente-apigateway-1          | 172.22.0.21 - - [03/Apr/2023:19:44:34 +0000] "POST /pub_sub/v1/catalogs/3a7af1940b306dfb718c967187b7ecc8d68ac1149438356ce64a24c03bba88e5/files/upload HTTP/1.1" 201 362 "-" "-"
codigofuente-apigateway-1          | 172.22.0.21 - - [03/Apr/2023:19:44:34 +0000] "POST /pub_sub/v1/catalogs/3a7af1940b306dfb718c967187b7ecc8d68ac1149438356ce64a24c03bba88e5/files/upload HTTP/1.1" 201 362 "-" "-"
codigofuente-apigateway-1          | 172.22.0.21 - - [03/Apr/2023:19:44:34 +0000] "POST /pub_sub/v1/catalogs/3a7af1940b306dfb718c967187b7ecc8d68ac1149438356ce64a24c03bba88e5/files/upload HTTP/1.1" 201 362 "-" "-"
codigofuente-apigateway-1          | 172.22.0.21 - - [03/Apr/2023:19:44:34 +0000] "POST /pub_sub/v1/catalogs/3a7af1940b306dfb718c967187b7ecc8d68ac1149438356ce64a24c03bba88e5/files/upload HTTP/1.1" 201 362 "-" "-"
codigofuente-apigateway-1          | 172.22.0.21 - - [03/Apr/2023:19:44:34 +0000] "POST /pub_sub/v1/catalogs/3a7af1940b306dfb718c967187b7ecc8d68ac1149438356ce64a24c03bba88e5/files/upload HTTP/1.1" 201 362 "-" "-"
codigofuente-apigateway-1          | 172.22.0.21 - - [03/Apr/2023:19:44:34 +0000] "POST /pub_sub/v1/catalogs/3a7af1940b306dfb718c967187b7ecc8d68ac1149438356ce64a24c03bba88e5/files/upload HTTP/1.1" 201 362 "-" "-"
codigofuente-apigateway-1          | 172.22.0.21 - - [03/Apr/2023:19:44:34 +0000] "POST /pub_sub/v1/catalogs/3a7af1940b306dfb718c967187b7ecc8d68ac1149438356ce64a24c03bba88e5/files/upload HTTP/1.1" 201 362 "-" "-"
codigofuente-apigateway-1          | 172.22.0.21 - - [03/Apr/2023:19:44:35 +0000] "POST /pub_sub/v1/catalogs/3a7af1940b306dfb718c967187b7ecc8d68ac1149438356ce64a24c03bba88e5/files/upload HTTP/1.1" 201 362 "-" "-"
codigofuente-metadata-1            | 10.81.234.2 - - [03/Apr/2023:19:44:32 +0000] "GET /pubcerts/bob.cer HTTP/1.1" 200 1199 "-" "Java/18.0.2-ea"
codigofuente-metadata-1            | 10.81.234.2 - - [03/Apr/2023:19:44:32 +0000] "GET //push.php?tokenuser=7eada11a812eff429cb203bdaa5ac4ac9ff6bc52b7c850a7b0717782ce926530&keyresource=3a7af1940b306dfb718c967187b7ecc8d68ac1149438356ce64a24c03bba88e5&namefile=Prueba166.dcm&sizefile=787240&dispersemode=SINGLE&isciphered=true&hashfile=db214d7a8550de0c40de860e2e499bd6&chunks=1 HTTP/1.1" 200 493 "-" "Java/18.0.2-ea"
codigofuente-metadata-1            | 10.81.234.2 - - [03/Apr/2023:19:44:32 +0000] "GET //push.php?tokenuser=7eada11a812eff429cb203bdaa5ac4ac9ff6bc52b7c850a7b0717782ce926530&keyresource=3a7af1940b306dfb718c967187b7ecc8d68ac1149438356ce64a24c03bba88e5&namefile=Prueba136.dcm&sizefile=787240&dispersemode=SINGLE&isciphered=true&hashfile=664fd527fbbec527fb6c20ed943713ea&chunks=1 HTTP/1.1" 200 493 "-" "Java/18.0.2-ea"
codigofuente-metadata-1            | 10.81.234.2 - - [03/Apr/2023:19:44:32 +0000] "GET //push.php?tokenuser=7eada11a812eff429cb203bdaa5ac4ac9ff6bc52b7c850a7b0717782ce926530&keyresource=3a7af1940b306dfb718c967187b7ecc8d68ac1149438356ce64a24c03bba88e5&namefile=Prueba127.dcm&sizefile=787240&dispersemode=SINGLE&isciphered=true&hashfile=5a7b6b77c08752a8299724b9d1affbfb&chunks=1 HTTP/1.1" 200 493 "-" "Java/18.0.2-ea"
codigofuente-metadata-1            | 10.81.234.2 - - [03/Apr/2023:19:44:32 +0000] "GET //push.php?tokenuser=7eada11a812eff429cb203bdaa5ac4ac9ff6bc52b7c850a7b0717782ce926530&keyresource=3a7af1940b306dfb718c967187b7ecc8d68ac1149438356ce64a24c03bba88e5&namefile=Prueba1119.dcm&sizefile=787240&dispersemode=SINGLE&isciphered=true&hashfile=782f3236b0b9e807afd8fcd197ef25f0&chunks=1 HTTP/1.1" 200 493 "-" "Java/18.0.2-ea"
codigofuente-metadata-1            | 172.22.0.8 - - [03/Apr/2023:19:44:32 +0000] "GET /updateOperation.php?operationId=642b2ca072e9b3.61175221&chunkId=c/9080c17bb8d7a3b21253210eb2f87c198c911b46 HTTP/1.1" 200 195 "-" "-"
codigofuente-metadata-1            | 172.22.0.8 - - [03/Apr/2023:19:44:32 +0000] "GET /updateOperation.php?operationId=642b2ca0728d28.24784963&chunkId=c/cc9ca5966cc1d5abe78b344299e266c5743df0d6 HTTP/1.1" 200 195 "-" "-"
codigofuente-metadata-1            | 172.22.0.8 - - [03/Apr/2023:19:44:32 +0000] "GET /updateOperation.php?operationId=642b2ca072db08.07597641&chunkId=c/bf7573d345fa79c88bb411d2aa135f708d18df1f HTTP/1.1" 200 195 "-" "-"
codigofuente-metadata-1            | 172.22.0.8 - - [03/Apr/2023:19:44:32 +0000] "GET /updateOperation.php?operationId=642b2ca07252e6.87731094&chunkId=c/40b3170700fbfad85d8b1680c9d19b5b0188a37e HTTP/1.1" 200 195 "-" "-"
codigofuente-metadata-1            | 10.81.234.2 - - [03/Apr/2023:19:44:32 +0000] "GET //push_insert.php?tokenuser=7eada11a812eff429cb203bdaa5ac4ac9ff6bc52b7c850a7b0717782ce926530&keyresource=3a7af1940b306dfb718c967187b7ecc8d68ac1149438356ce64a24c03bba88e5&keyfile=9080c17bb8d7a3b21253210eb2f87c198c911b46 HTTP/1.1" 200 265 "-" "Java/18.0.2-ea"
codigofuente-metadata-1            | 10.81.234.2 - - [03/Apr/2023:19:44:32 +0000] "GET //push_insert.php?tokenuser=7eada11a812eff429cb203bdaa5ac4ac9ff6bc52b7c850a7b0717782ce926530&keyresource=3a7af1940b306dfb718c967187b7ecc8d68ac1149438356ce64a24c03bba88e5&keyfile=cc9ca5966cc1d5abe78b344299e266c5743df0d6 HTTP/1.1" 200 265 "-" "Java/18.0.2-ea"
codigofuente-metadata-1            | 10.81.234.2 - - [03/Apr/2023:19:44:32 +0000] "GET //push_insert.php?tokenuser=7eada11a812eff429cb203bdaa5ac4ac9ff6bc52b7c850a7b0717782ce926530&keyresource=3a7af1940b306dfb718c967187b7ecc8d68ac1149438356ce64a24c03bba88e5&keyfile=bf7573d345fa79c88bb411d2aa135f708d18df1f HTTP/1.1" 200 265 "-" "Java/18.0.2-ea"
codigofuente-metadata-1            | 10.81.234.2 - - [03/Apr/2023:19:44:32 +0000] "GET //push_insert.php?tokenuser=7eada11a812eff429cb203bdaa5ac4ac9ff6bc52b7c850a7b0717782ce926530&keyresource=3a7af1940b306dfb718c967187b7ecc8d68ac1149438356ce64a24c03bba88e5&keyfile=40b3170700fbfad85d8b1680c9d19b5b0188a37e HTTP/1.1" 200 265 "-" "Java/18.0.2-ea"
codigofuente-metadata-1            | 10.81.234.2 - - [03/Apr/2023:19:44:32 +0000] "GET //stats_d.php?tokenuser=7eada11a812eff429cb203bdaa5ac4ac9ff6bc52b7c850a7b0717782ce926530&sizefile=787240&chunks=1&keyfile=9080c17bb8d7a3b21253210eb2f87c198c911b46&organization=TESTORG&SYNC=41&UPLOAD_PRIVATE_KEY=3&CRYPT_KEY_GENERATION=1&CRYPT_READ=0&CRYPT_CIPHER=14&CRYPT_WRITE=8&CRYPT_SIGN=24&CRYPT_CPABE-CRYPT=63&CRYPT_ADD_PACKAGE=0&TAR_AND_CIPHER=167&UPLOAD_TIME=18&DELIVERY=185&PUBLISH_IN_CATALOG=32&UPLOAD_COMPLETED=719 HTTP/1.1" 200 265 "-" "Java/18.0.2-ea"
codigofuente-db_pub_sub-1          | selecting default max_connections ... 100
codigofuente-storage3-1            | [Mon Apr 03 19:44:20.223510 2023] [mpm_prefork:notice] [pid 1] AH00163: Apache/2.4.10 (Debian) PHP/7.0.27 configured -- resuming normal operations
codigofuente-db_pub_sub-1          | selecting default shared_buffers ... 128MB
codigofuente-storage3-1            | [Mon Apr 03 19:44:20.223542 2023] [core:notice] [pid 1] AH00094: Command line: 'apache2 -D FOREGROUND'
codigofuente-db_pub_sub-1          | selecting default time zone ... Etc/UTC
codigofuente-storage3-1            | 10.81.234.2 - - [03/Apr/2023:19:44:32 +0000] "POST /upload.php?file=c/b923f32693209886fd3e6a98efe7e36c5b4e0601&operationId=642b2ca0cb9298.74937255&tokenuser=7eada11a812eff429cb203bdaa5ac4ac9ff6bc52b7c850a7b0717782ce926530 HTTP/1.1" 200 299 "-" "Java/18.0.2-ea"
codigofuente-storage3-1            | 10.81.234.2 - - [03/Apr/2023:19:44:32 +0000] "POST /upload.php?file=c/22560edae3d8fe86f46605034220b3d99abe0bb5&operationId=642b2ca0cc0e98.88317254&tokenuser=7eada11a812eff429cb203bdaa5ac4ac9ff6bc52b7c850a7b0717782ce926530 HTTP/1.1" 200 300 "-" "Java/18.0.2-ea"
codigofuente-storage1-1            | [Mon Apr 03 19:44:20.339100 2023] [mpm_prefork:notice] [pid 1] AH00163: Apache/2.4.10 (Debian) PHP/7.0.27 configured -- resuming normal operations
codigofuente-storage1-1            | [Mon Apr 03 19:44:20.339142 2023] [core:notice] [pid 1] AH00094: Command line: 'apache2 -D FOREGROUND'
codigofuente-storage1-1            | 10.81.234.2 - - [03/Apr/2023:19:44:32 +0000] "POST /upload.php?file=abekeys/9080c17bb8d7a3b21253210eb2f87c198c911b46&tokenuser=7eada11a812eff429cb203bdaa5ac4ac9ff6bc52b7c850a7b0717782ce926530 HTTP/1.1" 200 229 "-" "Java/18.0.2-ea"
codigofuente-storage2-1            | 10.81.234.2 - - [03/Apr/2023:19:44:37 +0000] "POST /upload.php?file=c/3402aec4e593afa96b563260913730ee79ddc140&operationId=642b2ca59d9447.74286427&tokenuser=7eada11a812eff429cb203bdaa5ac4ac9ff6bc52b7c850a7b0717782ce926530 HTTP/1.1" 200 299 "-" "Java/18.0.2-ea"
codigofuente-value-chain-api-db-1  | CREATE DATABASE
codigofuente-value-chain-api-db-1  | 
codigofuente-value-chain-api-db-1  | 
codigofuente-value-chain-api-db-1  | /usr/local/bin/docker-entrypoint.sh: running /docker-entrypoint-initdb.d/valuechain.sql
codigofuente-value-chain-api-db-1  | CREATE TABLE
codigofuente-value-chain-api-db-1  | CREATE TABLE
codigofuente-storage4-1            | [Mon Apr 03 19:44:20.600115 2023] [mpm_prefork:notice] [pid 1] AH00163: Apache/2.4.10 (Debian) PHP/7.0.27 configured -- resuming normal operations
codigofuente-storage4-1            | [Mon Apr 03 19:44:20.600269 2023] [core:notice] [pid 1] AH00094: Command line: 'apache2 -D FOREGROUND'
codigofuente-storage2-1            | 10.81.234.2 - - [03/Apr/2023:19:44:37 +0000] "POST /upload.php?file=c/7ce40d8b5099f49bc841c61942a5a3f7f5430325&operationId=642b2ca59d8425.82011687&tokenuser=7eada11a812eff429cb203bdaa5ac4ac9ff6bc52b7c850a7b0717782ce926530 HTTP/1.1" 200 299 "-" "Java/18.0.2-ea"
codigofuente-db_pub_sub-1          | creating configuration files ... ok
codigofuente-storage2-1            | 10.81.234.2 - - [03/Apr/2023:19:44:37 +0000] "POST /upload.php?file=c/e1b1909a2b714f90b4be7180ab34422827754363&operationId=642b2ca59ced83.99275333&tokenuser=7eada11a812eff429cb203bdaa5ac4ac9ff6bc52b7c850a7b0717782ce926530 HTTP/1.1" 200 299 "-" "Java/18.0.2-ea"
codigofuente-db_pub_sub-1          | running bootstrap script ... ok
codigofuente-storage1-1            | 10.81.234.2 - - [03/Apr/2023:19:44:32 +0000] "POST /upload.php?file=c/9080c17bb8d7a3b21253210eb2f87c198c911b46&operationId=642b2ca072e9b3.61175221&tokenuser=7eada11a812eff429cb203bdaa5ac4ac9ff6bc52b7c850a7b0717782ce926530 HTTP/1.1" 200 299 "-" "Java/18.0.2-ea"
codigofuente-storage1-1            | 10.81.234.2 - - [03/Apr/2023:19:44:32 +0000] "POST /upload.php?file=c/cc9ca5966cc1d5abe78b344299e266c5743df0d6&operationId=642b2ca0728d28.24784963&tokenuser=7eada11a812eff429cb203bdaa5ac4ac9ff6bc52b7c850a7b0717782ce926530 HTTP/1.1" 200 300 "-" "Java/18.0.2-ea"
codigofuente-storage1-1            | 10.81.234.2 - - [03/Apr/2023:19:44:32 +0000] "POST /upload.php?file=c/bf7573d345fa79c88bb411d2aa135f708d18df1f&operationId=642b2ca072db08.07597641&tokenuser=7eada11a812eff429cb203bdaa5ac4ac9ff6bc52b7c850a7b0717782ce926530 HTTP/1.1" 200 301 "-" "Java/18.0.2-ea"
codigofuente-storage1-1            | 10.81.234.2 - - [03/Apr/2023:19:44:32 +0000] "POST /upload.php?file=c/40b3170700fbfad85d8b1680c9d19b5b0188a37e&operationId=642b2ca07252e6.87731094&tokenuser=7eada11a812eff429cb203bdaa5ac4ac9ff6bc52b7c850a7b0717782ce926530 HTTP/1.1" 200 300 "-" "Java/18.0.2-ea"
codigofuente-storage1-1            | 10.81.234.2 - - [03/Apr/2023:19:44:32 +0000] "POST /upload.php?file=abekeys/22560edae3d8fe86f46605034220b3d99abe0bb5&tokenuser=7eada11a812eff429cb203bdaa5ac4ac9ff6bc52b7c850a7b0717782ce926530 HTTP/1.1" 200 228 "-" "Java/18.0.2-ea"
codigofuente-auth-1                | 172.22.0.21 - - [03/Apr/2023:19:44:36 +0000] "GET /auth/v1/users?access_token=7eada11a812eff429cb203bdaa5ac4ac9ff6bc52b7c850a7b0717782ce926530 HTTP/1.1" 406 213 "-" "-"
codigofuente-storage4-1            | 10.81.234.2 - - [03/Apr/2023:19:44:32 +0000] "POST /upload.php?file=abekeys/bf7573d345fa79c88bb411d2aa135f708d18df1f&tokenuser=7eada11a812eff429cb203bdaa5ac4ac9ff6bc52b7c850a7b0717782ce926530 HTTP/1.1" 200 229 "-" "Java/18.0.2-ea"
codigofuente-auth-1                | 172.22.0.21 - - [03/Apr/2023:19:44:36 +0000] "GET /auth/v1/users?access_token=7eada11a812eff429cb203bdaa5ac4ac9ff6bc52b7c850a7b0717782ce926530 HTTP/1.1" 406 213 "-" "-"
codigofuente-auth-1                | 172.22.0.21 - - [03/Apr/2023:19:44:36 +0000] "GET /auth/v1/users?access_token=7eada11a812eff429cb203bdaa5ac4ac9ff6bc52b7c850a7b0717782ce926530 HTTP/1.1" 406 213 "-" "-"
codigofuente-auth-1                | 172.22.0.21 - - [03/Apr/2023:19:44:36 +0000] "GET /auth/v1/users?access_token=7eada11a812eff429cb203bdaa5ac4ac9ff6bc52b7c850a7b0717782ce926530 HTTP/1.1" 406 213 "-" "-"
codigofuente-auth-1                | 172.22.0.21 - - [03/Apr/2023:19:44:36 +0000] "GET /auth/v1/users?access_token=7eada11a812eff429cb203bdaa5ac4ac9ff6bc52b7c850a7b0717782ce926530 HTTP/1.1" 406 213 "-" "-"
codigofuente-auth-1                | 172.22.0.21 - - [03/Apr/2023:19:44:36 +0000] "GET /auth/v1/users?access_token=7eada11a812eff429cb203bdaa5ac4ac9ff6bc52b7c850a7b0717782ce926530 HTTP/1.1" 406 213 "-" "-"
codigofuente-auth-1                | 172.22.0.21 - - [03/Apr/2023:19:44:36 +0000] "GET /auth/v1/users?access_token=7eada11a812eff429cb203bdaa5ac4ac9ff6bc52b7c850a7b0717782ce926530 HTTP/1.1" 406 213 "-" "-"
codigofuente-auth-1                | 172.22.0.21 - - [03/Apr/2023:19:44:36 +0000] "GET /auth/v1/users?access_token=7eada11a812eff429cb203bdaa5ac4ac9ff6bc52b7c850a7b0717782ce926530 HTTP/1.1" 406 213 "-" "-"
codigofuente-auth-1                | 172.22.0.21 - - [03/Apr/2023:19:44:36 +0000] "GET /auth/v1/users?access_token=7eada11a812eff429cb203bdaa5ac4ac9ff6bc52b7c850a7b0717782ce926530 HTTP/1.1" 406 213 "-" "-"
codigofuente-auth-1                | 172.22.0.21 - - [03/Apr/2023:19:44:36 +0000] "GET /auth/v1/users?access_token=7eada11a812eff429cb203bdaa5ac4ac9ff6bc52b7c850a7b0717782ce926530 HTTP/1.1" 406 213 "-" "-"
codigofuente-auth-1                | 172.22.0.21 - - [03/Apr/2023:19:44:36 +0000] "GET /auth/v1/users?access_token=7eada11a812eff429cb203bdaa5ac4ac9ff6bc52b7c850a7b0717782ce926530 HTTP/1.1" 406 213 "-" "-"
codigofuente-auth-1                | 172.22.0.21 - - [03/Apr/2023:19:44:36 +0000] "GET /auth/v1/users?access_token=7eada11a812eff429cb203bdaa5ac4ac9ff6bc52b7c850a7b0717782ce926530 HTTP/1.1" 406 213 "-" "-"
codigofuente-auth-1                | 172.22.0.21 - - [03/Apr/2023:19:44:36 +0000] "GET /auth/v1/users?access_token=7eada11a812eff429cb203bdaa5ac4ac9ff6bc52b7c850a7b0717782ce926530 HTTP/1.1" 406 213 "-" "-"
codigofuente-auth-1                | 172.22.0.21 - - [03/Apr/2023:19:44:37 +0000] "GET /auth/v1/users?access_token=7eada11a812eff429cb203bdaa5ac4ac9ff6bc52b7c850a7b0717782ce926530 HTTP/1.1" 406 213 "-" "-"
codigofuente-auth-1                | 172.22.0.21 - - [03/Apr/2023:19:44:37 +0000] "GET /auth/v1/users?access_token=7eada11a812eff429cb203bdaa5ac4ac9ff6bc52b7c850a7b0717782ce926530 HTTP/1.1" 406 213 "-" "-"
codigofuente-auth-1                | 172.22.0.21 - - [03/Apr/2023:19:44:37 +0000] "GET /auth/v1/users?access_token=7eada11a812eff429cb203bdaa5ac4ac9ff6bc52b7c850a7b0717782ce926530 HTTP/1.1" 406 213 "-" "-"
codigofuente-auth-1                | 172.22.0.21 - - [03/Apr/2023:19:44:37 +0000] "GET /auth/v1/users?access_token=7eada11a812eff429cb203bdaa5ac4ac9ff6bc52b7c850a7b0717782ce926530 HTTP/1.1" 406 213 "-" "-"
codigofuente-auth-1                | 172.22.0.21 - - [03/Apr/2023:19:44:37 +0000] "GET /auth/v1/users?access_token=7eada11a812eff429cb203bdaa5ac4ac9ff6bc52b7c850a7b0717782ce926530 HTTP/1.1" 406 213 "-" "-"
codigofuente-auth-1                | 172.22.0.21 - - [03/Apr/2023:19:44:37 +0000] "GET /auth/v1/users?access_token=7eada11a812eff429cb203bdaa5ac4ac9ff6bc52b7c850a7b0717782ce926530 HTTP/1.1" 406 213 "-" "-"
codigofuente-auth-1                | 172.22.0.21 - - [03/Apr/2023:19:44:37 +0000] "GET /auth/v1/users?access_token=7eada11a812eff429cb203bdaa5ac4ac9ff6bc52b7c850a7b0717782ce926530 HTTP/1.1" 406 213 "-" "-"
codigofuente-auth-1                | 172.22.0.21 - - [03/Apr/2023:19:44:37 +0000] "GET /auth/v1/users?access_token=7eada11a812eff429cb203bdaa5ac4ac9ff6bc52b7c850a7b0717782ce926530 HTTP/1.1" 406 213 "-" "-"
codigofuente-auth-1                | 172.22.0.21 - - [03/Apr/2023:19:44:37 +0000] "GET /auth/v1/users?access_token=7eada11a812eff429cb203bdaa5ac4ac9ff6bc52b7c850a7b0717782ce926530 HTTP/1.1" 406 213 "-" "-"
codigofuente-auth-1                | 172.22.0.21 - - [03/Apr/2023:19:44:37 +0000] "GET /auth/v1/users?access_token=7eada11a812eff429cb203bdaa5ac4ac9ff6bc52b7c850a7b0717782ce926530 HTTP/1.1" 406 213 "-" "-"
codigofuente-auth-1                | 172.22.0.21 - - [03/Apr/2023:19:44:37 +0000] "GET /auth/v1/users?access_token=7eada11a812eff429cb203bdaa5ac4ac9ff6bc52b7c850a7b0717782ce926530 HTTP/1.1" 406 213 "-" "-"
codigofuente-auth-1                | 172.22.0.21 - - [03/Apr/2023:19:44:37 +0000] "GET /auth/v1/users?access_token=7eada11a812eff429cb203bdaa5ac4ac9ff6bc52b7c850a7b0717782ce926530 HTTP/1.1" 406 213 "-" "-"
codigofuente-auth-1                | 172.22.0.21 - - [03/Apr/2023:19:44:37 +0000] "GET /auth/v1/users?access_token=7eada11a812eff429cb203bdaa5ac4ac9ff6bc52b7c850a7b0717782ce926530 HTTP/1.1" 406 213 "-" "-"
codigofuente-auth-1                | 172.22.0.21 - - [03/Apr/2023:19:44:37 +0000] "GET /auth/v1/users?access_token=7eada11a812eff429cb203bdaa5ac4ac9ff6bc52b7c850a7b0717782ce926530 HTTP/1.1" 406 213 "-" "-"
codigofuente-db_pub_sub-1          | performing post-bootstrap initialization ... ok
codigofuente-storage5-1            | 10.81.234.2 - - [03/Apr/2023:19:44:34 +0000] "POST /upload.php?file=c/09cd681fb55ce89cf4d2d20e86e6409a96a768f4&operationId=642b2ca2403188.87069883&tokenuser=7eada11a812eff429cb203bdaa5ac4ac9ff6bc52b7c850a7b0717782ce926530 HTTP/1.1" 200 300 "-" "Java/18.0.2-ea"
codigofuente-db_pub_sub-1          | syncing data to disk ... ok
codigofuente-db_pub_sub-1          | 
codigofuente-db_pub_sub-1          | 
codigofuente-db_pub_sub-1          | Success. You can now start the database server using:
codigofuente-db_pub_sub-1          | 
codigofuente-db_pub_sub-1          |     pg_ctl -D /var/lib/postgresql/data -l logfile start
codigofuente-db_pub_sub-1          | 
codigofuente-metadata-1            | 10.81.234.2 - - [03/Apr/2023:19:44:32 +0000] "GET //stats_d.php?tokenuser=7eada11a812eff429cb203bdaa5ac4ac9ff6bc52b7c850a7b0717782ce926530&sizefile=787240&chunks=1&keyfile=cc9ca5966cc1d5abe78b344299e266c5743df0d6&organization=TESTORG&SYNC=37&UPLOAD_PRIVATE_KEY=5&CRYPT_KEY_GENERATION=0&CRYPT_READ=0&CRYPT_CIPHER=22&CRYPT_WRITE=0&CRYPT_SIGN=22&CRYPT_CPABE-CRYPT=73&CRYPT_ADD_PACKAGE=1&TAR_AND_CIPHER=179&UPLOAD_TIME=16&DELIVERY=195&PUBLISH_IN_CATALOG=31&UPLOAD_COMPLETED=727 HTTP/1.1" 200 265 "-" "Java/18.0.2-ea"
codigofuente-metadata-1            | 10.81.234.2 - - [03/Apr/2023:19:44:32 +0000] "GET //stats_d.php?tokenuser=7eada11a812eff429cb203bdaa5ac4ac9ff6bc52b7c850a7b0717782ce926530&sizefile=787240&chunks=1&keyfile=bf7573d345fa79c88bb411d2aa135f708d18df1f&organization=TESTORG&SYNC=41&UPLOAD_PRIVATE_KEY=5&CRYPT_KEY_GENERATION=3&CRYPT_READ=0&CRYPT_CIPHER=6&CRYPT_WRITE=1&CRYPT_SIGN=38&CRYPT_CPABE-CRYPT=78&CRYPT_ADD_PACKAGE=0&TAR_AND_CIPHER=179&UPLOAD_TIME=14&DELIVERY=193&PUBLISH_IN_CATALOG=31&UPLOAD_COMPLETED=728 HTTP/1.1" 200 265 "-" "Java/18.0.2-ea"
codigofuente-metadata-1            | 10.81.234.2 - - [03/Apr/2023:19:44:32 +0000] "GET //stats_d.php?tokenuser=7eada11a812eff429cb203bdaa5ac4ac9ff6bc52b7c850a7b0717782ce926530&sizefile=787240&chunks=1&keyfile=40b3170700fbfad85d8b1680c9d19b5b0188a37e&organization=TESTORG&SYNC=37&UPLOAD_PRIVATE_KEY=4&CRYPT_KEY_GENERATION=0&CRYPT_READ=0&CRYPT_CIPHER=14&CRYPT_WRITE=0&CRYPT_SIGN=33&CRYPT_CPABE-CRYPT=79&CRYPT_ADD_PACKAGE=0&TAR_AND_CIPHER=184&UPLOAD_TIME=17&DELIVERY=201&PUBLISH_IN_CATALOG=32&UPLOAD_COMPLETED=734 HTTP/1.1" 200 265 "-" "Java/18.0.2-ea"
codigofuente-metadata-1            | 10.81.234.2 - - [03/Apr/2023:19:44:32 +0000] "GET //getCert.php?tokenuser=7eada11a812eff429cb203bdaa5ac4ac9ff6bc52b7c850a7b0717782ce926530&keyuser=bob HTTP/1.1" 200 310 "-" "Java/18.0.2-ea"
codigofuente-metadata-1            | 10.81.234.2 - - [03/Apr/2023:19:44:32 +0000] "GET //getCert.php?tokenuser=7eada11a812eff429cb203bdaa5ac4ac9ff6bc52b7c850a7b0717782ce926530&keyuser=bob HTTP/1.1" 200 310 "-" "Java/18.0.2-ea"
codigofuente-metadata-1            | 10.81.234.2 - - [03/Apr/2023:19:44:32 +0000] "GET //getCert.php?tokenuser=7eada11a812eff429cb203bdaa5ac4ac9ff6bc52b7c850a7b0717782ce926530&keyuser=bob HTTP/1.1" 200 310 "-" "Java/18.0.2-ea"
codigofuente-metadata-1            | 10.81.234.2 - - [03/Apr/2023:19:44:32 +0000] "GET //getCert.php?tokenuser=7eada11a812eff429cb203bdaa5ac4ac9ff6bc52b7c850a7b0717782ce926530&keyuser=bob HTTP/1.1" 200 310 "-" "Java/18.0.2-ea"
codigofuente-metadata-1            | 10.81.234.2 - - [03/Apr/2023:19:44:32 +0000] "GET /pubcerts/bob.cer HTTP/1.1" 200 1199 "-" "Java/18.0.2-ea"
codigofuente-metadata-1            | 10.81.234.2 - - [03/Apr/2023:19:44:32 +0000] "GET /pubcerts/bob.cer HTTP/1.1" 200 1199 "-" "Java/18.0.2-ea"
codigofuente-metadata-1            | 10.81.234.2 - - [03/Apr/2023:19:44:32 +0000] "GET /pubcerts/bob.cer HTTP/1.1" 200 1199 "-" "Java/18.0.2-ea"
codigofuente-metadata-1            | 10.81.234.2 - - [03/Apr/2023:19:44:32 +0000] "GET /pubcerts/bob.cer HTTP/1.1" 200 1199 "-" "Java/18.0.2-ea"
codigofuente-metadata-1            | 10.81.234.2 - - [03/Apr/2023:19:44:32 +0000] "GET /pubcerts/bob.cer HTTP/1.1" 200 1199 "-" "Java/18.0.2-ea"
codigofuente-storage2-1            | 10.81.234.2 - - [03/Apr/2023:19:44:37 +0000] "POST /upload.php?file=abekeys/c98e96f52adb1b38976fdb832d1a7649b68e5ca1&tokenuser=7eada11a812eff429cb203bdaa5ac4ac9ff6bc52b7c850a7b0717782ce926530 HTTP/1.1" 200 228 "-" "Java/18.0.2-ea"
codigofuente-storage3-1            | 10.81.234.2 - - [03/Apr/2023:19:44:32 +0000] "POST /upload.php?file=c/8b547f148e5fe68eb4c12ecc6848608a3597e7c1&operationId=642b2ca0cb7992.36035691&tokenuser=7eada11a812eff429cb203bdaa5ac4ac9ff6bc52b7c850a7b0717782ce926530 HTTP/1.1" 200 300 "-" "Java/18.0.2-ea"
codigofuente-storage3-1            | 10.81.234.2 - - [03/Apr/2023:19:44:33 +0000] "POST /upload.php?file=c/93000d249230d73b21758e359be11821ad5eaec0&operationId=642b2ca190bf01.29759171&tokenuser=7eada11a812eff429cb203bdaa5ac4ac9ff6bc52b7c850a7b0717782ce926530 HTTP/1.1" 200 300 "-" "Java/18.0.2-ea"
codigofuente-storage2-1            | 10.81.234.2 - - [03/Apr/2023:19:44:38 +0000] "POST /upload.php?file=abekeys/d6848e81db3ba7156f45b8d318d28590b4a36b0d&tokenuser=7eada11a812eff429cb203bdaa5ac4ac9ff6bc52b7c850a7b0717782ce926530 HTTP/1.1" 200 228 "-" "Java/18.0.2-ea"
codigofuente-storage2-1            | 10.81.234.2 - - [03/Apr/2023:19:44:38 +0000] "POST /upload.php?file=abekeys/e969e935c492e9576a95482f24cec29670f199bf&tokenuser=7eada11a812eff429cb203bdaa5ac4ac9ff6bc52b7c850a7b0717782ce926530 HTTP/1.1" 200 228 "-" "Java/18.0.2-ea"
codigofuente-storage2-1            | 10.81.234.2 - - [03/Apr/2023:19:44:38 +0000] "POST /upload.php?file=c/288c182c05c5b84a831b90d502e3e0119664158a&operationId=642b2ca6ad54b7.79453438&tokenuser=7eada11a812eff429cb203bdaa5ac4ac9ff6bc52b7c850a7b0717782ce926530 HTTP/1.1" 200 299 "-" "Java/18.0.2-ea"
codigofuente-db_metadata-1         |     pg_ctl -D /var/lib/postgresql/data -l logfile start
codigofuente-db_metadata-1         | 
codigofuente-db_metadata-1         | waiting for server to start....2023-04-03 19:44:20.074 UTC [48] LOG:  starting PostgreSQL 12.14 (Debian 12.14-1.pgdg110+1) on x86_64-pc-linux-gnu, compiled by gcc (Debian 10.2.1-6) 10.2.1 20210110, 64-bit
codigofuente-db_metadata-1         | 2023-04-03 19:44:20.075 UTC [48] LOG:  listening on Unix socket "/var/run/postgresql/.s.PGSQL.5432"
codigofuente-db_metadata-1         | 2023-04-03 19:44:20.256 UTC [49] LOG:  database system was shut down at 2023-04-03 19:44:19 UTC
codigofuente-db_metadata-1         | 2023-04-03 19:44:20.261 UTC [48] LOG:  database system is ready to accept connections
codigofuente-pub_sub-1             | [Mon Apr 03 19:44:21.243270 2023] [mpm_prefork:notice] [pid 1] AH00163: Apache/2.4.10 (Debian) PHP/7.0.27 configured -- resuming normal operations
codigofuente-pub_sub-1             | [Mon Apr 03 19:44:21.243301 2023] [core:notice] [pid 1] AH00094: Command line: 'apache2 -D FOREGROUND'
codigofuente-pub_sub-1             | 172.22.0.22 - - [03/Apr/2023:19:44:30 +0000] "POST /subscription/v1/catalogs?access_token=8549a1c11faebe02aaf78af98b1f366eb2bdf5997f34ee557e151132bb58cf4b HTTP/1.1" 201 275 "-" "-"
codigofuente-value-chain-api-db-1  | CREATE TABLE
codigofuente-value-chain-api-db-1  | CREATE TABLE
codigofuente-value-chain-api-db-1  | INSERT 0 1
codigofuente-value-chain-api-db-1  | INSERT 0 1
codigofuente-auth-1                | 172.22.0.21 - - [03/Apr/2023:19:44:37 +0000] "GET /auth/v1/users?access_token=7eada11a812eff429cb203bdaa5ac4ac9ff6bc52b7c850a7b0717782ce926530 HTTP/1.1" 406 213 "-" "-"
codigofuente-auth-1                | 172.22.0.21 - - [03/Apr/2023:19:44:37 +0000] "GET /auth/v1/users?access_token=7eada11a812eff429cb203bdaa5ac4ac9ff6bc52b7c850a7b0717782ce926530 HTTP/1.1" 406 213 "-" "-"
codigofuente-auth-1                | 172.22.0.21 - - [03/Apr/2023:19:44:37 +0000] "GET /auth/v1/users?access_token=7eada11a812eff429cb203bdaa5ac4ac9ff6bc52b7c850a7b0717782ce926530 HTTP/1.1" 406 213 "-" "-"
codigofuente-auth-1                | 172.22.0.21 - - [03/Apr/2023:19:44:37 +0000] "GET /auth/v1/users?access_token=7eada11a812eff429cb203bdaa5ac4ac9ff6bc52b7c850a7b0717782ce926530 HTTP/1.1" 406 213 "-" "-"
codigofuente-storage2-1            | 10.81.234.2 - - [03/Apr/2023:19:44:39 +0000] "POST /upload.php?file=abekeys/743b4deaae37c505b42a50d647dc929d21898085&tokenuser=7eada11a812eff429cb203bdaa5ac4ac9ff6bc52b7c850a7b0717782ce926530 HTTP/1.1" 200 228 "-" "Java/18.0.2-ea"
codigofuente-storage2-1            | 10.81.234.2 - - [03/Apr/2023:19:44:39 +0000] "POST /upload.php?file=c/7efcd5bd23adf2448f58980e1619c4750438b3dc&operationId=642b2ca6f3fc54.94760328&tokenuser=7eada11a812eff429cb203bdaa5ac4ac9ff6bc52b7c850a7b0717782ce926530 HTTP/1.1" 200 299 "-" "Java/18.0.2-ea"
codigofuente-storage2-1            | 10.81.234.2 - - [03/Apr/2023:19:44:39 +0000] "POST /upload.php?file=abekeys/e370e9db46c680b77b245da8c792b90111f6a21f&tokenuser=7eada11a812eff429cb203bdaa5ac4ac9ff6bc52b7c850a7b0717782ce926530 HTTP/1.1" 200 228 "-" "Java/18.0.2-ea"
codigofuente-storage3-1            | 10.81.234.2 - - [03/Apr/2023:19:44:33 +0000] "POST /upload.php?file=abekeys/1c800532fd5c1596eda840c14ee4cd87ed41b385&tokenuser=7eada11a812eff429cb203bdaa5ac4ac9ff6bc52b7c850a7b0717782ce926530 HTTP/1.1" 200 228 "-" "Java/18.0.2-ea"
codigofuente-storage3-1            | 10.81.234.2 - - [03/Apr/2023:19:44:33 +0000] "POST /upload.php?file=c/62e95ff5fdd9ceb4dd1c6c7f86a8371f92f3b35e&operationId=642b2ca1cbd124.64308985&tokenuser=7eada11a812eff429cb203bdaa5ac4ac9ff6bc52b7c850a7b0717782ce926530 HTTP/1.1" 200 299 "-" "Java/18.0.2-ea"
codigofuente-storage3-1            | 10.81.234.2 - - [03/Apr/2023:19:44:34 +0000] "POST /upload.php?file=c/34ffd02e1190e07f6639d9be900b5cfbc0e0b063&operationId=642b2ca20df4d1.69428127&tokenuser=7eada11a812eff429cb203bdaa5ac4ac9ff6bc52b7c850a7b0717782ce926530 HTTP/1.1" 200 299 "-" "Java/18.0.2-ea"
codigofuente-storage3-1            | 10.81.234.2 - - [03/Apr/2023:19:44:34 +0000] "POST /upload.php?file=abekeys/09cd681fb55ce89cf4d2d20e86e6409a96a768f4&tokenuser=7eada11a812eff429cb203bdaa5ac4ac9ff6bc52b7c850a7b0717782ce926530 HTTP/1.1" 200 228 "-" "Java/18.0.2-ea"
codigofuente-storage3-1            | 10.81.234.2 - - [03/Apr/2023:19:44:34 +0000] "POST /upload.php?file=c/916be1ba22736924d15e0a89bfe9fdfa0de42f56&operationId=642b2ca2761a13.46821681&tokenuser=7eada11a812eff429cb203bdaa5ac4ac9ff6bc52b7c850a7b0717782ce926530 HTTP/1.1" 200 299 "-" "Java/18.0.2-ea"
codigofuente-value-chain-api-db-1  | INSERT 0 1
codigofuente-value-chain-api-db-1  | CREATE TABLE
codigofuente-value-chain-api-db-1  | CREATE TABLE
codigofuente-value-chain-api-db-1  | CREATE TABLE
codigofuente-value-chain-api-db-1  | CREATE TABLE
codigofuente-value-chain-api-db-1  | CREATE TABLE
codigofuente-value-chain-api-db-1  | CREATE TABLE
codigofuente-value-chain-api-db-1  | CREATE TABLE
codigofuente-value-chain-api-db-1  | CREATE TABLE
codigofuente-value-chain-api-db-1  | CREATE TABLE
codigofuente-value-chain-api-db-1  | CREATE TABLE
codigofuente-value-chain-api-db-1  | CREATE TABLE
codigofuente-apigateway-1          | 172.22.0.21 - - [03/Apr/2023:19:44:35 +0000] "POST /pub_sub/v1/catalogs/3a7af1940b306dfb718c967187b7ecc8d68ac1149438356ce64a24c03bba88e5/files/upload HTTP/1.1" 201 362 "-" "-"
codigofuente-apigateway-1          | 172.22.0.21 - - [03/Apr/2023:19:44:35 +0000] "POST /pub_sub/v1/catalogs/3a7af1940b306dfb718c967187b7ecc8d68ac1149438356ce64a24c03bba88e5/files/upload HTTP/1.1" 201 362 "-" "-"
codigofuente-apigateway-1          | 172.22.0.21 - - [03/Apr/2023:19:44:35 +0000] "POST /pub_sub/v1/catalogs/3a7af1940b306dfb718c967187b7ecc8d68ac1149438356ce64a24c03bba88e5/files/upload HTTP/1.1" 201 362 "-" "-"
codigofuente-apigateway-1          | 172.22.0.21 - - [03/Apr/2023:19:44:35 +0000] "POST /pub_sub/v1/catalogs/3a7af1940b306dfb718c967187b7ecc8d68ac1149438356ce64a24c03bba88e5/files/upload HTTP/1.1" 201 362 "-" "-"
codigofuente-apigateway-1          | 172.22.0.21 - - [03/Apr/2023:19:44:35 +0000] "POST /pub_sub/v1/catalogs/3a7af1940b306dfb718c967187b7ecc8d68ac1149438356ce64a24c03bba88e5/files/upload HTTP/1.1" 201 362 "-" "-"
codigofuente-apigateway-1          | 172.22.0.21 - - [03/Apr/2023:19:44:35 +0000] "POST /pub_sub/v1/catalogs/3a7af1940b306dfb718c967187b7ecc8d68ac1149438356ce64a24c03bba88e5/files/upload HTTP/1.1" 201 362 "-" "-"
codigofuente-apigateway-1          | 172.22.0.21 - - [03/Apr/2023:19:44:35 +0000] "POST /pub_sub/v1/catalogs/3a7af1940b306dfb718c967187b7ecc8d68ac1149438356ce64a24c03bba88e5/files/upload HTTP/1.1" 201 362 "-" "-"
codigofuente-apigateway-1          | 172.22.0.21 - - [03/Apr/2023:19:44:35 +0000] "POST /pub_sub/v1/catalogs/3a7af1940b306dfb718c967187b7ecc8d68ac1149438356ce64a24c03bba88e5/files/upload HTTP/1.1" 201 362 "-" "-"
codigofuente-apigateway-1          | 172.22.0.21 - - [03/Apr/2023:19:44:35 +0000] "POST /pub_sub/v1/catalogs/3a7af1940b306dfb718c967187b7ecc8d68ac1149438356ce64a24c03bba88e5/files/upload HTTP/1.1" 201 362 "-" "-"
codigofuente-apigateway-1          | 172.22.0.21 - - [03/Apr/2023:19:44:35 +0000] "POST /pub_sub/v1/catalogs/3a7af1940b306dfb718c967187b7ecc8d68ac1149438356ce64a24c03bba88e5/files/upload HTTP/1.1" 201 362 "-" "-"
codigofuente-db_metadata-1         |  done
codigofuente-db_metadata-1         | server started
codigofuente-db_metadata-1         | CREATE DATABASE
codigofuente-db_metadata-1         | 
codigofuente-db_metadata-1         | 
codigofuente-db_metadata-1         | /usr/local/bin/docker-entrypoint.sh: running /docker-entrypoint-initdb.d/1-multi.sql
codigofuente-db_metadata-1         | SET
codigofuente-db_metadata-1         | SET
codigofuente-db_metadata-1         | SET
codigofuente-db_metadata-1         | SET
codigofuente-db_metadata-1         | SET
codigofuente-db_metadata-1         | SET
codigofuente-db_metadata-1         | CREATE EXTENSION
codigofuente-db_metadata-1         | COMMENT
codigofuente-db_metadata-1         | SET
codigofuente-db_metadata-1         | SET
codigofuente-db_metadata-1         | SET
codigofuente-db_metadata-1         | CREATE TABLE
codigofuente-storage4-1            | 10.81.234.2 - - [03/Apr/2023:19:44:32 +0000] "POST /upload.php?file=abekeys/ef3815561131d17a0b796d99272e86f07eaff5da&tokenuser=7eada11a812eff429cb203bdaa5ac4ac9ff6bc52b7c850a7b0717782ce926530 HTTP/1.1" 200 228 "-" "Java/18.0.2-ea"
codigofuente-storage4-1            | 10.81.234.2 - - [03/Apr/2023:19:44:33 +0000] "POST /upload.php?file=abekeys/b6f20c98e758d70c84307996d0de884f9ea136c3&tokenuser=7eada11a812eff429cb203bdaa5ac4ac9ff6bc52b7c850a7b0717782ce926530 HTTP/1.1" 200 228 "-" "Java/18.0.2-ea"
codigofuente-storage4-1            | 10.81.234.2 - - [03/Apr/2023:19:44:33 +0000] "POST /upload.php?file=c/6d2b64c53f41dfd8616732397ef22048aa1b0e66&operationId=642b2ca1127a36.33642306&tokenuser=7eada11a812eff429cb203bdaa5ac4ac9ff6bc52b7c850a7b0717782ce926530 HTTP/1.1" 200 299 "-" "Java/18.0.2-ea"
codigofuente-db_metadata-1         | ALTER TABLE
codigofuente-db_metadata-1         | CREATE TABLE
codigofuente-db_metadata-1         | ALTER TABLE
codigofuente-db_metadata-1         | CREATE SEQUENCE
codigofuente-auth-1                | 172.22.0.21 - - [03/Apr/2023:19:44:38 +0000] "GET /auth/v1/users?access_token=7eada11a812eff429cb203bdaa5ac4ac9ff6bc52b7c850a7b0717782ce926530 HTTP/1.1" 406 213 "-" "-"
codigofuente-auth-1                | 172.22.0.21 - - [03/Apr/2023:19:44:38 +0000] "GET /auth/v1/users?access_token=7eada11a812eff429cb203bdaa5ac4ac9ff6bc52b7c850a7b0717782ce926530 HTTP/1.1" 406 213 "-" "-"
codigofuente-auth-1                | 172.22.0.21 - - [03/Apr/2023:19:44:38 +0000] "GET /auth/v1/users?access_token=7eada11a812eff429cb203bdaa5ac4ac9ff6bc52b7c850a7b0717782ce926530 HTTP/1.1" 406 213 "-" "-"
codigofuente-auth-1                | 172.22.0.21 - - [03/Apr/2023:19:44:38 +0000] "GET /auth/v1/users?access_token=7eada11a812eff429cb203bdaa5ac4ac9ff6bc52b7c850a7b0717782ce926530 HTTP/1.1" 406 213 "-" "-"
codigofuente-auth-1                | 172.22.0.21 - - [03/Apr/2023:19:44:38 +0000] "GET /auth/v1/users?access_token=7eada11a812eff429cb203bdaa5ac4ac9ff6bc52b7c850a7b0717782ce926530 HTTP/1.1" 406 213 "-" "-"
codigofuente-auth-1                | 172.22.0.21 - - [03/Apr/2023:19:44:38 +0000] "GET /auth/v1/users?access_token=7eada11a812eff429cb203bdaa5ac4ac9ff6bc52b7c850a7b0717782ce926530 HTTP/1.1" 406 213 "-" "-"
codigofuente-auth-1                | 172.22.0.21 - - [03/Apr/2023:19:44:38 +0000] "GET /auth/v1/users?access_token=7eada11a812eff429cb203bdaa5ac4ac9ff6bc52b7c850a7b0717782ce926530 HTTP/1.1" 406 213 "-" "-"
codigofuente-auth-1                | 172.22.0.21 - - [03/Apr/2023:19:44:38 +0000] "GET /auth/v1/users?access_token=7eada11a812eff429cb203bdaa5ac4ac9ff6bc52b7c850a7b0717782ce926530 HTTP/1.1" 406 213 "-" "-"
codigofuente-auth-1                | 172.22.0.21 - - [03/Apr/2023:19:44:38 +0000] "GET /auth/v1/users?access_token=7eada11a812eff429cb203bdaa5ac4ac9ff6bc52b7c850a7b0717782ce926530 HTTP/1.1" 406 213 "-" "-"
codigofuente-auth-1                | 172.22.0.21 - - [03/Apr/2023:19:44:38 +0000] "GET /auth/v1/users?access_token=7eada11a812eff429cb203bdaa5ac4ac9ff6bc52b7c850a7b0717782ce926530 HTTP/1.1" 406 213 "-" "-"
codigofuente-auth-1                | 172.22.0.21 - - [03/Apr/2023:19:44:38 +0000] "GET /auth/v1/users?access_token=7eada11a812eff429cb203bdaa5ac4ac9ff6bc52b7c850a7b0717782ce926530 HTTP/1.1" 406 213 "-" "-"
codigofuente-storage2-1            | 10.81.234.2 - - [03/Apr/2023:19:44:39 +0000] "POST /upload.php?file=c/665ac4f0af1cc11b407ba32f2d88a8f641644f11&operationId=642b2ca74e7703.53172162&tokenuser=7eada11a812eff429cb203bdaa5ac4ac9ff6bc52b7c850a7b0717782ce926530 HTTP/1.1" 200 299 "-" "Java/18.0.2-ea"
codigofuente-storage2-1            | 10.81.234.2 - - [03/Apr/2023:19:44:39 +0000] "POST /upload.php?file=c/5c195cf718a8464b3ebf43322ed45b36c4615724&operationId=642b2ca74e8761.45929586&tokenuser=7eada11a812eff429cb203bdaa5ac4ac9ff6bc52b7c850a7b0717782ce926530 HTTP/1.1" 200 299 "-" "Java/18.0.2-ea"
codigofuente-storage2-1            | 10.81.234.2 - - [03/Apr/2023:19:44:39 +0000] "POST /upload.php?file=abekeys/c48560e9163d54dd4fd99fd0c1747ddbb770591a&tokenuser=7eada11a812eff429cb203bdaa5ac4ac9ff6bc52b7c850a7b0717782ce926530 HTTP/1.1" 200 228 "-" "Java/18.0.2-ea"
codigofuente-storage2-1            | 10.81.234.2 - - [03/Apr/2023:19:44:39 +0000] "POST /upload.php?file=abekeys/7f43e7b9b79b52854dbbdeb9f8c40511bbd304a0&tokenuser=7eada11a812eff429cb203bdaa5ac4ac9ff6bc52b7c850a7b0717782ce926530 HTTP/1.1" 200 228 "-" "Java/18.0.2-ea"
codigofuente-storage2-1            | 10.81.234.2 - - [03/Apr/2023:19:44:39 +0000] "POST /upload.php?file=c/94627e025a6237dd70e40ed825264b8106be6d99&operationId=642b2ca7baaa54.14380434&tokenuser=7eada11a812eff429cb203bdaa5ac4ac9ff6bc52b7c850a7b0717782ce926530 HTTP/1.1" 200 299 "-" "Java/18.0.2-ea"
codigofuente-storage2-1            | 10.81.234.2 - - [03/Apr/2023:19:44:39 +0000] "POST /upload.php?file=abekeys/745ea2f4251d5b54ba03fc51b2e4a4bd65c5e5d2&tokenuser=7eada11a812eff429cb203bdaa5ac4ac9ff6bc52b7c850a7b0717782ce926530 HTTP/1.1" 200 228 "-" "Java/18.0.2-ea"
codigofuente-storage2-1            | 10.81.234.2 - - [03/Apr/2023:19:44:40 +0000] "POST /upload.php?file=c/5f963c9d70b9130cb3844a5566356df9eb746e18&operationId=642b2ca81eb9e2.41058215&tokenuser=7eada11a812eff429cb203bdaa5ac4ac9ff6bc52b7c850a7b0717782ce926530 HTTP/1.1" 200 299 "-" "Java/18.0.2-ea"
codigofuente-storage2-1            | 10.81.234.2 - - [03/Apr/2023:19:44:40 +0000] "POST /upload.php?file=abekeys/8d2081ce5cd434be76ddc0e3ac6b10849c1243b6&tokenuser=7eada11a812eff429cb203bdaa5ac4ac9ff6bc52b7c850a7b0717782ce926530 HTTP/1.1" 200 228 "-" "Java/18.0.2-ea"
codigofuente-storage2-1            | 10.81.234.2 - - [03/Apr/2023:19:44:40 +0000] "POST /upload.php?file=abekeys/cd94c88381f0ea8875584df9a704197e2bd1ac7c&tokenuser=7eada11a812eff429cb203bdaa5ac4ac9ff6bc52b7c850a7b0717782ce926530 HTTP/1.1" 200 228 "-" "Java/18.0.2-ea"
codigofuente-storage3-1            | 10.81.234.2 - - [03/Apr/2023:19:44:34 +0000] "POST /upload.php?file=c/405839f1349789e884e4848517adc4d131954b51&operationId=642b2ca2768525.46856890&tokenuser=7eada11a812eff429cb203bdaa5ac4ac9ff6bc52b7c850a7b0717782ce926530 HTTP/1.1" 200 299 "-" "Java/18.0.2-ea"
codigofuente-storage3-1            | 10.81.234.2 - - [03/Apr/2023:19:44:34 +0000] "POST /upload.php?file=c/e026dfaaa845c1cf3dcf90c5ecbe3c111d18552a&operationId=642b2ca2760931.01191491&tokenuser=7eada11a812eff429cb203bdaa5ac4ac9ff6bc52b7c850a7b0717782ce926530 HTTP/1.1" 200 299 "-" "Java/18.0.2-ea"
codigofuente-storage3-1            | 10.81.234.2 - - [03/Apr/2023:19:44:34 +0000] "POST /upload.php?file=abekeys/48a8c6f237303a8109e6bf00c8c13114a9c03103&tokenuser=7eada11a812eff429cb203bdaa5ac4ac9ff6bc52b7c850a7b0717782ce926530 HTTP/1.1" 200 228 "-" "Java/18.0.2-ea"
codigofuente-storage3-1            | 10.81.234.2 - - [03/Apr/2023:19:44:35 +0000] "POST /upload.php?file=abekeys/86909c9f5847e09460bebe9e52021112416ee4ff&tokenuser=7eada11a812eff429cb203bdaa5ac4ac9ff6bc52b7c850a7b0717782ce926530 HTTP/1.1" 200 228 "-" "Java/18.0.2-ea"
codigofuente-storage3-1            | 10.81.234.2 - - [03/Apr/2023:19:44:35 +0000] "POST /upload.php?file=abekeys/1310cd4dd1cbd2cf12c73dbb30f929e9358253b9&tokenuser=7eada11a812eff429cb203bdaa5ac4ac9ff6bc52b7c850a7b0717782ce926530 HTTP/1.1" 200 228 "-" "Java/18.0.2-ea"
codigofuente-storage3-1            | 10.81.234.2 - - [03/Apr/2023:19:44:35 +0000] "POST /upload.php?file=c/1310cd4dd1cbd2cf12c73dbb30f929e9358253b9&operationId=642b2ca33cb5d7.56403529&tokenuser=7eada11a812eff429cb203bdaa5ac4ac9ff6bc52b7c850a7b0717782ce926530 HTTP/1.1" 200 299 "-" "Java/18.0.2-ea"
codigofuente-storage3-1            | 10.81.234.2 - - [03/Apr/2023:19:44:35 +0000] "POST /upload.php?file=abekeys/769d6e64f387c60e46fbcf52a9cd900482d7c76b&tokenuser=7eada11a812eff429cb203bdaa5ac4ac9ff6bc52b7c850a7b0717782ce926530 HTTP/1.1" 200 228 "-" "Java/18.0.2-ea"
codigofuente-apigateway-1          | 172.22.0.21 - - [03/Apr/2023:19:44:35 +0000] "POST /pub_sub/v1/catalogs/3a7af1940b306dfb718c967187b7ecc8d68ac1149438356ce64a24c03bba88e5/files/upload HTTP/1.1" 201 362 "-" "-"
codigofuente-apigateway-1          | 172.22.0.21 - - [03/Apr/2023:19:44:35 +0000] "POST /pub_sub/v1/catalogs/3a7af1940b306dfb718c967187b7ecc8d68ac1149438356ce64a24c03bba88e5/files/upload HTTP/1.1" 201 362 "-" "-"
codigofuente-apigateway-1          | 172.22.0.21 - - [03/Apr/2023:19:44:35 +0000] "POST /pub_sub/v1/catalogs/3a7af1940b306dfb718c967187b7ecc8d68ac1149438356ce64a24c03bba88e5/files/upload HTTP/1.1" 201 362 "-" "-"
codigofuente-apigateway-1          | 172.22.0.21 - - [03/Apr/2023:19:44:35 +0000] "POST /pub_sub/v1/catalogs/3a7af1940b306dfb718c967187b7ecc8d68ac1149438356ce64a24c03bba88e5/files/upload HTTP/1.1" 201 362 "-" "-"
codigofuente-apigateway-1          | 172.22.0.21 - - [03/Apr/2023:19:44:35 +0000] "POST /pub_sub/v1/catalogs/3a7af1940b306dfb718c967187b7ecc8d68ac1149438356ce64a24c03bba88e5/files/upload HTTP/1.1" 201 362 "-" "-"
codigofuente-apigateway-1          | 172.22.0.21 - - [03/Apr/2023:19:44:36 +0000] "POST /pub_sub/v1/catalogs/3a7af1940b306dfb718c967187b7ecc8d68ac1149438356ce64a24c03bba88e5/files/upload HTTP/1.1" 201 362 "-" "-"
codigofuente-apigateway-1          | 172.22.0.21 - - [03/Apr/2023:19:44:36 +0000] "POST /pub_sub/v1/catalogs/3a7af1940b306dfb718c967187b7ecc8d68ac1149438356ce64a24c03bba88e5/files/upload HTTP/1.1" 201 362 "-" "-"
codigofuente-apigateway-1          | 172.22.0.21 - - [03/Apr/2023:19:44:36 +0000] "POST /pub_sub/v1/catalogs/3a7af1940b306dfb718c967187b7ecc8d68ac1149438356ce64a24c03bba88e5/files/upload HTTP/1.1" 201 362 "-" "-"
codigofuente-apigateway-1          | 172.22.0.21 - - [03/Apr/2023:19:44:36 +0000] "POST /pub_sub/v1/catalogs/3a7af1940b306dfb718c967187b7ecc8d68ac1149438356ce64a24c03bba88e5/files/upload HTTP/1.1" 201 362 "-" "-"
codigofuente-apigateway-1          | 172.22.0.21 - - [03/Apr/2023:19:44:36 +0000] "POST /pub_sub/v1/catalogs/3a7af1940b306dfb718c967187b7ecc8d68ac1149438356ce64a24c03bba88e5/files/upload HTTP/1.1" 201 362 "-" "-"
codigofuente-apigateway-1          | 172.22.0.21 - - [03/Apr/2023:19:44:36 +0000] "POST /pub_sub/v1/catalogs/3a7af1940b306dfb718c967187b7ecc8d68ac1149438356ce64a24c03bba88e5/files/upload HTTP/1.1" 201 362 "-" "-"
codigofuente-apigateway-1          | 172.22.0.21 - - [03/Apr/2023:19:44:36 +0000] "POST /pub_sub/v1/catalogs/3a7af1940b306dfb718c967187b7ecc8d68ac1149438356ce64a24c03bba88e5/files/upload HTTP/1.1" 201 362 "-" "-"
codigofuente-storage5-1            | 10.81.234.2 - - [03/Apr/2023:19:44:34 +0000] "POST /upload.php?file=abekeys/e026dfaaa845c1cf3dcf90c5ecbe3c111d18552a&tokenuser=7eada11a812eff429cb203bdaa5ac4ac9ff6bc52b7c850a7b0717782ce926530 HTTP/1.1" 200 228 "-" "Java/18.0.2-ea"
codigofuente-db_pub_sub-1          | initdb: warning: enabling "trust" authentication for local connections
codigofuente-pub_sub-1             | 172.22.0.22 - - [03/Apr/2023:19:44:31 +0000] "POST /subscription/v1/visualization?access_token=8549a1c11faebe02aaf78af98b1f366eb2bdf5997f34ee557e151132bb58cf4b HTTP/1.1" 404 205 "-" "-"
codigofuente-storage5-1            | 10.81.234.2 - - [03/Apr/2023:19:44:34 +0000] "POST /upload.php?file=abekeys/fbde19ec270c38e82a7963cc66a7556faddd9505&tokenuser=7eada11a812eff429cb203bdaa5ac4ac9ff6bc52b7c850a7b0717782ce926530 HTTP/1.1" 200 228 "-" "Java/18.0.2-ea"
codigofuente-storage5-1            | 10.81.234.2 - - [03/Apr/2023:19:44:34 +0000] "POST /upload.php?file=c/9300ce4f5b9d7fe49ac840fd5bfef46a159046b8&operationId=642b2ca2b076c5.57720837&tokenuser=7eada11a812eff429cb203bdaa5ac4ac9ff6bc52b7c850a7b0717782ce926530 HTTP/1.1" 200 300 "-" "Java/18.0.2-ea"
codigofuente-storage5-1            | 10.81.234.2 - - [03/Apr/2023:19:44:34 +0000] "POST /upload.php?file=c/48a8c6f237303a8109e6bf00c8c13114a9c03103&operationId=642b2ca2b0c896.13607458&tokenuser=7eada11a812eff429cb203bdaa5ac4ac9ff6bc52b7c850a7b0717782ce926530 HTTP/1.1" 200 300 "-" "Java/18.0.2-ea"
codigofuente-storage5-1            | 10.81.234.2 - - [03/Apr/2023:19:44:34 +0000] "POST /upload.php?file=c/3a32f42e4bb97413603172f51392fca59aa3e178&operationId=642b2ca2b0ae91.75076546&tokenuser=7eada11a812eff429cb203bdaa5ac4ac9ff6bc52b7c850a7b0717782ce926530 HTTP/1.1" 200 300 "-" "Java/18.0.2-ea"
codigofuente-storage5-1            | 10.81.234.2 - - [03/Apr/2023:19:44:35 +0000] "POST /upload.php?file=abekeys/13b7f89f1f1a0f27d393c2f403483dc58cb72284&tokenuser=7eada11a812eff429cb203bdaa5ac4ac9ff6bc52b7c850a7b0717782ce926530 HTTP/1.1" 200 228 "-" "Java/18.0.2-ea"
codigofuente-storage5-1            | 10.81.234.2 - - [03/Apr/2023:19:44:35 +0000] "POST /upload.php?file=abekeys/0a28058187f5ffa3d2f7a38dfcae0891c4aecb79&tokenuser=7eada11a812eff429cb203bdaa5ac4ac9ff6bc52b7c850a7b0717782ce926530 HTTP/1.1" 200 228 "-" "Java/18.0.2-ea"
codigofuente-storage5-1            | 10.81.234.2 - - [03/Apr/2023:19:44:35 +0000] "POST /upload.php?file=c/0a28058187f5ffa3d2f7a38dfcae0891c4aecb79&operationId=642b2ca37aae05.74722092&tokenuser=7eada11a812eff429cb203bdaa5ac4ac9ff6bc52b7c850a7b0717782ce926530 HTTP/1.1" 200 299 "-" "Java/18.0.2-ea"
codigofuente-metadata-1            | 10.81.234.2 - - [03/Apr/2023:19:44:32 +0000] "GET /pubcerts/bob.cer HTTP/1.1" 200 1199 "-" "Java/18.0.2-ea"
codigofuente-db_metadata-1         | ALTER TABLE
