codigofuente-storage4-1            | 10.81.234.2 - - [03/Apr/2023:19:44:46 +0000] "POST /upload.php?file=abekeys/017b5d737c119f70026ba5c323420e8eb9c54b56&tokenuser=7eada11a812eff429cb203bdaa5ac4ac9ff6bc52b7c850a7b0717782ce926530 HTTP/1.1" 200 228 "-" "Java/18.0.2-ea"
codigofuente-storage4-1            | 10.81.234.2 - - [03/Apr/2023:19:44:46 +0000] "POST /upload.php?file=abekeys/7754185dede07bcb39d2de3e45cc302710facc3f&tokenuser=7eada11a812eff429cb203bdaa5ac4ac9ff6bc52b7c850a7b0717782ce926530 HTTP/1.1" 200 228 "-" "Java/18.0.2-ea"
codigofuente-storage4-1            | 10.81.234.2 - - [03/Apr/2023:19:44:46 +0000] "POST /upload.php?file=abekeys/2c9969abf755f2a913771f20effaf49050ac0c2b&tokenuser=7eada11a812eff429cb203bdaa5ac4ac9ff6bc52b7c850a7b0717782ce926530 HTTP/1.1" 200 228 "-" "Java/18.0.2-ea"
codigofuente-storage1-1            | 10.81.234.2 - - [03/Apr/2023:19:44:37 +0000] "POST /upload.php?file=c/054e76fc71bbb8866c3add602539331c20b733c7&operationId=642b2ca56612e3.16459446&tokenuser=7eada11a812eff429cb203bdaa5ac4ac9ff6bc52b7c850a7b0717782ce926530 HTTP/1.1" 200 299 "-" "Java/18.0.2-ea"
codigofuente-db_auth-1             | 2023-04-03 19:44:20.849 UTC [48] LOG:  database system is ready to accept connections
codigofuente-storage1-1            | 10.81.234.2 - - [03/Apr/2023:19:44:37 +0000] "POST /upload.php?file=c/a60f764e0a0153c0510f1b5ae574ecd4acc0976c&operationId=642b2ca5664034.85584744&tokenuser=7eada11a812eff429cb203bdaa5ac4ac9ff6bc52b7c850a7b0717782ce926530 HTTP/1.1" 200 298 "-" "Java/18.0.2-ea"
codigofuente-storage1-1            | 10.81.234.2 - - [03/Apr/2023:19:44:38 +0000] "POST /upload.php?file=abekeys/051714ad5d3a8236102299133194b260330bc606&tokenuser=7eada11a812eff429cb203bdaa5ac4ac9ff6bc52b7c850a7b0717782ce926530 HTTP/1.1" 200 228 "-" "Java/18.0.2-ea"
codigofuente-storage1-1            | 10.81.234.2 - - [03/Apr/2023:19:44:38 +0000] "POST /upload.php?file=c/d6848e81db3ba7156f45b8d318d28590b4a36b0d&operationId=642b2ca66b5d04.10382740&tokenuser=7eada11a812eff429cb203bdaa5ac4ac9ff6bc52b7c850a7b0717782ce926530 HTTP/1.1" 200 299 "-" "Java/18.0.2-ea"
codigofuente-storage1-1            | 10.81.234.2 - - [03/Apr/2023:19:44:38 +0000] "POST /upload.php?file=abekeys/43cdb3c693311801611f354a01b3f87968bbbe76&tokenuser=7eada11a812eff429cb203bdaa5ac4ac9ff6bc52b7c850a7b0717782ce926530 HTTP/1.1" 200 228 "-" "Java/18.0.2-ea"
codigofuente-storage1-1            | 10.81.234.2 - - [03/Apr/2023:19:44:38 +0000] "POST /upload.php?file=c/43cdb3c693311801611f354a01b3f87968bbbe76&operationId=642b2ca692ce55.95695281&tokenuser=7eada11a812eff429cb203bdaa5ac4ac9ff6bc52b7c850a7b0717782ce926530 HTTP/1.1" 200 299 "-" "Java/18.0.2-ea"
codigofuente-storage1-1            | 10.81.234.2 - - [03/Apr/2023:19:44:38 +0000] "POST /upload.php?file=abekeys/311560b8e578e31af58c8254dc41c399901cc973&tokenuser=7eada11a812eff429cb203bdaa5ac4ac9ff6bc52b7c850a7b0717782ce926530 HTTP/1.1" 200 228 "-" "Java/18.0.2-ea"
codigofuente-storage1-1            | 10.81.234.2 - - [03/Apr/2023:19:44:38 +0000] "POST /upload.php?file=c/583a5d739e9dbddf4b9fd37043980ea15a74c0d1&operationId=642b2ca6d18e68.94503678&tokenuser=7eada11a812eff429cb203bdaa5ac4ac9ff6bc52b7c850a7b0717782ce926530 HTTP/1.1" 200 299 "-" "Java/18.0.2-ea"
codigofuente-storage1-1            | 10.81.234.2 - - [03/Apr/2023:19:44:39 +0000] "POST /upload.php?file=abekeys/e071da7d1e71a175b2c9d7eb825d06184f7c28b3&tokenuser=7eada11a812eff429cb203bdaa5ac4ac9ff6bc52b7c850a7b0717782ce926530 HTTP/1.1" 200 228 "-" "Java/18.0.2-ea"
codigofuente-storage1-1            | 10.81.234.2 - - [03/Apr/2023:19:44:39 +0000] "POST /upload.php?file=c/4ebfdb600230b29c1681085f1994269ce9ce80b8&operationId=642b2ca71ac521.66082581&tokenuser=7eada11a812eff429cb203bdaa5ac4ac9ff6bc52b7c850a7b0717782ce926530 HTTP/1.1" 200 298 "-" "Java/18.0.2-ea"
codigofuente-storage2-1            | 10.81.234.2 - - [03/Apr/2023:19:44:41 +0000] "POST /upload.php?file=abekeys/b62dd898b81d48dcb8d2153d6297acf7b6e39e8f&tokenuser=7eada11a812eff429cb203bdaa5ac4ac9ff6bc52b7c850a7b0717782ce926530 HTTP/1.1" 200 228 "-" "Java/18.0.2-ea"
codigofuente-pub_sub-1             | 172.22.0.22 - - [03/Apr/2023:19:44:33 +0000] "POST /subscription/v1/catalogs/3a7af1940b306dfb718c967187b7ecc8d68ac1149438356ce64a24c03bba88e5/files/upload HTTP/1.1" 201 211 "-" "-"
codigofuente-storage4-1            | 10.81.234.2 - - [03/Apr/2023:19:44:46 +0000] "POST /upload.php?file=c/2c9969abf755f2a913771f20effaf49050ac0c2b&operationId=642b2cae73ece0.95248187&tokenuser=7eada11a812eff429cb203bdaa5ac4ac9ff6bc52b7c850a7b0717782ce926530 HTTP/1.1" 200 300 "-" "Java/18.0.2-ea"
codigofuente-pub_sub-1             | 172.22.0.22 - - [03/Apr/2023:19:44:33 +0000] "POST /subscription/v1/catalogs/3a7af1940b306dfb718c967187b7ecc8d68ac1149438356ce64a24c03bba88e5/files/upload HTTP/1.1" 201 211 "-" "-"
codigofuente-storage3-1            | 10.81.234.2 - - [03/Apr/2023:19:44:46 +0000] "POST /upload.php?file=c/464111dbcbcd88517035f0ee3faab972322cced6&operationId=642b2cade2b762.20792897&tokenuser=7eada11a812eff429cb203bdaa5ac4ac9ff6bc52b7c850a7b0717782ce926530 HTTP/1.1" 200 300 "-" "Java/18.0.2-ea"
codigofuente-pub_sub-1             | 172.22.0.22 - - [03/Apr/2023:19:44:33 +0000] "POST /subscription/v1/catalogs/3a7af1940b306dfb718c967187b7ecc8d68ac1149438356ce64a24c03bba88e5/files/upload HTTP/1.1" 201 211 "-" "-"
codigofuente-storage3-1            | 10.81.234.2 - - [03/Apr/2023:19:44:46 +0000] "POST /upload.php?file=abekeys/74ce14f795b7f290040e5a9a0969cac89b971ff7&tokenuser=7eada11a812eff429cb203bdaa5ac4ac9ff6bc52b7c850a7b0717782ce926530 HTTP/1.1" 200 228 "-" "Java/18.0.2-ea"
codigofuente-storage3-1            | 10.81.234.2 - - [03/Apr/2023:19:44:46 +0000] "POST /upload.php?file=c/55e7bd911f102b9179efe77d9fdf2a76769807ea&operationId=642b2cae2340c1.51611618&tokenuser=7eada11a812eff429cb203bdaa5ac4ac9ff6bc52b7c850a7b0717782ce926530 HTTP/1.1" 200 300 "-" "Java/18.0.2-ea"
codigofuente-storage3-1            | 10.81.234.2 - - [03/Apr/2023:19:44:46 +0000] "POST /upload.php?file=c/1b2e22939f28629db8390868cdaaa34786c4098e&operationId=642b2cae900088.22444331&tokenuser=7eada11a812eff429cb203bdaa5ac4ac9ff6bc52b7c850a7b0717782ce926530 HTTP/1.1" 200 300 "-" "Java/18.0.2-ea"
codigofuente-storage3-1            | 10.81.234.2 - - [03/Apr/2023:19:44:46 +0000] "POST /upload.php?file=abekeys/a39225d30cc7b530d7fa7a35bb51facb1f73b066&tokenuser=7eada11a812eff429cb203bdaa5ac4ac9ff6bc52b7c850a7b0717782ce926530 HTTP/1.1" 200 228 "-" "Java/18.0.2-ea"
codigofuente-storage3-1            | 10.81.234.2 - - [03/Apr/2023:19:44:46 +0000] "POST /upload.php?file=c/a39225d30cc7b530d7fa7a35bb51facb1f73b066&operationId=642b2caeb5d412.93406491&tokenuser=7eada11a812eff429cb203bdaa5ac4ac9ff6bc52b7c850a7b0717782ce926530 HTTP/1.1" 200 300 "-" "Java/18.0.2-ea"
codigofuente-storage3-1            | 10.81.234.2 - - [03/Apr/2023:19:44:47 +0000] "POST /upload.php?file=c/7e0fc1e9aa4a4192fdffe191e8a9422e5afde486&operationId=642b2caf0d7031.61938139&tokenuser=7eada11a812eff429cb203bdaa5ac4ac9ff6bc52b7c850a7b0717782ce926530 HTTP/1.1" 200 300 "-" "Java/18.0.2-ea"
codigofuente-storage3-1            | 10.81.234.2 - - [03/Apr/2023:19:44:47 +0000] "POST /upload.php?file=abekeys/f7db62aadaa4bf73a04d3e42e792f2768432540f&tokenuser=7eada11a812eff429cb203bdaa5ac4ac9ff6bc52b7c850a7b0717782ce926530 HTTP/1.1" 200 228 "-" "Java/18.0.2-ea"
codigofuente-storage3-1            | 10.81.234.2 - - [03/Apr/2023:19:44:47 +0000] "POST /upload.php?file=abekeys/c67812c83abd273a5b1d4bf369687c51f5bd02c4&tokenuser=7eada11a812eff429cb203bdaa5ac4ac9ff6bc52b7c850a7b0717782ce926530 HTTP/1.1" 200 228 "-" "Java/18.0.2-ea"
codigofuente-storage2-1            | 10.81.234.2 - - [03/Apr/2023:19:44:41 +0000] "POST /upload.php?file=abekeys/53c78a882dcdcbdb7657414651bf6b6e2bbe1833&tokenuser=7eada11a812eff429cb203bdaa5ac4ac9ff6bc52b7c850a7b0717782ce926530 HTTP/1.1" 200 228 "-" "Java/18.0.2-ea"
codigofuente-storage2-1            | 10.81.234.2 - - [03/Apr/2023:19:44:42 +0000] "POST /upload.php?file=c/53c78a882dcdcbdb7657414651bf6b6e2bbe1833&operationId=642b2ca9e35505.20407909&tokenuser=7eada11a812eff429cb203bdaa5ac4ac9ff6bc52b7c850a7b0717782ce926530 HTTP/1.1" 200 300 "-" "Java/18.0.2-ea"
codigofuente-storage1-1            | 10.81.234.2 - - [03/Apr/2023:19:44:39 +0000] "POST /upload.php?file=abekeys/b923d97a34dc8582295b399f2ca50b2bda24dcbf&tokenuser=7eada11a812eff429cb203bdaa5ac4ac9ff6bc52b7c850a7b0717782ce926530 HTTP/1.1" 200 228 "-" "Java/18.0.2-ea"
codigofuente-storage1-1            | 10.81.234.2 - - [03/Apr/2023:19:44:39 +0000] "POST /upload.php?file=c/0eef5fffe7782f205df6df39568c59cf5269031d&operationId=642b2ca7808e03.47521264&tokenuser=7eada11a812eff429cb203bdaa5ac4ac9ff6bc52b7c850a7b0717782ce926530 HTTP/1.1" 200 300 "-" "Java/18.0.2-ea"
codigofuente-storage1-1            | 10.81.234.2 - - [03/Apr/2023:19:44:39 +0000] "POST /upload.php?file=c/0a779d0103302b8796e06d22588d4ef44e89c564&operationId=642b2ca7b64049.24622963&tokenuser=7eada11a812eff429cb203bdaa5ac4ac9ff6bc52b7c850a7b0717782ce926530 HTTP/1.1" 200 300 "-" "Java/18.0.2-ea"
codigofuente-storage1-1            | 10.81.234.2 - - [03/Apr/2023:19:44:40 +0000] "POST /upload.php?file=abekeys/3ed76ff42346a62ea7f79e110dc1bf9df97bc977&tokenuser=7eada11a812eff429cb203bdaa5ac4ac9ff6bc52b7c850a7b0717782ce926530 HTTP/1.1" 200 228 "-" "Java/18.0.2-ea"
codigofuente-storage1-1            | 10.81.234.2 - - [03/Apr/2023:19:44:40 +0000] "POST /upload.php?file=abekeys/d7320ede0fc33c2622e8fb4771e4632cd3f40d6a&tokenuser=7eada11a812eff429cb203bdaa5ac4ac9ff6bc52b7c850a7b0717782ce926530 HTTP/1.1" 200 228 "-" "Java/18.0.2-ea"
codigofuente-storage1-1            | 10.81.234.2 - - [03/Apr/2023:19:44:40 +0000] "POST /upload.php?file=c/d7320ede0fc33c2622e8fb4771e4632cd3f40d6a&operationId=642b2ca8012d96.69290840&tokenuser=7eada11a812eff429cb203bdaa5ac4ac9ff6bc52b7c850a7b0717782ce926530 HTTP/1.1" 200 299 "-" "Java/18.0.2-ea"
codigofuente-storage1-1            | 10.81.234.2 - - [03/Apr/2023:19:44:40 +0000] "POST /upload.php?file=abekeys/5f963c9d70b9130cb3844a5566356df9eb746e18&tokenuser=7eada11a812eff429cb203bdaa5ac4ac9ff6bc52b7c850a7b0717782ce926530 HTTP/1.1" 200 228 "-" "Java/18.0.2-ea"
codigofuente-storage1-1            | 10.81.234.2 - - [03/Apr/2023:19:44:40 +0000] "POST /upload.php?file=abekeys/ddf2cfa90fa0adc88bcdfc4db7873536ae77ec0b&tokenuser=7eada11a812eff429cb203bdaa5ac4ac9ff6bc52b7c850a7b0717782ce926530 HTTP/1.1" 200 228 "-" "Java/18.0.2-ea"
codigofuente-storage1-1            | 10.81.234.2 - - [03/Apr/2023:19:44:40 +0000] "POST /upload.php?file=c/4f08c224828756bfc3ca958ac2e28e700bdd602b&operationId=642b2ca83ed425.61494935&tokenuser=7eada11a812eff429cb203bdaa5ac4ac9ff6bc52b7c850a7b0717782ce926530 HTTP/1.1" 200 299 "-" "Java/18.0.2-ea"
codigofuente-storage1-1            | 10.81.234.2 - - [03/Apr/2023:19:44:40 +0000] "POST /upload.php?file=abekeys/3c660c5f7fdab54f72665ef62d0a93813bc00fb8&tokenuser=7eada11a812eff429cb203bdaa5ac4ac9ff6bc52b7c850a7b0717782ce926530 HTTP/1.1" 200 228 "-" "Java/18.0.2-ea"
codigofuente-storage1-1            | 10.81.234.2 - - [03/Apr/2023:19:44:40 +0000] "POST /upload.php?file=abekeys/ef432fe3fad38c60c1ad0981ab2385b184824413&tokenuser=7eada11a812eff429cb203bdaa5ac4ac9ff6bc52b7c850a7b0717782ce926530 HTTP/1.1" 200 228 "-" "Java/18.0.2-ea"
codigofuente-db_metadata-1         |  setval 
codigofuente-storage3-1            | 10.81.234.2 - - [03/Apr/2023:19:44:47 +0000] "POST /upload.php?file=c/c67812c83abd273a5b1d4bf369687c51f5bd02c4&operationId=642b2caf4f6ce6.50830647&tokenuser=7eada11a812eff429cb203bdaa5ac4ac9ff6bc52b7c850a7b0717782ce926530 HTTP/1.1" 200 299 "-" "Java/18.0.2-ea"
codigofuente-storage3-1            | 10.81.234.2 - - [03/Apr/2023:19:44:47 +0000] "POST /upload.php?file=c/eb90a2459839754949346f9cc748774e0a2189ee&operationId=642b2cafb8d699.78822633&tokenuser=7eada11a812eff429cb203bdaa5ac4ac9ff6bc52b7c850a7b0717782ce926530 HTTP/1.1" 200 300 "-" "Java/18.0.2-ea"
codigofuente-storage3-1            | 10.81.234.2 - - [03/Apr/2023:19:44:47 +0000] "POST /upload.php?file=abekeys/572a95eb92a4bb82ad323adc9d818493d9dbb7f3&tokenuser=7eada11a812eff429cb203bdaa5ac4ac9ff6bc52b7c850a7b0717782ce926530 HTTP/1.1" 200 228 "-" "Java/18.0.2-ea"
codigofuente-storage3-1            | 10.81.234.2 - - [03/Apr/2023:19:44:48 +0000] "POST /upload.php?file=c/64353a68e3586d3c236dfc6e7934fb0b7890dd13&operationId=642b2cafedf064.52425700&tokenuser=7eada11a812eff429cb203bdaa5ac4ac9ff6bc52b7c850a7b0717782ce926530 HTTP/1.1" 200 300 "-" "Java/18.0.2-ea"
codigofuente-storage3-1            | 10.81.234.2 - - [03/Apr/2023:19:44:48 +0000] "POST /upload.php?file=c/572a95eb92a4bb82ad323adc9d818493d9dbb7f3&operationId=642b2cafee02d4.67565501&tokenuser=7eada11a812eff429cb203bdaa5ac4ac9ff6bc52b7c850a7b0717782ce926530 HTTP/1.1" 200 299 "-" "Java/18.0.2-ea"
codigofuente-storage3-1            | 10.81.234.2 - - [03/Apr/2023:19:44:48 +0000] "POST /upload.php?file=c/f066760e6bdeee71e7fd91adc9342ca9c0abbb20&operationId=642b2cb0872cb5.76837563&tokenuser=7eada11a812eff429cb203bdaa5ac4ac9ff6bc52b7c850a7b0717782ce926530 HTTP/1.1" 200 299 "-" "Java/18.0.2-ea"
codigofuente-storage3-1            | 10.81.234.2 - - [03/Apr/2023:19:44:48 +0000] "POST /upload.php?file=abekeys/e28dd947baaeef234bc0617279c0ffba05a9b767&tokenuser=7eada11a812eff429cb203bdaa5ac4ac9ff6bc52b7c850a7b0717782ce926530 HTTP/1.1" 200 228 "-" "Java/18.0.2-ea"
codigofuente-storage3-1            | 10.81.234.2 - - [03/Apr/2023:19:44:48 +0000] "POST /upload.php?file=abekeys/63773a2bb2f69d9aa5336aadc8427e2fb4db7fc2&tokenuser=7eada11a812eff429cb203bdaa5ac4ac9ff6bc52b7c850a7b0717782ce926530 HTTP/1.1" 200 228 "-" "Java/18.0.2-ea"
codigofuente-storage3-1            | 10.81.234.2 - - [03/Apr/2023:19:44:48 +0000] "POST /upload.php?file=c/831e870bbf28dcbb6c630169a8cb19654af9d4eb&operationId=642b2cb0d0b2d8.08952273&tokenuser=7eada11a812eff429cb203bdaa5ac4ac9ff6bc52b7c850a7b0717782ce926530 HTTP/1.1" 200 298 "-" "Java/18.0.2-ea"
codigofuente-apigateway-1          | 172.22.0.21 - - [03/Apr/2023:19:44:39 +0000] "POST /pub_sub/v1/catalogs/3a7af1940b306dfb718c967187b7ecc8d68ac1149438356ce64a24c03bba88e5/files/upload HTTP/1.1" 201 362 "-" "-"
codigofuente-storage3-1            | 10.81.234.2 - - [03/Apr/2023:19:44:48 +0000] "POST /upload.php?file=c/24240e52a2e469a8626682d1fb7df9e2d957beeb&operationId=642b2cb0d0cf71.28774268&tokenuser=7eada11a812eff429cb203bdaa5ac4ac9ff6bc52b7c850a7b0717782ce926530 HTTP/1.1" 200 299 "-" "Java/18.0.2-ea"
codigofuente-apigateway-1          | 172.22.0.21 - - [03/Apr/2023:19:44:39 +0000] "POST /pub_sub/v1/catalogs/3a7af1940b306dfb718c967187b7ecc8d68ac1149438356ce64a24c03bba88e5/files/upload HTTP/1.1" 201 362 "-" "-"
codigofuente-metadata-1            | 10.81.234.2 - - [03/Apr/2023:19:44:33 +0000] "GET //getCert.php?tokenuser=7eada11a812eff429cb203bdaa5ac4ac9ff6bc52b7c850a7b0717782ce926530&keyuser=bob HTTP/1.1" 200 310 "-" "Java/18.0.2-ea"
codigofuente-metadata-1            | 10.81.234.2 - - [03/Apr/2023:19:44:33 +0000] "GET //getCert.php?tokenuser=7eada11a812eff429cb203bdaa5ac4ac9ff6bc52b7c850a7b0717782ce926530&keyuser=bob HTTP/1.1" 200 310 "-" "Java/18.0.2-ea"
codigofuente-metadata-1            | 10.81.234.2 - - [03/Apr/2023:19:44:33 +0000] "GET //getCert.php?tokenuser=7eada11a812eff429cb203bdaa5ac4ac9ff6bc52b7c850a7b0717782ce926530&keyuser=bob HTTP/1.1" 200 310 "-" "Java/18.0.2-ea"
codigofuente-metadata-1            | 10.81.234.2 - - [03/Apr/2023:19:44:33 +0000] "GET /pubcerts/bob.cer HTTP/1.1" 200 1199 "-" "Java/18.0.2-ea"
codigofuente-metadata-1            | 10.81.234.2 - - [03/Apr/2023:19:44:33 +0000] "GET //getCert.php?tokenuser=7eada11a812eff429cb203bdaa5ac4ac9ff6bc52b7c850a7b0717782ce926530&keyuser=bob HTTP/1.1" 200 310 "-" "Java/18.0.2-ea"
codigofuente-metadata-1            | 10.81.234.2 - - [03/Apr/2023:19:44:33 +0000] "GET /pubcerts/bob.cer HTTP/1.1" 200 1199 "-" "Java/18.0.2-ea"
codigofuente-metadata-1            | 10.81.234.2 - - [03/Apr/2023:19:44:33 +0000] "GET /pubcerts/bob.cer HTTP/1.1" 200 1199 "-" "Java/18.0.2-ea"
codigofuente-metadata-1            | 10.81.234.2 - - [03/Apr/2023:19:44:33 +0000] "GET /pubcerts/bob.cer HTTP/1.1" 200 1199 "-" "Java/18.0.2-ea"
codigofuente-metadata-1            | 10.81.234.2 - - [03/Apr/2023:19:44:33 +0000] "GET /pubcerts/bob.cer HTTP/1.1" 200 1199 "-" "Java/18.0.2-ea"
codigofuente-storage5-1            | 10.81.234.2 - - [03/Apr/2023:19:44:37 +0000] "POST /upload.php?file=abekeys/e1b1909a2b714f90b4be7180ab34422827754363&tokenuser=7eada11a812eff429cb203bdaa5ac4ac9ff6bc52b7c850a7b0717782ce926530 HTTP/1.1" 200 228 "-" "Java/18.0.2-ea"
codigofuente-db_auth-1             |  done
codigofuente-storage5-1            | 10.81.234.2 - - [03/Apr/2023:19:44:37 +0000] "POST /upload.php?file=abekeys/1dc526e2cfc7b5fd3c14d9038cecbada21fb88ac&tokenuser=7eada11a812eff429cb203bdaa5ac4ac9ff6bc52b7c850a7b0717782ce926530 HTTP/1.1" 200 228 "-" "Java/18.0.2-ea"
codigofuente-db_auth-1             | server started
codigofuente-storage5-1            | 10.81.234.2 - - [03/Apr/2023:19:44:37 +0000] "POST /upload.php?file=c/c98e96f52adb1b38976fdb832d1a7649b68e5ca1&operationId=642b2ca5dd0c30.98310903&tokenuser=7eada11a812eff429cb203bdaa5ac4ac9ff6bc52b7c850a7b0717782ce926530 HTTP/1.1" 200 300 "-" "Java/18.0.2-ea"
codigofuente-storage5-1            | 10.81.234.2 - - [03/Apr/2023:19:44:38 +0000] "POST /upload.php?file=abekeys/c1e32fa859162e0c3760e4077c8dded106905620&tokenuser=7eada11a812eff429cb203bdaa5ac4ac9ff6bc52b7c850a7b0717782ce926530 HTTP/1.1" 200 228 "-" "Java/18.0.2-ea"
codigofuente-storage5-1            | 10.81.234.2 - - [03/Apr/2023:19:44:38 +0000] "POST /upload.php?file=c/c1e32fa859162e0c3760e4077c8dded106905620&operationId=642b2ca61c1370.81552336&tokenuser=7eada11a812eff429cb203bdaa5ac4ac9ff6bc52b7c850a7b0717782ce926530 HTTP/1.1" 200 300 "-" "Java/18.0.2-ea"
codigofuente-storage5-1            | 10.81.234.2 - - [03/Apr/2023:19:44:38 +0000] "POST /upload.php?file=c/ab238d896eac0023f1f905b9b5fe785d954e096e&operationId=642b2ca61c0445.28460660&tokenuser=7eada11a812eff429cb203bdaa5ac4ac9ff6bc52b7c850a7b0717782ce926530 HTTP/1.1" 200 299 "-" "Java/18.0.2-ea"
codigofuente-storage5-1            | 10.81.234.2 - - [03/Apr/2023:19:44:38 +0000] "POST /upload.php?file=abekeys/bea06a6059a24549a1010b3cef5dcb93a3e9ac24&tokenuser=7eada11a812eff429cb203bdaa5ac4ac9ff6bc52b7c850a7b0717782ce926530 HTTP/1.1" 200 228 "-" "Java/18.0.2-ea"
codigofuente-storage5-1            | 10.81.234.2 - - [03/Apr/2023:19:44:38 +0000] "POST /upload.php?file=c/a7fd62e539b714eae5159bd8f63402777fa418c5&operationId=642b2ca61c1ca4.57474069&tokenuser=7eada11a812eff429cb203bdaa5ac4ac9ff6bc52b7c850a7b0717782ce926530 HTTP/1.1" 200 300 "-" "Java/18.0.2-ea"
codigofuente-storage5-1            | 10.81.234.2 - - [03/Apr/2023:19:44:38 +0000] "POST /upload.php?file=abekeys/27096c2146ca3849acd54cc8a5b6483bf694a132&tokenuser=7eada11a812eff429cb203bdaa5ac4ac9ff6bc52b7c850a7b0717782ce926530 HTTP/1.1" 200 228 "-" "Java/18.0.2-ea"
codigofuente-storage2-1            | 10.81.234.2 - - [03/Apr/2023:19:44:42 +0000] "POST /upload.php?file=abekeys/6ae47a9497da4b2f809c9de6d4cfb976be398da1&tokenuser=7eada11a812eff429cb203bdaa5ac4ac9ff6bc52b7c850a7b0717782ce926530 HTTP/1.1" 200 228 "-" "Java/18.0.2-ea"
codigofuente-storage2-1            | 10.81.234.2 - - [03/Apr/2023:19:44:42 +0000] "POST /upload.php?file=abekeys/e47ddf85d5dace106f334a4061ffad9fd970f031&tokenuser=7eada11a812eff429cb203bdaa5ac4ac9ff6bc52b7c850a7b0717782ce926530 HTTP/1.1" 200 228 "-" "Java/18.0.2-ea"
codigofuente-storage2-1            | 10.81.234.2 - - [03/Apr/2023:19:44:42 +0000] "POST /upload.php?file=c/07e4bdfc5cab7e15bd61806dda1dc6e676027d2c&operationId=642b2caa6436b5.97876977&tokenuser=7eada11a812eff429cb203bdaa5ac4ac9ff6bc52b7c850a7b0717782ce926530 HTTP/1.1" 200 299 "-" "Java/18.0.2-ea"
codigofuente-storage2-1            | 10.81.234.2 - - [03/Apr/2023:19:44:42 +0000] "POST /upload.php?file=c/eb793de955ad2bbde9adb40b7b9c7f7c874e45ea&operationId=642b2caa63e556.08608925&tokenuser=7eada11a812eff429cb203bdaa5ac4ac9ff6bc52b7c850a7b0717782ce926530 HTTP/1.1" 200 300 "-" "Java/18.0.2-ea"
codigofuente-storage2-1            | 10.81.234.2 - - [03/Apr/2023:19:44:42 +0000] "POST /upload.php?file=c/9278ea4d0c2a8665f0a684455d6909bfc4526695&operationId=642b2caa642618.21382101&tokenuser=7eada11a812eff429cb203bdaa5ac4ac9ff6bc52b7c850a7b0717782ce926530 HTTP/1.1" 200 299 "-" "Java/18.0.2-ea"
codigofuente-storage2-1            | 10.81.234.2 - - [03/Apr/2023:19:44:42 +0000] "POST /upload.php?file=abekeys/0d03f55251f3552a4bdfa273fd6a558c66cc6c96&tokenuser=7eada11a812eff429cb203bdaa5ac4ac9ff6bc52b7c850a7b0717782ce926530 HTTP/1.1" 200 228 "-" "Java/18.0.2-ea"
codigofuente-storage2-1            | 10.81.234.2 - - [03/Apr/2023:19:44:42 +0000] "POST /upload.php?file=abekeys/dd5f5b266151cc5537cd6d030e280a077244e6c6&tokenuser=7eada11a812eff429cb203bdaa5ac4ac9ff6bc52b7c850a7b0717782ce926530 HTTP/1.1" 200 228 "-" "Java/18.0.2-ea"
codigofuente-storage2-1            | 10.81.234.2 - - [03/Apr/2023:19:44:43 +0000] "POST /upload.php?file=c/5b487a5ac7bd64c38fdc3ddb9419028a692eff00&operationId=642b2cab1e7019.72465980&tokenuser=7eada11a812eff429cb203bdaa5ac4ac9ff6bc52b7c850a7b0717782ce926530 HTTP/1.1" 200 300 "-" "Java/18.0.2-ea"
codigofuente-storage2-1            | 10.81.234.2 - - [03/Apr/2023:19:44:43 +0000] "POST /upload.php?file=c/610c4057971cfe967f9dc412d53859ff80b0406a&operationId=642b2cab1e7c61.59166018&tokenuser=7eada11a812eff429cb203bdaa5ac4ac9ff6bc52b7c850a7b0717782ce926530 HTTP/1.1" 200 299 "-" "Java/18.0.2-ea"
codigofuente-storage2-1            | 10.81.234.2 - - [03/Apr/2023:19:44:43 +0000] "POST /upload.php?file=c/969f770fdcd204fad9c9c3e1ef8d3f46c724a7a2&operationId=642b2cab9ce657.27939055&tokenuser=7eada11a812eff429cb203bdaa5ac4ac9ff6bc52b7c850a7b0717782ce926530 HTTP/1.1" 200 300 "-" "Java/18.0.2-ea"
codigofuente-value-chain-api-db-1  | 
codigofuente-auth-1                | 172.22.0.21 - - [03/Apr/2023:19:44:39 +0000] "GET /auth/v1/users?access_token=7eada11a812eff429cb203bdaa5ac4ac9ff6bc52b7c850a7b0717782ce926530 HTTP/1.1" 406 213 "-" "-"
codigofuente-apigateway-1          | 172.22.0.21 - - [03/Apr/2023:19:44:39 +0000] "POST /pub_sub/v1/catalogs/3a7af1940b306dfb718c967187b7ecc8d68ac1149438356ce64a24c03bba88e5/files/upload HTTP/1.1" 201 362 "-" "-"
codigofuente-pub_sub-1             | 172.22.0.22 - - [03/Apr/2023:19:44:33 +0000] "POST /subscription/v1/catalogs/3a7af1940b306dfb718c967187b7ecc8d68ac1149438356ce64a24c03bba88e5/files/upload HTTP/1.1" 201 211 "-" "-"
codigofuente-storage5-1            | 10.81.234.2 - - [03/Apr/2023:19:44:38 +0000] "POST /upload.php?file=abekeys/1088789b00f6e5864b273f4ddaa6c4a5bd0b790a&tokenuser=7eada11a812eff429cb203bdaa5ac4ac9ff6bc52b7c850a7b0717782ce926530 HTTP/1.1" 200 228 "-" "Java/18.0.2-ea"
codigofuente-pub_sub-1             | 172.22.0.21 - - [03/Apr/2023:19:44:33 +0000] "GET /subscription/v1/catalogs/3a7af1940b306dfb718c967187b7ecc8d68ac1149438356ce64a24c03bba88e5 HTTP/1.1" 200 630 "-" "-"
codigofuente-storage5-1            | 10.81.234.2 - - [03/Apr/2023:19:44:38 +0000] "POST /upload.php?file=abekeys/288c182c05c5b84a831b90d502e3e0119664158a&tokenuser=7eada11a812eff429cb203bdaa5ac4ac9ff6bc52b7c850a7b0717782ce926530 HTTP/1.1" 200 228 "-" "Java/18.0.2-ea"
codigofuente-pub_sub-1             | 172.22.0.21 - - [03/Apr/2023:19:44:33 +0000] "GET /subscription/v1/catalogs/3a7af1940b306dfb718c967187b7ecc8d68ac1149438356ce64a24c03bba88e5 HTTP/1.1" 200 630 "-" "-"
codigofuente-storage4-1            | 10.81.234.2 - - [03/Apr/2023:19:44:46 +0000] "POST /upload.php?file=c/7a84f3b934e345644febc772d0ce8e54da3d2f8b&operationId=642b2cae94b842.50615572&tokenuser=7eada11a812eff429cb203bdaa5ac4ac9ff6bc52b7c850a7b0717782ce926530 HTTP/1.1" 200 300 "-" "Java/18.0.2-ea"
codigofuente-pub_sub-1             | 172.22.0.21 - - [03/Apr/2023:19:44:33 +0000] "GET /subscription/v1/catalogs/3a7af1940b306dfb718c967187b7ecc8d68ac1149438356ce64a24c03bba88e5 HTTP/1.1" 200 630 "-" "-"
codigofuente-pub_sub-1             | 172.22.0.21 - - [03/Apr/2023:19:44:33 +0000] "GET /subscription/v1/catalogs/3a7af1940b306dfb718c967187b7ecc8d68ac1149438356ce64a24c03bba88e5 HTTP/1.1" 200 630 "-" "-"
codigofuente-pub_sub-1             | 172.22.0.22 - - [03/Apr/2023:19:44:33 +0000] "POST /subscription/v1/catalogs/3a7af1940b306dfb718c967187b7ecc8d68ac1149438356ce64a24c03bba88e5/files/upload HTTP/1.1" 201 211 "-" "-"
codigofuente-pub_sub-1             | 172.22.0.22 - - [03/Apr/2023:19:44:33 +0000] "POST /subscription/v1/catalogs/3a7af1940b306dfb718c967187b7ecc8d68ac1149438356ce64a24c03bba88e5/files/upload HTTP/1.1" 201 211 "-" "-"
codigofuente-pub_sub-1             | 172.22.0.22 - - [03/Apr/2023:19:44:33 +0000] "POST /subscription/v1/catalogs/3a7af1940b306dfb718c967187b7ecc8d68ac1149438356ce64a24c03bba88e5/files/upload HTTP/1.1" 201 211 "-" "-"
codigofuente-pub_sub-1             | 172.22.0.22 - - [03/Apr/2023:19:44:33 +0000] "POST /subscription/v1/catalogs/3a7af1940b306dfb718c967187b7ecc8d68ac1149438356ce64a24c03bba88e5/files/upload HTTP/1.1" 201 211 "-" "-"
codigofuente-pub_sub-1             | 172.22.0.21 - - [03/Apr/2023:19:44:33 +0000] "GET /subscription/v1/catalogs/3a7af1940b306dfb718c967187b7ecc8d68ac1149438356ce64a24c03bba88e5 HTTP/1.1" 200 630 "-" "-"
codigofuente-db_pub_sub-1          | CREATE TABLE
codigofuente-storage4-1            | 10.81.234.2 - - [03/Apr/2023:19:44:46 +0000] "POST /upload.php?file=abekeys/e0c169d51021c44370ac1eafc0c82eb477c6bb98&tokenuser=7eada11a812eff429cb203bdaa5ac4ac9ff6bc52b7c850a7b0717782ce926530 HTTP/1.1" 200 228 "-" "Java/18.0.2-ea"
codigofuente-db_auth-1             | CREATE DATABASE
codigofuente-db_pub_sub-1          | ALTER TABLE
codigofuente-storage1-1            | 10.81.234.2 - - [03/Apr/2023:19:44:40 +0000] "POST /upload.php?file=c/ef432fe3fad38c60c1ad0981ab2385b184824413&operationId=642b2ca8901940.12280112&tokenuser=7eada11a812eff429cb203bdaa5ac4ac9ff6bc52b7c850a7b0717782ce926530 HTTP/1.1" 200 299 "-" "Java/18.0.2-ea"
codigofuente-db_auth-1             | 
codigofuente-storage3-1            | 10.81.234.2 - - [03/Apr/2023:19:44:49 +0000] "POST /upload.php?file=abekeys/5b93de797aa8b913430404e87ef4d8bc413c0ebb&tokenuser=7eada11a812eff429cb203bdaa5ac4ac9ff6bc52b7c850a7b0717782ce926530 HTTP/1.1" 200 228 "-" "Java/18.0.2-ea"
codigofuente-storage3-1            | 10.81.234.2 - - [03/Apr/2023:19:44:49 +0000] "POST /upload.php?file=abekeys/16b0c53e6805ee61ec75ef5da6fe0c19b213d8e0&tokenuser=7eada11a812eff429cb203bdaa5ac4ac9ff6bc52b7c850a7b0717782ce926530 HTTP/1.1" 200 228 "-" "Java/18.0.2-ea"
codigofuente-storage3-1            | 10.81.234.2 - - [03/Apr/2023:19:44:49 +0000] "POST /upload.php?file=abekeys/9d1ce5b6353bcd3f26a2a4dd212e5e14cc038baa&tokenuser=7eada11a812eff429cb203bdaa5ac4ac9ff6bc52b7c850a7b0717782ce926530 HTTP/1.1" 200 228 "-" "Java/18.0.2-ea"
codigofuente-storage3-1            | 10.81.234.2 - - [03/Apr/2023:19:44:49 +0000] "POST /upload.php?file=abekeys/63fea793d87ce5b1c00eced092dcd1b00624c440&tokenuser=7eada11a812eff429cb203bdaa5ac4ac9ff6bc52b7c850a7b0717782ce926530 HTTP/1.1" 200 228 "-" "Java/18.0.2-ea"
codigofuente-storage3-1            | 10.81.234.2 - - [03/Apr/2023:19:44:49 +0000] "POST /upload.php?file=c/63fea793d87ce5b1c00eced092dcd1b00624c440&operationId=642b2cb15fe025.78304545&tokenuser=7eada11a812eff429cb203bdaa5ac4ac9ff6bc52b7c850a7b0717782ce926530 HTTP/1.1" 200 300 "-" "Java/18.0.2-ea"
codigofuente-storage3-1            | 10.81.234.2 - - [03/Apr/2023:19:44:49 +0000] "POST /upload.php?file=abekeys/c9d9ccfec15165b8a1ad4baac7170b1734e206fe&tokenuser=7eada11a812eff429cb203bdaa5ac4ac9ff6bc52b7c850a7b0717782ce926530 HTTP/1.1" 200 228 "-" "Java/18.0.2-ea"
codigofuente-storage3-1            | 10.81.234.2 - - [03/Apr/2023:19:44:49 +0000] "POST /upload.php?file=c/519359209cae4658f81d69c04c124801adea7017&operationId=642b2cb1bdd087.62282089&tokenuser=7eada11a812eff429cb203bdaa5ac4ac9ff6bc52b7c850a7b0717782ce926530 HTTP/1.1" 200 299 "-" "Java/18.0.2-ea"
codigofuente-db_metadata-1         | --------
codigofuente-storage3-1            | 10.81.234.2 - - [03/Apr/2023:19:44:49 +0000] "POST /upload.php?file=abekeys/d638f5ed991cecef86b6dc424f40e1a8d893d188&tokenuser=7eada11a812eff429cb203bdaa5ac4ac9ff6bc52b7c850a7b0717782ce926530 HTTP/1.1" 200 228 "-" "Java/18.0.2-ea"
codigofuente-storage4-1            | 10.81.234.2 - - [03/Apr/2023:19:44:47 +0000] "POST /upload.php?file=c/e589d14193e5b39814b1eb68d570b5bf9e408f69&operationId=642b2caeea4fb2.24343835&tokenuser=7eada11a812eff429cb203bdaa5ac4ac9ff6bc52b7c850a7b0717782ce926530 HTTP/1.1" 200 299 "-" "Java/18.0.2-ea"
codigofuente-storage3-1            | 10.81.234.2 - - [03/Apr/2023:19:44:50 +0000] "POST /upload.php?file=abekeys/977c52f58c8a12b1e3370b3ff44be5a213698c60&tokenuser=7eada11a812eff429cb203bdaa5ac4ac9ff6bc52b7c850a7b0717782ce926530 HTTP/1.1" 200 228 "-" "Java/18.0.2-ea"
codigofuente-storage4-1            | 10.81.234.2 - - [03/Apr/2023:19:44:47 +0000] "POST /upload.php?file=c/e4a05dcc72badacabf965c616ee7fd8d71285d9b&operationId=642b2caf2e1da6.13618218&tokenuser=7eada11a812eff429cb203bdaa5ac4ac9ff6bc52b7c850a7b0717782ce926530 HTTP/1.1" 200 300 "-" "Java/18.0.2-ea"
codigofuente-storage3-1            | 10.81.234.2 - - [03/Apr/2023:19:44:50 +0000] "POST /upload.php?file=c/977c52f58c8a12b1e3370b3ff44be5a213698c60&operationId=642b2cb21f7244.00970981&tokenuser=7eada11a812eff429cb203bdaa5ac4ac9ff6bc52b7c850a7b0717782ce926530 HTTP/1.1" 200 299 "-" "Java/18.0.2-ea"
codigofuente-storage4-1            | 10.81.234.2 - - [03/Apr/2023:19:44:47 +0000] "POST /upload.php?file=abekeys/d07f5737a03286d2d1cbdf92e4c5b836b59e5453&tokenuser=7eada11a812eff429cb203bdaa5ac4ac9ff6bc52b7c850a7b0717782ce926530 HTTP/1.1" 200 228 "-" "Java/18.0.2-ea"
codigofuente-storage4-1            | 10.81.234.2 - - [03/Apr/2023:19:44:47 +0000] "POST /upload.php?file=c/f9b98cadb9fd76ca1d029ff2db848cb486a439d4&operationId=642b2cafa0a858.23820984&tokenuser=7eada11a812eff429cb203bdaa5ac4ac9ff6bc52b7c850a7b0717782ce926530 HTTP/1.1" 200 300 "-" "Java/18.0.2-ea"
codigofuente-storage4-1            | 10.81.234.2 - - [03/Apr/2023:19:44:47 +0000] "POST /upload.php?file=c/8f3d02cdb01802c8e819648f0a8edec77f3700c6&operationId=642b2cafa09e19.60962387&tokenuser=7eada11a812eff429cb203bdaa5ac4ac9ff6bc52b7c850a7b0717782ce926530 HTTP/1.1" 200 299 "-" "Java/18.0.2-ea"
codigofuente-storage4-1            | 10.81.234.2 - - [03/Apr/2023:19:44:48 +0000] "POST /upload.php?file=abekeys/8007884ec0ba607123e42c82383a98d1d49dc5ef&tokenuser=7eada11a812eff429cb203bdaa5ac4ac9ff6bc52b7c850a7b0717782ce926530 HTTP/1.1" 200 228 "-" "Java/18.0.2-ea"
codigofuente-storage4-1            | 10.81.234.2 - - [03/Apr/2023:19:44:48 +0000] "POST /upload.php?file=c/a06d5247fd56184703a2ca9b69187a9afeeade43&operationId=642b2cb02c3323.48398180&tokenuser=7eada11a812eff429cb203bdaa5ac4ac9ff6bc52b7c850a7b0717782ce926530 HTTP/1.1" 200 299 "-" "Java/18.0.2-ea"
codigofuente-storage4-1            | 10.81.234.2 - - [03/Apr/2023:19:44:48 +0000] "POST /upload.php?file=c/d625e6386c3f9561df6f6cd513a6d2b58f8cb0d1&operationId=642b2cb02b7669.95674946&tokenuser=7eada11a812eff429cb203bdaa5ac4ac9ff6bc52b7c850a7b0717782ce926530 HTTP/1.1" 200 300 "-" "Java/18.0.2-ea"
codigofuente-storage4-1            | 10.81.234.2 - - [03/Apr/2023:19:44:48 +0000] "POST /upload.php?file=c/b2b06416ae8cd1277ed4a12184f0b1d7140e444e&operationId=642b2cb0ba8984.56084797&tokenuser=7eada11a812eff429cb203bdaa5ac4ac9ff6bc52b7c850a7b0717782ce926530 HTTP/1.1" 200 299 "-" "Java/18.0.2-ea"
codigofuente-metadata-1            | 10.81.234.2 - - [03/Apr/2023:19:44:33 +0000] "GET /pubcerts/bob.cer HTTP/1.1" 200 1199 "-" "Java/18.0.2-ea"
codigofuente-metadata-1            | 10.81.234.2 - - [03/Apr/2023:19:44:33 +0000] "GET /pubcerts/bob.cer HTTP/1.1" 200 1199 "-" "Java/18.0.2-ea"
codigofuente-storage1-1            | 10.81.234.2 - - [03/Apr/2023:19:44:40 +0000] "POST /upload.php?file=abekeys/ad31c21d07e910604e94a9f2aa4a39e45991b1af&tokenuser=7eada11a812eff429cb203bdaa5ac4ac9ff6bc52b7c850a7b0717782ce926530 HTTP/1.1" 200 228 "-" "Java/18.0.2-ea"
codigofuente-storage1-1            | 10.81.234.2 - - [03/Apr/2023:19:44:41 +0000] "POST /upload.php?file=abekeys/0b3ee9faa71f577d7a024010965f05dc85a58d99&tokenuser=7eada11a812eff429cb203bdaa5ac4ac9ff6bc52b7c850a7b0717782ce926530 HTTP/1.1" 200 228 "-" "Java/18.0.2-ea"
codigofuente-storage1-1            | 10.81.234.2 - - [03/Apr/2023:19:44:41 +0000] "POST /upload.php?file=c/0b3ee9faa71f577d7a024010965f05dc85a58d99&operationId=642b2ca90c7695.13535373&tokenuser=7eada11a812eff429cb203bdaa5ac4ac9ff6bc52b7c850a7b0717782ce926530 HTTP/1.1" 200 299 "-" "Java/18.0.2-ea"
codigofuente-storage1-1            | 10.81.234.2 - - [03/Apr/2023:19:44:41 +0000] "POST /upload.php?file=abekeys/d9ec218a629aca516629bb3ba856705cfe54da85&tokenuser=7eada11a812eff429cb203bdaa5ac4ac9ff6bc52b7c850a7b0717782ce926530 HTTP/1.1" 200 228 "-" "Java/18.0.2-ea"
codigofuente-storage1-1            | 10.81.234.2 - - [03/Apr/2023:19:44:41 +0000] "POST /upload.php?file=c/d9ec218a629aca516629bb3ba856705cfe54da85&operationId=642b2ca9a72e74.93819645&tokenuser=7eada11a812eff429cb203bdaa5ac4ac9ff6bc52b7c850a7b0717782ce926530 HTTP/1.1" 200 300 "-" "Java/18.0.2-ea"
codigofuente-storage1-1            | 10.81.234.2 - - [03/Apr/2023:19:44:41 +0000] "POST /upload.php?file=c/06cf91418a3cc4f28f44215174275eebfcbc935b&operationId=642b2ca9a72288.12293478&tokenuser=7eada11a812eff429cb203bdaa5ac4ac9ff6bc52b7c850a7b0717782ce926530 HTTP/1.1" 200 299 "-" "Java/18.0.2-ea"
codigofuente-storage1-1            | 10.81.234.2 - - [03/Apr/2023:19:44:42 +0000] "POST /upload.php?file=abekeys/4f88f0363bed0d81f57b2f85e8f5d2c566fdc9b9&tokenuser=7eada11a812eff429cb203bdaa5ac4ac9ff6bc52b7c850a7b0717782ce926530 HTTP/1.1" 200 228 "-" "Java/18.0.2-ea"
codigofuente-storage1-1            | 10.81.234.2 - - [03/Apr/2023:19:44:42 +0000] "POST /upload.php?file=abekeys/977ab30b774acb65eede94e25c0a2545919fb81b&tokenuser=7eada11a812eff429cb203bdaa5ac4ac9ff6bc52b7c850a7b0717782ce926530 HTTP/1.1" 200 228 "-" "Java/18.0.2-ea"
codigofuente-storage1-1            | 10.81.234.2 - - [03/Apr/2023:19:44:42 +0000] "POST /upload.php?file=c/977ab30b774acb65eede94e25c0a2545919fb81b&operationId=642b2caa9f7a95.09133171&tokenuser=7eada11a812eff429cb203bdaa5ac4ac9ff6bc52b7c850a7b0717782ce926530 HTTP/1.1" 200 300 "-" "Java/18.0.2-ea"
codigofuente-auth-1                | 172.22.0.21 - - [03/Apr/2023:19:44:39 +0000] "GET /auth/v1/users?access_token=7eada11a812eff429cb203bdaa5ac4ac9ff6bc52b7c850a7b0717782ce926530 HTTP/1.1" 406 213 "-" "-"
codigofuente-auth-1                | 172.22.0.21 - - [03/Apr/2023:19:44:40 +0000] "GET /auth/v1/users?access_token=7eada11a812eff429cb203bdaa5ac4ac9ff6bc52b7c850a7b0717782ce926530 HTTP/1.1" 406 213 "-" "-"
codigofuente-auth-1                | 172.22.0.21 - - [03/Apr/2023:19:44:40 +0000] "GET /auth/v1/users?access_token=7eada11a812eff429cb203bdaa5ac4ac9ff6bc52b7c850a7b0717782ce926530 HTTP/1.1" 406 213 "-" "-"
codigofuente-auth-1                | 172.22.0.21 - - [03/Apr/2023:19:44:40 +0000] "GET /auth/v1/users?access_token=7eada11a812eff429cb203bdaa5ac4ac9ff6bc52b7c850a7b0717782ce926530 HTTP/1.1" 406 213 "-" "-"
codigofuente-auth-1                | 172.22.0.21 - - [03/Apr/2023:19:44:40 +0000] "GET /auth/v1/users?access_token=7eada11a812eff429cb203bdaa5ac4ac9ff6bc52b7c850a7b0717782ce926530 HTTP/1.1" 406 213 "-" "-"
codigofuente-auth-1                | 172.22.0.21 - - [03/Apr/2023:19:44:40 +0000] "GET /auth/v1/users?access_token=7eada11a812eff429cb203bdaa5ac4ac9ff6bc52b7c850a7b0717782ce926530 HTTP/1.1" 406 213 "-" "-"
codigofuente-auth-1                | 172.22.0.21 - - [03/Apr/2023:19:44:40 +0000] "GET /auth/v1/users?access_token=7eada11a812eff429cb203bdaa5ac4ac9ff6bc52b7c850a7b0717782ce926530 HTTP/1.1" 406 213 "-" "-"
codigofuente-auth-1                | 172.22.0.21 - - [03/Apr/2023:19:44:40 +0000] "GET /auth/v1/users?access_token=7eada11a812eff429cb203bdaa5ac4ac9ff6bc52b7c850a7b0717782ce926530 HTTP/1.1" 406 213 "-" "-"
codigofuente-auth-1                | 172.22.0.21 - - [03/Apr/2023:19:44:40 +0000] "GET /auth/v1/users?access_token=7eada11a812eff429cb203bdaa5ac4ac9ff6bc52b7c850a7b0717782ce926530 HTTP/1.1" 406 213 "-" "-"
codigofuente-storage1-1            | 10.81.234.2 - - [03/Apr/2023:19:44:42 +0000] "POST /upload.php?file=c/d5937c52b762f4acf4988e9092d3987e262ba809&operationId=642b2caa9f7a90.07215968&tokenuser=7eada11a812eff429cb203bdaa5ac4ac9ff6bc52b7c850a7b0717782ce926530 HTTP/1.1" 200 299 "-" "Java/18.0.2-ea"
codigofuente-storage4-1            | 10.81.234.2 - - [03/Apr/2023:19:44:49 +0000] "POST /upload.php?file=c/5b93de797aa8b913430404e87ef4d8bc413c0ebb&operationId=642b2cb0f2ea09.70503196&tokenuser=7eada11a812eff429cb203bdaa5ac4ac9ff6bc52b7c850a7b0717782ce926530 HTTP/1.1" 200 298 "-" "Java/18.0.2-ea"
codigofuente-storage1-1            | 10.81.234.2 - - [03/Apr/2023:19:44:42 +0000] "POST /upload.php?file=c/7955f140448483a4cfe4c05cb1ddc0e1195b3066&operationId=642b2caa9efea2.02182367&tokenuser=7eada11a812eff429cb203bdaa5ac4ac9ff6bc52b7c850a7b0717782ce926530 HTTP/1.1" 200 299 "-" "Java/18.0.2-ea"
codigofuente-metadata-1            | 10.81.234.2 - - [03/Apr/2023:19:44:33 +0000] "GET /pubcerts/bob.cer HTTP/1.1" 200 1199 "-" "Java/18.0.2-ea"
codigofuente-storage1-1            | 10.81.234.2 - - [03/Apr/2023:19:44:42 +0000] "POST /upload.php?file=abekeys/3e405f4cb022fdd4c343d51660f1b2dffcd74df3&tokenuser=7eada11a812eff429cb203bdaa5ac4ac9ff6bc52b7c850a7b0717782ce926530 HTTP/1.1" 200 228 "-" "Java/18.0.2-ea"
codigofuente-metadata-1            | 10.81.234.2 - - [03/Apr/2023:19:44:33 +0000] "GET //push.php?tokenuser=7eada11a812eff429cb203bdaa5ac4ac9ff6bc52b7c850a7b0717782ce926530&keyresource=3a7af1940b306dfb718c967187b7ecc8d68ac1149438356ce64a24c03bba88e5&namefile=Prueba1125.dcm&sizefile=787240&dispersemode=SINGLE&isciphered=true&hashfile=ce22cb4fb068522dc205e553b0479f07&chunks=1 HTTP/1.1" 200 493 "-" "Java/18.0.2-ea"
codigofuente-metadata-1            | 10.81.234.2 - - [03/Apr/2023:19:44:33 +0000] "GET //push.php?tokenuser=7eada11a812eff429cb203bdaa5ac4ac9ff6bc52b7c850a7b0717782ce926530&keyresource=3a7af1940b306dfb718c967187b7ecc8d68ac1149438356ce64a24c03bba88e5&namefile=Prueba143.dcm&sizefile=787240&dispersemode=SINGLE&isciphered=true&hashfile=f8323421b6be84536fff5df428075591&chunks=1 HTTP/1.1" 200 493 "-" "Java/18.0.2-ea"
codigofuente-metadata-1            | 10.81.234.2 - - [03/Apr/2023:19:44:33 +0000] "GET //push.php?tokenuser=7eada11a812eff429cb203bdaa5ac4ac9ff6bc52b7c850a7b0717782ce926530&keyresource=3a7af1940b306dfb718c967187b7ecc8d68ac1149438356ce64a24c03bba88e5&namefile=Prueba154.dcm&sizefile=787240&dispersemode=SINGLE&isciphered=true&hashfile=66e98da02c0f2fac98acb4dc35e46cea&chunks=1 HTTP/1.1" 200 493 "-" "Java/18.0.2-ea"
codigofuente-metadata-1            | 10.81.234.2 - - [03/Apr/2023:19:44:33 +0000] "GET //push.php?tokenuser=7eada11a812eff429cb203bdaa5ac4ac9ff6bc52b7c850a7b0717782ce926530&keyresource=3a7af1940b306dfb718c967187b7ecc8d68ac1149438356ce64a24c03bba88e5&namefile=Prueba150.dcm&sizefile=787240&dispersemode=SINGLE&isciphered=true&hashfile=59c571d5ba2812ba3c190bbb2ec7d763&chunks=1 HTTP/1.1" 200 493 "-" "Java/18.0.2-ea"
codigofuente-metadata-1            | 172.22.0.13 - - [03/Apr/2023:19:44:33 +0000] "GET /updateOperation.php?operationId=642b2ca152e2e5.68600866&chunkId=c/31f4e7b43d698dd150c7b6aa4d119337c60f3bb7 HTTP/1.1" 200 195 "-" "-"
codigofuente-metadata-1            | 172.22.0.11 - - [03/Apr/2023:19:44:33 +0000] "GET /updateOperation.php?operationId=642b2ca151eb69.49422031&chunkId=c/f8c1fe873a3c8f32cf616cb08b906374c4aee013 HTTP/1.1" 200 195 "-" "-"
codigofuente-metadata-1            | 10.81.234.2 - - [03/Apr/2023:19:44:33 +0000] "GET //push_insert.php?tokenuser=7eada11a812eff429cb203bdaa5ac4ac9ff6bc52b7c850a7b0717782ce926530&keyresource=3a7af1940b306dfb718c967187b7ecc8d68ac1149438356ce64a24c03bba88e5&keyfile=31f4e7b43d698dd150c7b6aa4d119337c60f3bb7 HTTP/1.1" 200 265 "-" "Java/18.0.2-ea"
codigofuente-storage4-1            | 10.81.234.2 - - [03/Apr/2023:19:44:49 +0000] "POST /upload.php?file=abekeys/dd69bbdf9e519e4264e607b823ccadc01645607d&tokenuser=7eada11a812eff429cb203bdaa5ac4ac9ff6bc52b7c850a7b0717782ce926530 HTTP/1.1" 200 228 "-" "Java/18.0.2-ea"
codigofuente-metadata-1            | 172.22.0.11 - - [03/Apr/2023:19:44:33 +0000] "GET /updateOperation.php?operationId=642b2ca1526d57.58285177&chunkId=c/f8f7444c63e7e1e952dcb1e9e2351d423050a9a2 HTTP/1.1" 200 195 "-" "-"
codigofuente-auth-1                | 172.22.0.21 - - [03/Apr/2023:19:44:40 +0000] "GET /auth/v1/users?access_token=7eada11a812eff429cb203bdaa5ac4ac9ff6bc52b7c850a7b0717782ce926530 HTTP/1.1" 406 213 "-" "-"
codigofuente-metadata-1            | 172.22.0.11 - - [03/Apr/2023:19:44:33 +0000] "GET /updateOperation.php?operationId=642b2ca1526056.38232397&chunkId=c/eb407cebe26160c06fe7267a51d5665cb289750f HTTP/1.1" 200 195 "-" "-"
codigofuente-auth-1                | 172.22.0.21 - - [03/Apr/2023:19:44:40 +0000] "GET /auth/v1/users?access_token=7eada11a812eff429cb203bdaa5ac4ac9ff6bc52b7c850a7b0717782ce926530 HTTP/1.1" 406 213 "-" "-"
codigofuente-metadata-1            | 10.81.234.2 - - [03/Apr/2023:19:44:33 +0000] "GET //stats_d.php?tokenuser=7eada11a812eff429cb203bdaa5ac4ac9ff6bc52b7c850a7b0717782ce926530&sizefile=787240&chunks=1&keyfile=31f4e7b43d698dd150c7b6aa4d119337c60f3bb7&organization=TESTORG&SYNC=21&UPLOAD_PRIVATE_KEY=0&CRYPT_KEY_GENERATION=1&CRYPT_READ=0&CRYPT_CIPHER=0&CRYPT_WRITE=0&CRYPT_SIGN=2&CRYPT_CPABE-CRYPT=55&CRYPT_ADD_PACKAGE=0&TAR_AND_CIPHER=83&UPLOAD_TIME=7&DELIVERY=90&PUBLISH_IN_CATALOG=17&UPLOAD_COMPLETED=187 HTTP/1.1" 200 265 "-" "Java/18.0.2-ea"
codigofuente-storage2-1            | 10.81.234.2 - - [03/Apr/2023:19:44:43 +0000] "POST /upload.php?file=abekeys/519609bbf19ed9c21fe79bc103617997d7c5f1c7&tokenuser=7eada11a812eff429cb203bdaa5ac4ac9ff6bc52b7c850a7b0717782ce926530 HTTP/1.1" 200 228 "-" "Java/18.0.2-ea"
codigofuente-metadata-1            | 10.81.234.2 - - [03/Apr/2023:19:44:33 +0000] "GET //push_insert.php?tokenuser=7eada11a812eff429cb203bdaa5ac4ac9ff6bc52b7c850a7b0717782ce926530&keyresource=3a7af1940b306dfb718c967187b7ecc8d68ac1149438356ce64a24c03bba88e5&keyfile=f8c1fe873a3c8f32cf616cb08b906374c4aee013 HTTP/1.1" 200 265 "-" "Java/18.0.2-ea"
codigofuente-storage2-1            | 10.81.234.2 - - [03/Apr/2023:19:44:43 +0000] "POST /upload.php?file=abekeys/472f7b7e814963bfd89cbdcde5789c1e23b50c94&tokenuser=7eada11a812eff429cb203bdaa5ac4ac9ff6bc52b7c850a7b0717782ce926530 HTTP/1.1" 200 228 "-" "Java/18.0.2-ea"
codigofuente-storage5-1            | 10.81.234.2 - - [03/Apr/2023:19:44:38 +0000] "POST /upload.php?file=abekeys/583a5d739e9dbddf4b9fd37043980ea15a74c0d1&tokenuser=7eada11a812eff429cb203bdaa5ac4ac9ff6bc52b7c850a7b0717782ce926530 HTTP/1.1" 200 228 "-" "Java/18.0.2-ea"
codigofuente-storage2-1            | 10.81.234.2 - - [03/Apr/2023:19:44:43 +0000] "POST /upload.php?file=abekeys/e5494779b7764c9b64970d0d93c3624dcfc08e2c&tokenuser=7eada11a812eff429cb203bdaa5ac4ac9ff6bc52b7c850a7b0717782ce926530 HTTP/1.1" 200 228 "-" "Java/18.0.2-ea"
codigofuente-storage5-1            | 10.81.234.2 - - [03/Apr/2023:19:44:38 +0000] "POST /upload.php?file=c/311560b8e578e31af58c8254dc41c399901cc973&operationId=642b2ca6cbfa46.07192132&tokenuser=7eada11a812eff429cb203bdaa5ac4ac9ff6bc52b7c850a7b0717782ce926530 HTTP/1.1" 200 299 "-" "Java/18.0.2-ea"
codigofuente-storage2-1            | 10.81.234.2 - - [03/Apr/2023:19:44:43 +0000] "POST /upload.php?file=c/e5494779b7764c9b64970d0d93c3624dcfc08e2c&operationId=642b2cabde9de1.09348242&tokenuser=7eada11a812eff429cb203bdaa5ac4ac9ff6bc52b7c850a7b0717782ce926530 HTTP/1.1" 200 299 "-" "Java/18.0.2-ea"
codigofuente-storage5-1            | 10.81.234.2 - - [03/Apr/2023:19:44:39 +0000] "POST /upload.php?file=abekeys/7efcd5bd23adf2448f58980e1619c4750438b3dc&tokenuser=7eada11a812eff429cb203bdaa5ac4ac9ff6bc52b7c850a7b0717782ce926530 HTTP/1.1" 200 228 "-" "Java/18.0.2-ea"
codigofuente-storage2-1            | 10.81.234.2 - - [03/Apr/2023:19:44:44 +0000] "POST /upload.php?file=abekeys/4ab35565bf0149bc3de657b4b5a78c2bbd9b03c3&tokenuser=7eada11a812eff429cb203bdaa5ac4ac9ff6bc52b7c850a7b0717782ce926530 HTTP/1.1" 200 228 "-" "Java/18.0.2-ea"
codigofuente-storage5-1            | 10.81.234.2 - - [03/Apr/2023:19:44:39 +0000] "POST /upload.php?file=abekeys/4ebfdb600230b29c1681085f1994269ce9ce80b8&tokenuser=7eada11a812eff429cb203bdaa5ac4ac9ff6bc52b7c850a7b0717782ce926530 HTTP/1.1" 200 228 "-" "Java/18.0.2-ea"
codigofuente-storage2-1            | 10.81.234.2 - - [03/Apr/2023:19:44:44 +0000] "POST /upload.php?file=c/bb727d96385c6e9a003e379f53989c9e02e8e73a&operationId=642b2cac57cb56.06351563&tokenuser=7eada11a812eff429cb203bdaa5ac4ac9ff6bc52b7c850a7b0717782ce926530 HTTP/1.1" 200 300 "-" "Java/18.0.2-ea"
codigofuente-storage5-1            | 10.81.234.2 - - [03/Apr/2023:19:44:39 +0000] "POST /upload.php?file=c/e071da7d1e71a175b2c9d7eb825d06184f7c28b3&operationId=642b2ca7188282.43199065&tokenuser=7eada11a812eff429cb203bdaa5ac4ac9ff6bc52b7c850a7b0717782ce926530 HTTP/1.1" 200 298 "-" "Java/18.0.2-ea"
codigofuente-auth-1                | 172.22.0.21 - - [03/Apr/2023:19:44:40 +0000] "GET /auth/v1/users?access_token=7eada11a812eff429cb203bdaa5ac4ac9ff6bc52b7c850a7b0717782ce926530 HTTP/1.1" 406 213 "-" "-"
codigofuente-auth-1                | 172.22.0.21 - - [03/Apr/2023:19:44:40 +0000] "GET /auth/v1/users?access_token=7eada11a812eff429cb203bdaa5ac4ac9ff6bc52b7c850a7b0717782ce926530 HTTP/1.1" 406 213 "-" "-"
codigofuente-storage5-1            | 10.81.234.2 - - [03/Apr/2023:19:44:39 +0000] "POST /upload.php?file=abekeys/665ac4f0af1cc11b407ba32f2d88a8f641644f11&tokenuser=7eada11a812eff429cb203bdaa5ac4ac9ff6bc52b7c850a7b0717782ce926530 HTTP/1.1" 200 228 "-" "Java/18.0.2-ea"
codigofuente-auth-1                | 172.22.0.21 - - [03/Apr/2023:19:44:40 +0000] "GET /auth/v1/users?access_token=7eada11a812eff429cb203bdaa5ac4ac9ff6bc52b7c850a7b0717782ce926530 HTTP/1.1" 406 213 "-" "-"
codigofuente-storage5-1            | 10.81.234.2 - - [03/Apr/2023:19:44:39 +0000] "POST /upload.php?file=abekeys/5c195cf718a8464b3ebf43322ed45b36c4615724&tokenuser=7eada11a812eff429cb203bdaa5ac4ac9ff6bc52b7c850a7b0717782ce926530 HTTP/1.1" 200 228 "-" "Java/18.0.2-ea"
codigofuente-auth-1                | 172.22.0.21 - - [03/Apr/2023:19:44:40 +0000] "GET /auth/v1/users?access_token=7eada11a812eff429cb203bdaa5ac4ac9ff6bc52b7c850a7b0717782ce926530 HTTP/1.1" 406 213 "-" "-"
codigofuente-storage5-1            | 10.81.234.2 - - [03/Apr/2023:19:44:39 +0000] "POST /upload.php?file=c/c48560e9163d54dd4fd99fd0c1747ddbb770591a&operationId=642b2ca76a9f71.35639750&tokenuser=7eada11a812eff429cb203bdaa5ac4ac9ff6bc52b7c850a7b0717782ce926530 HTTP/1.1" 200 299 "-" "Java/18.0.2-ea"
codigofuente-storage5-1            | 10.81.234.2 - - [03/Apr/2023:19:44:39 +0000] "POST /upload.php?file=abekeys/24e5293f64094a882c04393eb5b515f491a981e2&tokenuser=7eada11a812eff429cb203bdaa5ac4ac9ff6bc52b7c850a7b0717782ce926530 HTTP/1.1" 200 228 "-" "Java/18.0.2-ea"
codigofuente-storage5-1            | 10.81.234.2 - - [03/Apr/2023:19:44:39 +0000] "POST /upload.php?file=abekeys/b0cdc065ad5598beb94b9a33a8549937eca65414&tokenuser=7eada11a812eff429cb203bdaa5ac4ac9ff6bc52b7c850a7b0717782ce926530 HTTP/1.1" 200 228 "-" "Java/18.0.2-ea"
codigofuente-storage5-1            | 10.81.234.2 - - [03/Apr/2023:19:44:39 +0000] "POST /upload.php?file=c/b0cdc065ad5598beb94b9a33a8549937eca65414&operationId=642b2ca79e7b60.28251315&tokenuser=7eada11a812eff429cb203bdaa5ac4ac9ff6bc52b7c850a7b0717782ce926530 HTTP/1.1" 200 299 "-" "Java/18.0.2-ea"
codigofuente-storage5-1            | 10.81.234.2 - - [03/Apr/2023:19:44:39 +0000] "POST /upload.php?file=abekeys/0a779d0103302b8796e06d22588d4ef44e89c564&tokenuser=7eada11a812eff429cb203bdaa5ac4ac9ff6bc52b7c850a7b0717782ce926530 HTTP/1.1" 200 228 "-" "Java/18.0.2-ea"
codigofuente-storage5-1            | 10.81.234.2 - - [03/Apr/2023:19:44:39 +0000] "POST /upload.php?file=abekeys/94627e025a6237dd70e40ed825264b8106be6d99&tokenuser=7eada11a812eff429cb203bdaa5ac4ac9ff6bc52b7c850a7b0717782ce926530 HTTP/1.1" 200 228 "-" "Java/18.0.2-ea"
codigofuente-metadata-1            | 10.81.234.2 - - [03/Apr/2023:19:44:33 +0000] "GET //push_insert.php?tokenuser=7eada11a812eff429cb203bdaa5ac4ac9ff6bc52b7c850a7b0717782ce926530&keyresource=3a7af1940b306dfb718c967187b7ecc8d68ac1149438356ce64a24c03bba88e5&keyfile=f8f7444c63e7e1e952dcb1e9e2351d423050a9a2 HTTP/1.1" 200 265 "-" "Java/18.0.2-ea"
codigofuente-metadata-1            | 10.81.234.2 - - [03/Apr/2023:19:44:33 +0000] "GET //push_insert.php?tokenuser=7eada11a812eff429cb203bdaa5ac4ac9ff6bc52b7c850a7b0717782ce926530&keyresource=3a7af1940b306dfb718c967187b7ecc8d68ac1149438356ce64a24c03bba88e5&keyfile=eb407cebe26160c06fe7267a51d5665cb289750f HTTP/1.1" 200 265 "-" "Java/18.0.2-ea"
codigofuente-metadata-1            | 10.81.234.2 - - [03/Apr/2023:19:44:33 +0000] "GET //getCert.php?tokenuser=7eada11a812eff429cb203bdaa5ac4ac9ff6bc52b7c850a7b0717782ce926530&keyuser=bob HTTP/1.1" 200 310 "-" "Java/18.0.2-ea"
codigofuente-metadata-1            | 10.81.234.2 - - [03/Apr/2023:19:44:33 +0000] "GET /pubcerts/bob.cer HTTP/1.1" 200 1199 "-" "Java/18.0.2-ea"
codigofuente-metadata-1            | 10.81.234.2 - - [03/Apr/2023:19:44:33 +0000] "GET /pubcerts/bob.cer HTTP/1.1" 200 1199 "-" "Java/18.0.2-ea"
codigofuente-metadata-1            | 10.81.234.2 - - [03/Apr/2023:19:44:33 +0000] "GET //stats_d.php?tokenuser=7eada11a812eff429cb203bdaa5ac4ac9ff6bc52b7c850a7b0717782ce926530&sizefile=787240&chunks=1&keyfile=f8f7444c63e7e1e952dcb1e9e2351d423050a9a2&organization=TESTORG&SYNC=21&UPLOAD_PRIVATE_KEY=1&CRYPT_KEY_GENERATION=1&CRYPT_READ=0&CRYPT_CIPHER=0&CRYPT_WRITE=0&CRYPT_SIGN=10&CRYPT_CPABE-CRYPT=52&CRYPT_ADD_PACKAGE=0&TAR_AND_CIPHER=99&UPLOAD_TIME=14&DELIVERY=113&PUBLISH_IN_CATALOG=16&UPLOAD_COMPLETED=207 HTTP/1.1" 200 265 "-" "Java/18.0.2-ea"
